
 Start         Length     Name                   Class
 0001:00401000 000BD1FCH .text                   CODE
 0002:004BF000 00000D1CH .itext                  ICODE
 0003:004C0000 00003408H .data                   DATA
 0004:004C4000 00005288H .bss                    BSS
 0005:00000000 0000003CH .tls                    TLS
 000A:00000000 00000000H .xdata                  PDATA


Detailed map of segments

 0001:00000000 00009320 C=CODE     S=.text    G=(none)   M=System   ACBP=A9
 0001:00009320 00000110 C=CODE     S=.text    G=(none)   M=SysInit  ACBP=A9
 0001:00009430 000003FC C=CODE     S=.text    G=(none)   M=Types    ACBP=A9
 0001:0000982C 000019F0 C=CODE     S=.text    G=(none)   M=Windows  ACBP=A9
 0001:0000B21C 00000240 C=CODE     S=.text    G=(none)   M=Messages ACBP=A9
 0001:0000B45C 00000348 C=CODE     S=.text    G=(none)   M=SysConst ACBP=A9
 0001:0000B7A4 000001B8 C=CODE     S=.text    G=(none)   M=RTLConsts ACBP=A9
 0001:0000B95C 00009118 C=CODE     S=.text    G=(none)   M=Character ACBP=A9
 0001:00014A74 0000041C C=CODE     S=.text    G=(none)   M=ExcUtils ACBP=A9
 0001:00014E90 0000D894 C=CODE     S=.text    G=(none)   M=SysUtils ACBP=A9
 0001:00022724 00000174 C=CODE     S=.text    G=(none)   M=ActiveX  ACBP=A9
 0001:00022898 00000800 C=CODE     S=.text    G=(none)   M=VarUtils ACBP=A9
 0001:00023098 00008298 C=CODE     S=.text    G=(none)   M=Variants ACBP=A9
 0001:0002B330 00001760 C=CODE     S=.text    G=(none)   M=TypInfo  ACBP=A9
 0001:0002CA90 0001A034 C=CODE     S=.text    G=(none)   M=Classes  ACBP=A9
 0001:00046AC4 000002B0 C=CODE     S=.text    G=(none)   M=TimeSpan ACBP=A9
 0001:00046D74 0000152C C=CODE     S=.text    G=(none)   M=SyncObjs ACBP=A9
 0001:000482A0 000000FC C=CODE     S=.text    G=(none)   M=IOUtils  ACBP=A9
 0001:0004839C 00000080 C=CODE     S=.text    G=(none)   M=IniFiles ACBP=A9
 0001:0004841C 00002F24 C=CODE     S=.text    G=(none)   M=Registry ACBP=A9
 0001:0004B340 00000268 C=CODE     S=.text    G=(none)   M=Consts   ACBP=A9
 0001:0004B5A8 0000D8AC C=CODE     S=.text    G=(none)   M=Graphics ACBP=A9
 0001:00058E54 00000390 C=CODE     S=.text    G=(none)   M=Contnrs  ACBP=A9
 0001:000591E4 00000118 C=CODE     S=.text    G=(none)   M=CommCtrl ACBP=A9
 0001:000592FC 00000D58 C=CODE     S=.text    G=(none)   M=UxTheme  ACBP=A9
 0001:0005A054 00000044 C=CODE     S=.text    G=(none)   M=MultiMon ACBP=A9
 0001:0005A098 00002360 C=CODE     S=.text    G=(none)   M=ActnList ACBP=A9
 0001:0005C3F8 00000064 C=CODE     S=.text    G=(none)   M=Dwmapi   ACBP=A9
 0001:0005C45C 0001F764 C=CODE     S=.text    G=(none)   M=Controls ACBP=A9
 0001:0007BBC0 00005850 C=CODE     S=.text    G=(none)   M=Themes   ACBP=A9
 0001:00081410 0000398C C=CODE     S=.text    G=(none)   M=ImgList  ACBP=A9
 0001:00084D9C 00009B94 C=CODE     S=.text    G=(none)   M=Menus    ACBP=A9
 0001:0008E930 00002068 C=CODE     S=.text    G=(none)   M=HelpIntfs ACBP=A9
 0001:00090998 00000388 C=CODE     S=.text    G=(none)   M=FlatSB   ACBP=A9
 0001:00090D20 00000028 C=CODE     S=.text    G=(none)   M=WinSpool ACBP=A9
 0001:00090D48 00001DEC C=CODE     S=.text    G=(none)   M=Printers ACBP=A9
 0001:00092B34 00007A24 C=CODE     S=.text    G=(none)   M=StdCtrls ACBP=A9
 0001:0009A558 0000178C C=CODE     S=.text    G=(none)   M=GraphUtil ACBP=A9
 0001:0009BCE4 000003F8 C=CODE     S=.text    G=(none)   M=ExtCtrls ACBP=A9
 0001:0009C0DC 00000384 C=CODE     S=.text    G=(none)   M=ComCtrls ACBP=A9
 0001:0009C460 000009EC C=CODE     S=.text    G=(none)   M=Dialogs  ACBP=A9
 0001:0009CE4C 00000014 C=CODE     S=.text    G=(none)   M=Clipbrd  ACBP=A9
 0001:0009CE60 0000018C C=CODE     S=.text    G=(none)   M=StdActns ACBP=A9
 0001:0009CFEC 00015574 C=CODE     S=.text    G=(none)   M=Forms    ACBP=A9
 0001:000B2560 000004A0 C=CODE     S=.text    G=(none)   M=DCPbase64 ACBP=A9
 0001:000B2A00 000021A4 C=CODE     S=.text    G=(none)   M=DCPcrypt2 ACBP=A9
 0001:000B4BA4 000014B0 C=CODE     S=.text    G=(none)   M=DCPblockciphers ACBP=A9
 0001:000B6054 000013FC C=CODE     S=.text    G=(none)   M=DCPdes   ACBP=A9
 0001:000B7450 00000008 C=CODE     S=.text    G=(none)   M=DCPice   ACBP=A9
 0001:000B7458 00000008 C=CODE     S=.text    G=(none)   M=DCPtwofish ACBP=A9
 0001:000B7460 00000C94 C=CODE     S=.text    G=(none)   M=Unit1    ACBP=A9
 0001:000B80F4 00005108 C=CODE     S=.text    G=(none)   M=Project1 ACBP=A9
 0002:00000000 000000AC C=ICODE    S=.itext   G=(none)   M=System   ACBP=A9
 0002:000000AC 00000018 C=ICODE    S=.itext   G=(none)   M=Windows  ACBP=A9
 0002:000000C4 00000020 C=ICODE    S=.itext   G=(none)   M=ExcUtils ACBP=A9
 0002:000000E4 000000C4 C=ICODE    S=.itext   G=(none)   M=SysUtils ACBP=A9
 0002:000001A8 00000010 C=ICODE    S=.itext   G=(none)   M=VarUtils ACBP=A9
 0002:000001B8 000000AC C=ICODE    S=.itext   G=(none)   M=Variants ACBP=A9
 0002:00000264 00000008 C=ICODE    S=.itext   G=(none)   M=TypInfo  ACBP=A9
 0002:0000026C 000000AC C=ICODE    S=.itext   G=(none)   M=Classes  ACBP=A9
 0002:00000318 00000034 C=ICODE    S=.itext   G=(none)   M=TimeSpan ACBP=A9
 0002:0000034C 00000010 C=ICODE    S=.itext   G=(none)   M=SyncObjs ACBP=A9
 0002:0000035C 00000460 C=ICODE    S=.itext   G=(none)   M=IOUtils  ACBP=A9
 0002:000007BC 00000008 C=ICODE    S=.itext   G=(none)   M=IniFiles ACBP=A9
 0002:000007C4 00000008 C=ICODE    S=.itext   G=(none)   M=Registry ACBP=A9
 0002:000007CC 000000FC C=ICODE    S=.itext   G=(none)   M=Graphics ACBP=A9
 0002:000008C8 0000001C C=ICODE    S=.itext   G=(none)   M=UxTheme  ACBP=A9
 0002:000008E4 0000002C C=ICODE    S=.itext   G=(none)   M=ActnList ACBP=A9
 0002:00000910 00000088 C=ICODE    S=.itext   G=(none)   M=Controls ACBP=A9
 0002:00000998 00000008 C=ICODE    S=.itext   G=(none)   M=Themes   ACBP=A9
 0002:000009A0 00000088 C=ICODE    S=.itext   G=(none)   M=Menus    ACBP=A9
 0002:00000A28 00000008 C=ICODE    S=.itext   G=(none)   M=HelpIntfs ACBP=A9
 0002:00000A30 00000010 C=ICODE    S=.itext   G=(none)   M=FlatSB   ACBP=A9
 0002:00000A40 00000008 C=ICODE    S=.itext   G=(none)   M=Printers ACBP=A9
 0002:00000A48 00000088 C=ICODE    S=.itext   G=(none)   M=GraphUtil ACBP=A9
 0002:00000AD0 00000054 C=ICODE    S=.itext   G=(none)   M=ExtCtrls ACBP=A9
 0002:00000B24 0000003C C=ICODE    S=.itext   G=(none)   M=ComCtrls ACBP=A9
 0002:00000B60 00000040 C=ICODE    S=.itext   G=(none)   M=Dialogs  ACBP=A9
 0002:00000BA0 00000078 C=ICODE    S=.itext   G=(none)   M=Clipbrd  ACBP=A9
 0002:00000C18 0000005C C=ICODE    S=.itext   G=(none)   M=Forms    ACBP=A9
 0002:00000C74 00000018 C=ICODE    S=.itext   G=(none)   M=DCPice   ACBP=A9
 0002:00000C8C 00000018 C=ICODE    S=.itext   G=(none)   M=DCPtwofish ACBP=A9
 0002:00000CA4 00000078 C=ICODE    S=.itext   G=(none)   M=Project1 ACBP=A9
 0003:00000000 000009F4 C=DATA     S=.data    G=DGROUP   M=System   ACBP=A9
 0003:000009F4 00000024 C=DATA     S=.data    G=DGROUP   M=SysInit  ACBP=A9
 0003:00000A18 0000000C C=DATA     S=.data    G=DGROUP   M=Windows  ACBP=A9
 0003:00000A24 00000100 C=DATA     S=.data    G=DGROUP   M=Character ACBP=A9
 0003:00000B24 00000118 C=DATA     S=.data    G=DGROUP   M=ExcUtils ACBP=A9
 0003:00000C3C 000001E4 C=DATA     S=.data    G=DGROUP   M=SysUtils ACBP=A9
 0003:00000E20 00000008 C=DATA     S=.data    G=DGROUP   M=VarUtils ACBP=A9
 0003:00000E28 00000144 C=DATA     S=.data    G=DGROUP   M=Variants ACBP=A9
 0003:00000F6C 0000000C C=DATA     S=.data    G=DGROUP   M=TypInfo  ACBP=A9
 0003:00000F78 000000A8 C=DATA     S=.data    G=DGROUP   M=Classes  ACBP=A9
 0003:00001020 00000010 C=DATA     S=.data    G=DGROUP   M=IOUtils  ACBP=A9
 0003:00001030 0000000C C=DATA     S=.data    G=DGROUP   M=IniFiles ACBP=A9
 0003:0000103C 00000024 C=DATA     S=.data    G=DGROUP   M=Registry ACBP=A9
 0003:00001060 000003C4 C=DATA     S=.data    G=DGROUP   M=Graphics ACBP=A9
 0003:00001424 000001B8 C=DATA     S=.data    G=DGROUP   M=Controls ACBP=A9
 0003:000015DC 00000068 C=DATA     S=.data    G=DGROUP   M=Themes   ACBP=A9
 0003:00001644 00000050 C=DATA     S=.data    G=DGROUP   M=ImgList  ACBP=A9
 0003:00001694 00000140 C=DATA     S=.data    G=DGROUP   M=Menus    ACBP=A9
 0003:000017D4 0000000C C=DATA     S=.data    G=DGROUP   M=Printers ACBP=A9
 0003:000017E0 000000C0 C=DATA     S=.data    G=DGROUP   M=StdCtrls ACBP=A9
 0003:000018A0 00000450 C=DATA     S=.data    G=DGROUP   M=GraphUtil ACBP=A9
 0003:00001CF0 00000010 C=DATA     S=.data    G=DGROUP   M=ComCtrls ACBP=A9
 0003:00001D00 0000007C C=DATA     S=.data    G=DGROUP   M=Dialogs  ACBP=A9
 0003:00001D7C 00000144 C=DATA     S=.data    G=DGROUP   M=Forms    ACBP=A9
 0003:00001EC0 00000040 C=DATA     S=.data    G=DGROUP   M=DCPbase64 ACBP=A9
 0003:00001F00 00001038 C=DATA     S=.data    G=DGROUP   M=DCPdes   ACBP=A9
 0004:00000000 00002C30 C=BSS      S=.bss     G=DGROUP   M=System   ACBP=A9
 0004:00002C30 0000000C C=BSS      S=.bss     G=DGROUP   M=SysInit  ACBP=A9
 0004:00002C3C 00000008 C=BSS      S=.bss     G=DGROUP   M=Windows  ACBP=A9
 0004:00002C44 0000001C C=BSS      S=.bss     G=DGROUP   M=Character ACBP=A9
 0004:00002C60 00000004 C=BSS      S=.bss     G=DGROUP   M=ExcUtils ACBP=A9
 0004:00002C64 00002250 C=BSS      S=.bss     G=DGROUP   M=SysUtils ACBP=A9
 0004:00004EB4 0000005C C=BSS      S=.bss     G=DGROUP   M=VarUtils ACBP=A9
 0004:00004F10 00000040 C=BSS      S=.bss     G=DGROUP   M=Variants ACBP=A9
 0004:00004F50 00000004 C=BSS      S=.bss     G=DGROUP   M=TypInfo  ACBP=A9
 0004:00004F54 00000038 C=BSS      S=.bss     G=DGROUP   M=Classes  ACBP=A9
 0004:00004F8C 00000014 C=BSS      S=.bss     G=DGROUP   M=TimeSpan ACBP=A9
 0004:00004FA0 00000018 C=BSS      S=.bss     G=DGROUP   M=SyncObjs ACBP=A9
 0004:00004FB8 00000024 C=BSS      S=.bss     G=DGROUP   M=IOUtils  ACBP=A9
 0004:00004FDC 00000004 C=BSS      S=.bss     G=DGROUP   M=IniFiles ACBP=A9
 0004:00004FE0 00000004 C=BSS      S=.bss     G=DGROUP   M=Registry ACBP=A9
 0004:00004FE4 00000064 C=BSS      S=.bss     G=DGROUP   M=Graphics ACBP=A9
 0004:00005048 000000CC C=BSS      S=.bss     G=DGROUP   M=UxTheme  ACBP=A9
 0004:00005114 00000004 C=BSS      S=.bss     G=DGROUP   M=ActnList ACBP=A9
 0004:00005118 00000090 C=BSS      S=.bss     G=DGROUP   M=Controls ACBP=A9
 0004:000051A8 0000000C C=BSS      S=.bss     G=DGROUP   M=Themes   ACBP=A9
 0004:000051B4 00000008 C=BSS      S=.bss     G=DGROUP   M=ImgList  ACBP=A9
 0004:000051BC 00000010 C=BSS      S=.bss     G=DGROUP   M=Menus    ACBP=A9
 0004:000051CC 00000008 C=BSS      S=.bss     G=DGROUP   M=HelpIntfs ACBP=A9
 0004:000051D4 00000034 C=BSS      S=.bss     G=DGROUP   M=FlatSB   ACBP=A9
 0004:00005208 00000004 C=BSS      S=.bss     G=DGROUP   M=Printers ACBP=A9
 0004:0000520C 00000010 C=BSS      S=.bss     G=DGROUP   M=GraphUtil ACBP=A9
 0004:0000521C 00000008 C=BSS      S=.bss     G=DGROUP   M=ExtCtrls ACBP=A9
 0004:00005224 00000010 C=BSS      S=.bss     G=DGROUP   M=ComCtrls ACBP=A9
 0004:00005234 0000000C C=BSS      S=.bss     G=DGROUP   M=Dialogs  ACBP=A9
 0004:00005240 0000000C C=BSS      S=.bss     G=DGROUP   M=Clipbrd  ACBP=A9
 0004:0000524C 00000028 C=BSS      S=.bss     G=DGROUP   M=Forms    ACBP=A9
 0004:00005274 00000008 C=BSS      S=.bss     G=DGROUP   M=DCPice   ACBP=A9
 0004:0000527C 00000008 C=BSS      S=.bss     G=DGROUP   M=DCPtwofish ACBP=A9
 0004:00005284 00000004 C=BSS      S=.bss     G=DGROUP   M=Unit1    ACBP=A9
 0005:00000000 00000008 C=TLS      S=.tls     G=(none)   M=System   ACBP=A9
 0005:00000008 0000000C C=TLS      S=.tls     G=(none)   M=Classes  ACBP=A9
 0005:00000014 00000004 C=TLS      S=.tls     G=(none)   M=SyncObjs ACBP=A9
 0005:00000018 00000024 C=TLS      S=.tls     G=(none)   M=GraphUtil ACBP=A9


  Address             Publics by Name

 0001:00022888       ActiveX.OleInitialize
 0001:00022890       ActiveX.OleUninitialize
 0004:00005114       ActnList..9
 0001:0005B280       ActnList..TActionLink
 0001:0005A3A0       ActnList..TActionListEnumerator
 0001:0005A098       ActnList..TContainedAction
 0001:0005AC4C       ActnList..TCustomAction
 0001:0005A610       ActnList..TCustomActionList
 0001:0005AA24       ActnList..TShortCutList
 0002:000008E4       ActnList.ActnList
 0001:0005C3F0       ActnList.Finalization
 0001:0005BA38       ActnList.TActionLink.IsCaptionLinked
 0001:0005BA4C       ActnList.TActionLink.IsCheckedLinked
 0001:0005BA60       ActnList.TActionLink.IsEnabledLinked
 0001:0005BA74       ActnList.TActionLink.IsGroupIndexLinked
 0001:0005BA88       ActnList.TActionLink.IsHelpContextLinked
 0001:0005BA9C       ActnList.TActionLink.IsHelpLinked
 0001:0005BAB0       ActnList.TActionLink.IsHintLinked
 0001:0005BAC4       ActnList.TActionLink.IsImageIndexLinked
 0001:0005BAD8       ActnList.TActionLink.IsShortCutLinked
 0001:0005BAEC       ActnList.TActionLink.IsVisibleLinked
 0001:0005BB00       ActnList.TActionLink.SetAutoCheck
 0001:0005BB04       ActnList.TActionLink.SetCaption
 0001:0005BB08       ActnList.TActionLink.SetChecked
 0001:0005BB0C       ActnList.TActionLink.SetEnabled
 0001:0005BB10       ActnList.TActionLink.SetGroupIndex
 0001:0005BB14       ActnList.TActionLink.SetHelpContext
 0001:0005BB18       ActnList.TActionLink.SetHelpKeyword
 0001:0005BB1C       ActnList.TActionLink.SetHelpType
 0001:0005BB20       ActnList.TActionLink.SetHint
 0001:0005BB24       ActnList.TActionLink.SetImageIndex
 0001:0005BB28       ActnList.TActionLink.SetShortCut
 0001:0005BB2C       ActnList.TActionLink.SetVisible
 0001:0005B59C       ActnList.TActionListEnumerator.Create
 0001:0005B5E0       ActnList.TActionListEnumerator.GetCurrent
 0001:0005B5EC       ActnList.TActionListEnumerator.MoveNext
 0001:0005B388       ActnList.TContainedAction.Destroy
 0001:0005B4F4       ActnList.TContainedAction.Execute
 0001:0005B3BC       ActnList.TContainedAction.GetIndex
 0001:0005B3D8       ActnList.TContainedAction.GetParentComponent
 0001:0005B3E8       ActnList.TContainedAction.HasParent
 0001:0005B3D4       ActnList.TContainedAction.IsCategoryStored
 0001:0005B3F8       ActnList.TContainedAction.ReadState
 0001:0005B4A0       ActnList.TContainedAction.SetActionList
 0001:0005B474       ActnList.TContainedAction.SetCategory
 0001:0005B42C       ActnList.TContainedAction.SetIndex
 0001:0005B4C8       ActnList.TContainedAction.SetParentComponent
 0001:0005B54C       ActnList.TContainedAction.Update
 0001:0005BBDC       ActnList.TCustomAction.AssignTo
 0001:0005BB30       ActnList.TCustomAction.Create
 0001:0005BB84       ActnList.TCustomAction.Destroy
 0001:0005C268       ActnList.TCustomAction.DoHint
 0001:0005C290       ActnList.TCustomAction.Execute
 0001:0005C2F4       ActnList.TCustomAction.GetSecondaryShortCuts
 0001:0005C374       ActnList.TCustomAction.HandleShortCut
 0001:0005C350       ActnList.TCustomAction.IsSecondaryShortCutsStored
 0001:0005BCE8       ActnList.TCustomAction.SetAutoCheck
 0001:0005BD48       ActnList.TCustomAction.SetCaption
 0001:0005BDA8       ActnList.TCustomAction.SetChecked
 0001:0005BEB0       ActnList.TCustomAction.SetEnabled
 0001:0005BF2C       ActnList.TCustomAction.SetGroupIndex
 0001:0005C044       ActnList.TCustomAction.SetHelpContext
 0001:0005BFDC       ActnList.TCustomAction.SetHelpKeyword
 0001:0005BF84       ActnList.TCustomAction.SetHelpType
 0001:0005C09C       ActnList.TCustomAction.SetHint
 0001:0005C0FC       ActnList.TCustomAction.SetImageIndex
 0001:0005C21C       ActnList.TCustomAction.SetName
 0001:0005C31C       ActnList.TCustomAction.SetSecondaryShortCuts
 0001:0005C158       ActnList.TCustomAction.SetShortCut
 0001:0005C1BC       ActnList.TCustomAction.SetVisible
 0001:0005B800       ActnList.TCustomActionList.AddAction
 0001:0005B848       ActnList.TCustomActionList.Change
 0001:0005B608       ActnList.TCustomActionList.Create
 0001:0005B674       ActnList.TCustomActionList.Destroy
 0001:0005B954       ActnList.TCustomActionList.ExecuteAction
 0001:0005B744       ActnList.TCustomActionList.GetAction
 0001:0005B758       ActnList.TCustomActionList.GetActionCount
 0001:0005B6CC       ActnList.TCustomActionList.GetChildren
 0001:0005B760       ActnList.TCustomActionList.GetEnumerator
 0001:0005B7A4       ActnList.TCustomActionList.ImageListChange
 0001:0005B8B0       ActnList.TCustomActionList.IsShortCut
 0001:0005B7B0       ActnList.TCustomActionList.Notification
 0001:0005B820       ActnList.TCustomActionList.RemoveAction
 0001:0005B714       ActnList.TCustomActionList.SetChildOrder
 0001:0005B770       ActnList.TCustomActionList.SetImages
 0001:0005B994       ActnList.TCustomActionList.SetState
 0001:0005B974       ActnList.TCustomActionList.UpdateAction
 0001:0005C380       ActnList.TShortCutList.Add
 0001:0005C3AC       ActnList.TShortCutList.IndexOfShortCut
 0001:0000BAE4       Character.bin_data
 0004:00002C50       Character.CategoryTable
 0004:00002C48       Character.CatIndexPrimary
 0004:00002C4C       Character.CatIndexSecondary
 0004:00002C44       Character.DataTable
 0003:00000A24       Character.Latin1Categories
 0004:00002C5C       Character.NumericValueTable
 0004:00002C54       Character.NumIndexPrimary
 0004:00002C58       Character.NumIndexSecondary
 0001:0000B95C       Character.TCharacter.CheckLetter
 0001:0000B968       Character.TCharacter.CheckLetterOrDigit
 0001:0000BA84       Character.TCharacter.GetUnicodeCategory
 0001:00014A20       Character.TCharacter.Initialize
 0001:0000BA78       Character.TCharacter.IsAscii
 0001:0000B978       Character.TCharacter.IsLatin1
 0001:0000B984       Character.TCharacter.IsLetter
 0001:0000BA10       Character.TCharacter.IsLetterOrDigit
 0004:00004F68       Classes..96
 0001:0002D3C4       Classes..EBitsError
 0001:0002D15C       Classes..EClassNotFound
 0001:0002D4FC       Classes..EComponentError
 0001:0002CE64       Classes..EFCreateError
 0001:0002CF98       Classes..EFilerError
 0001:0002CD68       Classes..EFileStreamError
 0001:0002CF00       Classes..EFOpenError
 0001:0002D1F8       Classes..EInvalidImage
 0001:0002D63C       Classes..EInvalidOperation
 0001:0002D330       Classes..EListError
 0001:0002D59C       Classes..EOutOfResources
 0001:0002D030       Classes..EReadError
 0001:0002D294       Classes..EResNotFound
 0001:0002CCCC       Classes..EStreamError
 0001:0002D458       Classes..EStringListError
 0001:00034840       Classes..EThread
 0001:000348D0       Classes..EThreadExternalException
 0001:0002D0C4       Classes..EWriteError
 0001:00043B28       Classes..TAnonymousThread
 0001:000363C4       Classes..TBasicAction
 0001:000361A8       Classes..TBasicActionLink
 0001:0002E3E4       Classes..TBits
 0001:000320AC       Classes..TClassFinder
 0001:0002EC6C       Classes..TCollection
 0001:0002EAC8       Classes..TCollectionEnumerator
 0001:0002E85C       Classes..TCollectionItem
 0001:00035860       Classes..TComponent
 0001:000456F8       Classes..TComponent.FindComponent$1217$ActRec
 0001:00035400       Classes..TComponentEnumerator
 0001:000312EC       Classes..TCustomMemoryStream
 0001:00043A54       Classes..TExternalThread
 0001:000324C8       Classes..TFiler
 0001:00031108       Classes..TFileStream
 0001:00030EF0       Classes..THandleStream
 0001:000382DC       Classes..TIntConst
 0001:0002E6E8       Classes..TInterfacedPersistent
 0001:0002DA18       Classes..TList
 0001:00039284       Classes..TList.Sort$594$ActRec
 0001:0002D844       Classes..TListEnumerator
 0001:00031534       Classes..TMemoryStream
 0001:0002E51C       Classes..TPersistent
 0001:0003DA6C       Classes..TPropFixup
 0001:0003DC98       Classes..TPropIntfFixup
 0001:00032EE0       Classes..TReader
 0001:000369BC       Classes..TRegGroup
 0001:00036E1C       Classes..TRegGroups
 0001:0003177C       Classes..TResourceStream
 0001:000308AC       Classes..TStream
 0001:00031B00       Classes..TStreamAdapter
 0001:000301F4       Classes..TStringList
 0001:0002F36C       Classes..TStrings
 0001:0002F1C4       Classes..TStringsEnumerator
 0001:00034AE8       Classes..TThread
 0001:0002E12C       Classes..TThreadList
 0001:00033DE8       Classes..TWriter
 0001:00038268       Classes.ActivateClassGroup
 0003:00000F78       Classes.AddDataModule
 0001:0003DFC4       Classes.AddFinished
 0001:0003DFFC       Classes.AddNotFinished
 0001:0003EC24       Classes.AddSubComponentsToLoaded
 0001:00046868       Classes.AllocateHWnd
 0001:00042190       Classes.AncestorIsValid
 0003:00000F88       Classes.ApplicationHandleException
 0003:00000F90       Classes.ApplicationShowException
 0001:00038744       Classes.BeginGlobalLoading
 0003:00000FF4       Classes.BlockCode
 0001:00036964       Classes.Bounds
 0001:000466C8       Classes.CalcJmpOffset
 0001:0003EC60       Classes.CheckSubComponents
 0001:00043DD8       Classes.CheckSynchronize
 0002:00000288       Classes.Classes
 0001:00037FAC       Classes.ClassNotFound
 0001:0004677C       Classes.CleanupInstFreeList
 0001:000389E4       Classes.CollectionsEqual
 0001:0003ED40       Classes.ComponentCreated
 0001:00040C30       Classes.CopyBinary
 0001:00040BA0       Classes.CopyBytes
 0001:00040B54       Classes.CopyList
 0001:00040ACC       Classes.CopySetBody
 0001:0003EDC0       Classes.CreateComponent
 0003:00000F98       Classes.CreateVCLComObjectProc
 0001:0004691C       Classes.DeallocateHWnd
 0001:00043D0C       Classes.DoneThreadSynchronization
 0001:0003AA88       Classes.DoWrite
 0003:00000FAC       Classes.Dummy32bitResHeader
 0001:00046944       Classes.EFileStreamError.Create
 0001:000387CC       Classes.EndGlobalLoading
 0001:0003D8A4       Classes.Error
 0001:00037A50       Classes.Error
 0004:00004F80       Classes.ExternalThreads
 0003:00000FA8       Classes.FilerSignature
 0001:000469F4       Classes.Finalization
 0001:00041880       Classes.FindAncestor
 0001:00038084       Classes.FindClass
 0001:0003EF70       Classes.FindExistingComponent
 0001:0003865C       Classes.FindGlobalComponent
 0004:00004F74       Classes.FindGlobalComponentProcs
 0001:00038504       Classes.FindIdentToInt
 0001:00038488       Classes.FindIntToIdent
 0001:00042604       Classes.FindMethodName
 0001:0003DECC       Classes.FindNestedComponent
 0001:0003FFBC       Classes.FindUniqueName
 0001:00043D24       Classes.FreeExternalThreads
 0001:00046630       Classes.FreeIntConstList
 0001:00046768       Classes.FreeObjectInstance
 0001:00038018       Classes.GetClass
 0001:00042CF8       Classes.GetComponentValue
 0001:00039D3C       Classes.GetDesigner
 0001:00037FA0       Classes.GetFieldClassTable
 0001:000467B8       Classes.GetFreeInstBlockItemCount
 0004:00004F78       Classes.GlobalFixupList
 0001:0003E044       Classes.GlobalFixupReferences
 0005:00000010       Classes.GlobalLists
 0005:0000000C       Classes.GlobalLoaded
 0004:00004F5C       Classes.GlobalNameSpace
 0001:000381FC       Classes.GroupDescendentsWith
 0001:0003F75C       Classes.HandleException
 0001:00038580       Classes.IdentToInt
 0001:00038828       Classes.InitComponent
 0001:000388B4       Classes.InitInheritedComponent
 0001:00043CD0       Classes.InitThreadSynchronization
 0004:00004F84       Classes.InstBlockList
 0004:00004F88       Classes.InstFreeList
 0004:00004F6C       Classes.IntConstList
 0001:000369A0       Classes.InterlockedCompareExchangePointer
 0001:000369A8       Classes.InterlockedExchange
 0001:000369B4       Classes.InterlockedExchangePointer
 0001:000386C0       Classes.InternalReadComponentRes
 0001:000385C0       Classes.IntToIdent
 0001:0003698C       Classes.InvalidPoint
 0001:00042384       Classes.IsDefault
 0001:00042200       Classes.IsDefaultFloatProp
 0001:0004225C       Classes.IsDefaultInt64Prop
 0001:00042528       Classes.IsDefaultInterfaceProp
 0001:0004265C       Classes.IsDefaultMethodProp
 0001:000423DC       Classes.IsDefaultObjectProp
 0001:000421A8       Classes.IsDefaultOrdProp
 0001:00042794       Classes.IsDefaultPropertyValue
 0001:000422B4       Classes.IsDefaultStrProp
 0001:0004245C       Classes.IsDefaultValue
 0001:000426FC       Classes.IsDefaultVariantProp
 0001:0003869C       Classes.IsUniqueGlobalComponentName
 0004:00004F60       Classes.IsUniqueGlobalComponentNameProc
 0001:000466D0       Classes.MakeObjectInstance
 0001:0003998C       Classes.Min
 0001:000466A0       Classes.ModuleUnload
 0003:00000FCC       Classes.NilMethod
 0001:00039DDC       Classes.NotifyDesigner
 0001:0003879C       Classes.NotifyGlobalLoading
 0001:00042344       Classes.ObjectAncestorMatch
 0001:00042CE0       Classes.OwnedBy
 0003:00000FD8       Classes.Priorities
 0001:0003E36C       Classes.PropertyNotFound
 0001:0003F82C       Classes.PropPathError
 0001:0003E360       Classes.PropValueError
 0001:00039108       Classes.QuickSort
 0001:0003CA34       Classes.RaiseException
 0001:00041118       Classes.ReadCustomVariant
 0001:0003E348       Classes.ReadError
 0001:0003ED60       Classes.Recover
 0001:00036948       Classes.Rect
 0004:00004F70       Classes.RegGroups
 0001:000380A4       Classes.RegisterClass
 0001:00038604       Classes.RegisterFindGlobalComponentProc
 0001:0003845C       Classes.RegisterIntegerConsts
 0001:000467E8       Classes.ReleaseObjectInstanceBlocks
 0003:00000F80       Classes.RemoveDataModule
 0001:0003E214       Classes.RemoveFixupReferences
 0001:0003E2C0       Classes.RemoveFixups
 0001:0003E6B0       Classes.RemoveGlobalFixup
 0001:00043DA4       Classes.ResetSyncEvent
 0001:0003EED0       Classes.SetCompName
 0001:0003E398       Classes.SetElementValue
 0001:0003FB84       Classes.SetInterfaceReference
 0001:0003FAA0       Classes.SetIntIdent
 0001:0003FAE8       Classes.SetObjectIdent
 0001:0003ECD8       Classes.SetSubComponentState
 0001:0003FB28       Classes.SetVariantReference
 0001:00043DCC       Classes.SignalSyncEvent
 0001:00040888       Classes.SkipBinary
 0001:000408B8       Classes.SkipCollection
 0001:0004085C       Classes.SkipList
 0001:00038194       Classes.StartClassGroup
 0001:000466A8       Classes.StdWndProc
 0001:0003C820       Classes.StringListCompareStrings
 0004:00004F64       Classes.SyncEvent
 0003:00000FD4       Classes.SyncList
 0001:00043C78       Classes.TAnonymousThread.Create
 0001:00043CC4       Classes.TAnonymousThread.Execute
 0001:0004609C       Classes.TBasicAction.Change
 0001:00045F28       Classes.TBasicAction.Create
 0001:00045F6C       Classes.TBasicAction.Destroy
 0001:00046008       Classes.TBasicAction.Execute
 0001:00045FD8       Classes.TBasicAction.ExecuteTarget
 0001:00045FD4       Classes.TBasicAction.HandlesTarget
 0001:00045FDC       Classes.TBasicAction.Notification
 0001:000460B0       Classes.TBasicAction.RegisterChanges
 0001:000460FC       Classes.TBasicAction.SetActionComponent
 0001:00046040       Classes.TBasicAction.SetOnExecute
 0001:000460BC       Classes.TBasicAction.UnRegisterChanges
 0001:00046024       Classes.TBasicAction.Update
 0001:00046004       Classes.TBasicAction.UpdateTarget
 0001:00045E78       Classes.TBasicActionLink.AssignClient
 0001:00045EB0       Classes.TBasicActionLink.Change
 0001:00045E34       Classes.TBasicActionLink.Create
 0001:00045E7C       Classes.TBasicActionLink.Destroy
 0001:00045EC8       Classes.TBasicActionLink.Execute
 0001:00045F10       Classes.TBasicActionLink.IsOnExecuteLinked
 0001:00045EE4       Classes.TBasicActionLink.SetAction
 0001:00045F14       Classes.TBasicActionLink.SetOnExecute
 0001:00045F1C       Classes.TBasicActionLink.Update
 0001:00039944       Classes.TBits.Destroy
 0001:00039974       Classes.TBits.Error
 0001:00039A68       Classes.TBits.OpenBit
 0001:00039A3C       Classes.TBits.SetBit
 0001:00039998       Classes.TBits.SetSize
 0001:00037D0C       Classes.TClassFinder.Create
 0001:00037E4C       Classes.TClassFinder.Destroy
 0001:00037E7C       Classes.TClassFinder.GetClass
 0001:00037F18       Classes.TClassFinder.GetClasses
 0001:0003A10C       Classes.TCollection.Add
 0001:0003A624       Classes.TCollection.Added
 0001:0003A12C       Classes.TCollection.Assign
 0001:0003A1D4       Classes.TCollection.BeginUpdate
 0001:0003A1D8       Classes.TCollection.Changed
 0001:0003A1E8       Classes.TCollection.Clear
 0001:0003A074       Classes.TCollection.Create
 0001:0003A5E8       Classes.TCollection.Delete
 0001:0003A628       Classes.TCollection.Deleting
 0001:0003A0C0       Classes.TCollection.Destroy
 0001:0003A250       Classes.TCollection.EndUpdate
 0001:0003A25C       Classes.TCollection.FindItemID
 0001:0003A290       Classes.TCollection.GetAttr
 0001:0003A28C       Classes.TCollection.GetAttrCount
 0001:0003A2AC       Classes.TCollection.GetCapacity
 0001:0003A2D4       Classes.TCollection.GetCount
 0001:0003A29C       Classes.TCollection.GetEnumerator
 0001:0003A2DC       Classes.TCollection.GetItem
 0001:0003A2B4       Classes.TCollection.GetItemAttr
 0001:0003A2F0       Classes.TCollection.GetNamePath
 0001:0003A3A4       Classes.TCollection.GetPropName
 0001:0003A4F8       Classes.TCollection.Insert
 0001:0003A514       Classes.TCollection.InsertItem
 0001:0003A62C       Classes.TCollection.Notify
 0001:0003A618       Classes.TCollection.Owner
 0001:0003A57C       Classes.TCollection.RemoveItem
 0001:0003A5D0       Classes.TCollection.SetCapacity
 0001:0003A5E0       Classes.TCollection.SetItemName
 0001:0003A5E4       Classes.TCollection.Update
 0001:0003A008       Classes.TCollectionEnumerator.Create
 0001:0003A04C       Classes.TCollectionEnumerator.GetCurrent
 0001:0003A058       Classes.TCollectionEnumerator.MoveNext
 0001:00039EA8       Classes.TCollectionItem.Changed
 0001:00039E40       Classes.TCollectionItem.Create
 0001:00039E78       Classes.TCollectionItem.Destroy
 0001:00039EE4       Classes.TCollectionItem.GetDisplayName
 0001:00039ECC       Classes.TCollectionItem.GetIndex
 0001:00039EF8       Classes.TCollectionItem.GetNamePath
 0001:00039FA4       Classes.TCollectionItem.GetOwner
 0001:00039FA8       Classes.TCollectionItem.SetCollection
 0001:00039FD0       Classes.TCollectionItem.SetDisplayName
 0001:00039FD8       Classes.TCollectionItem.SetIndex
 0001:0004592C       Classes.TComponent.AddSortedComponent
 0001:000450E8       Classes.TComponent.BeforeDestruction
 0001:000459E0       Classes.TComponent.ChangeName
 0001:00045054       Classes.TComponent.Create
 0001:00045494       Classes.TComponent.DefineProperties
 0001:000450A0       Classes.TComponent.Destroy
 0001:00045318       Classes.TComponent.DestroyComponents
 0001:00045384       Classes.TComponent.Destroying
 0001:00045B3C       Classes.TComponent.ExecuteAction
 0001:000457C8       Classes.TComponent.FindComponent
 0001:000457BC       Classes.TComponent.FindComponent$1217$ActRec.$0$Body
 0001:000458B4       Classes.TComponent.FindSortedComponent
 0001:00045134       Classes.TComponent.FreeNotification
 0001:00045C70       Classes.TComponent.FreeOnRelease
 0001:00045538       Classes.TComponent.GetChildOwner
 0001:0004553C       Classes.TComponent.GetChildParent
 0001:00045530       Classes.TComponent.GetChildren
 0001:00045BA0       Classes.TComponent.GetComObject
 0001:00045A34       Classes.TComponent.GetComponent
 0001:00045A60       Classes.TComponent.GetComponentCount
 0001:00045A18       Classes.TComponent.GetComponentIndex
 0001:00045540       Classes.TComponent.GetEnumerator
 0001:00045550       Classes.TComponent.GetNamePath
 0001:00045564       Classes.TComponent.GetOwner
 0001:0004556C       Classes.TComponent.GetParentComponent
 0001:0004552C       Classes.TComponent.HasParent
 0001:000451C8       Classes.TComponent.Insert
 0001:0004527C       Classes.TComponent.InsertComponent
 0001:00045D08       Classes.TComponent.IntfGetComponent
 0001:00045D0C       Classes.TComponent.IsImplementorOf
 0001:0004558C       Classes.TComponent.Loaded
 0001:00045434       Classes.TComponent.Notification
 0001:00045598       Classes.TComponent.PaletteCreated
 0001:00045C88       Classes.TComponent.QueryInterface
 0001:00045188       Classes.TComponent.ReadLeft
 0001:0004559C       Classes.TComponent.ReadState
 0001:0004519C       Classes.TComponent.ReadTop
 0001:00045D8C       Classes.TComponent.ReferenceInterface
 0001:00045204       Classes.TComponent.Remove
 0001:000452E0       Classes.TComponent.RemoveComponent
 0001:00045418       Classes.TComponent.RemoveFreeNotification
 0001:000450F4       Classes.TComponent.RemoveFreeNotifications
 0001:000453C0       Classes.TComponent.RemoveNotification
 0001:00045C58       Classes.TComponent.SafeCallException
 0001:00045568       Classes.TComponent.SetChildOrder
 0001:00045A70       Classes.TComponent.SetComponentIndex
 0001:00045AC4       Classes.TComponent.SetDesigning
 0001:00045950       Classes.TComponent.SetName
 0001:00045570       Classes.TComponent.SetParentComponent
 0001:00045B14       Classes.TComponent.SetReference
 0001:00045B8C       Classes.TComponent.SetSubComponent
 0001:00045B64       Classes.TComponent.UpdateAction
 0001:00045580       Classes.TComponent.Updated
 0001:00045C80       Classes.TComponent.UpdateRegistry
 0001:00045574       Classes.TComponent.Updating
 0001:00045634       Classes.TComponent.ValidateContainer
 0001:00045648       Classes.TComponent.ValidateInsert
 0001:000455AC       Classes.TComponent.ValidateRename
 0001:000451B0       Classes.TComponent.WriteLeft
 0001:000455A4       Classes.TComponent.WriteState
 0001:000451BC       Classes.TComponent.WriteTop
 0001:00045CC8       Classes.TComponent._AddRef
 0001:00045CE8       Classes.TComponent._Release
 0001:00044FE8       Classes.TComponentEnumerator.Create
 0001:0004502C       Classes.TComponentEnumerator.GetCurrent
 0001:00045038       Classes.TComponentEnumerator.MoveNext
 0001:0003D538       Classes.TCustomMemoryStream.Read
 0001:0003D5AC       Classes.TCustomMemoryStream.SaveToFile
 0001:0003D594       Classes.TCustomMemoryStream.SaveToStream
 0001:0003D570       Classes.TCustomMemoryStream.Seek
 0001:0003D530       Classes.TCustomMemoryStream.SetPointer
 0001:00043C38       Classes.TExternalThread.Create
 0001:00043C74       Classes.TExternalThread.Execute
 0001:0003D9F8       Classes.TFiler.Create
 0001:00032880       Classes.TFiler.DefineBinaryProperty
 0001:00032878       Classes.TFiler.DefineProperty
 0001:0003DA40       Classes.TFiler.Destroy
 0001:00032888       Classes.TFiler.FlushBuffer
 0001:0003DA68       Classes.TFiler.SetRoot
 0001:0003D344       Classes.TFileStream.Create
 0001:0003D388       Classes.TFileStream.Create
 0001:0003D4FC       Classes.TFileStream.Destroy
 0001:0003D280       Classes.THandleStream.Create
 0001:0003D2BC       Classes.THandleStream.Read
 0001:0003D2DC       Classes.THandleStream.Seek
 0001:0003D308       Classes.THandleStream.SetSize
 0001:0003D31C       Classes.THandleStream.SetSize
 0001:0003D2CC       Classes.THandleStream.Write
 0004:00004F7C       Classes.ThreadLock
 0001:00044004       Classes.ThreadProc
 0001:00038424       Classes.TIntConst.Create
 0001:00039C84       Classes.TInterfacedPersistent.AfterConstruction
 0001:00039D14       Classes.TInterfacedPersistent.QueryInterface
 0001:00039CD4       Classes.TInterfacedPersistent._AddRef
 0001:00039CF4       Classes.TInterfacedPersistent._Release
 0001:00038B88       Classes.TList.Add
 0001:0003944C       Classes.TList.Assign
 0001:00038BC8       Classes.TList.Clear
 0001:00038BE0       Classes.TList.Delete
 0001:00038B68       Classes.TList.Destroy
 0001:00038C48       Classes.TList.Error
 0001:00038C90       Classes.TList.Error
 0001:00038D14       Classes.TList.Exchange
 0001:00038D64       Classes.TList.Expand
 0001:000393F0       Classes.TList.Extract
 0001:000393F8       Classes.TList.ExtractItem
 0001:00038D7C       Classes.TList.First
 0001:00038D84       Classes.TList.Get
 0001:00038DA8       Classes.TList.GetEnumerator
 0001:00038DB8       Classes.TList.Grow
 0001:00038DEC       Classes.TList.IndexOf
 0001:00038E10       Classes.TList.IndexOfItem
 0001:00038E3C       Classes.TList.Insert
 0001:00038EB4       Classes.TList.Last
 0001:00038ED8       Classes.TList.Move
 0001:00039448       Classes.TList.Notify
 0001:00038FB4       Classes.TList.Pack
 0001:00038F30       Classes.TList.Put
 0001:00038F8C       Classes.TList.Remove
 0001:00038F94       Classes.TList.RemoveItem
 0001:00039028       Classes.TList.SetCapacity
 0001:00039064       Classes.TList.SetCount
 0001:00039350       Classes.TList.Sort
 0001:00039344       Classes.TList.Sort$594$ActRec.$0$Body
 0001:000393D0       Classes.TList.SortList
 0001:00038B00       Classes.TListEnumerator.Create
 0001:00038B44       Classes.TListEnumerator.GetCurrent
 0001:00038B50       Classes.TListEnumerator.MoveNext
 0001:0003D630       Classes.TMemoryStream.Clear
 0001:0003D604       Classes.TMemoryStream.Destroy
 0001:0003D680       Classes.TMemoryStream.LoadFromFile
 0001:0003D648       Classes.TMemoryStream.LoadFromStream
 0001:0003D728       Classes.TMemoryStream.Realloc
 0001:0003D6D4       Classes.TMemoryStream.SetCapacity
 0001:0003D6FC       Classes.TMemoryStream.SetSize
 0001:0003D7A8       Classes.TMemoryStream.Write
 0001:00039B0C       Classes.TPersistent.Assign
 0001:00039B20       Classes.TPersistent.AssignError
 0001:00039BDC       Classes.TPersistent.AssignTo
 0001:00039BE4       Classes.TPersistent.DefineProperties
 0001:00039AE0       Classes.TPersistent.Destroy
 0001:00039BE8       Classes.TPersistent.GetNamePath
 0001:00039C80       Classes.TPersistent.GetOwner
 0001:0003DD80       Classes.TPropFixup.Create
 0001:0003DDD8       Classes.TPropFixup.MakeGlobalReference
 0001:0003DE38       Classes.TPropFixup.ResolveReference
 0001:0003DE48       Classes.TPropIntfFixup.ResolveReference
 0001:0003E3EC       Classes.TReader.BeginReferences
 0001:0003E454       Classes.TReader.CheckValue
 0001:00040C88       Classes.TReader.CopyValue
 0001:0003E4B4       Classes.TReader.DefineBinaryProperty
 0001:0003E478       Classes.TReader.DefineProperty
 0001:0003E3B0       Classes.TReader.Destroy
 0001:0003E730       Classes.TReader.DoFixupReferences
 0001:0003E59C       Classes.TReader.EndOfList
 0001:0003E5B0       Classes.TReader.EndReferences
 0001:0003E5CC       Classes.TReader.Error
 0001:00040F64       Classes.TReader.FindAncestorComponent
 0001:0004105C       Classes.TReader.FindComponentClass
 0001:0003E660       Classes.TReader.FindMethod
 0001:0003E5F0       Classes.TReader.FindMethodInstance
 0001:0003E874       Classes.TReader.FixupReferences
 0001:0003E8AC       Classes.TReader.FlushBuffer
 0001:0003E8D0       Classes.TReader.FreeFixups
 0001:0003E90C       Classes.TReader.GetFieldClass
 0001:0003E9A0       Classes.TReader.GetPosition
 0001:0003E9B8       Classes.TReader.NextValue
 0001:0003E9C8       Classes.TReader.PropertyError
 0001:0003E9DC       Classes.TReader.Read
 0001:0003EA64       Classes.TReader.ReadBoolean
 0001:0003EA28       Classes.TReader.ReadBuffer
 0001:0003EA88       Classes.TReader.ReadChar
 0001:0003EB48       Classes.TReader.ReadCollection
 0001:0003F014       Classes.TReader.ReadComponent
 0001:00040358       Classes.TReader.ReadComponents
 0001:0003F454       Classes.TReader.ReadCurrency
 0001:0003F254       Classes.TReader.ReadData
 0001:0003F2C4       Classes.TReader.ReadDataInner
 0001:0003F4A4       Classes.TReader.ReadDate
 0001:0003F3CC       Classes.TReader.ReadDouble
 0001:0003F394       Classes.TReader.ReadFloat
 0001:0003F4E8       Classes.TReader.ReadIdent
 0001:0003F6C8       Classes.TReader.ReadInt64
 0001:0003F65C       Classes.TReader.ReadInteger
 0001:0003F70C       Classes.TReader.ReadListBegin
 0001:0003F714       Classes.TReader.ReadListEnd
 0001:0003F71C       Classes.TReader.ReadPrefix
 0001:0003F848       Classes.TReader.ReadProperty
 0001:0003FC44       Classes.TReader.ReadPropValue
 0001:00040024       Classes.TReader.ReadRootComponent
 0001:00040448       Classes.TReader.ReadSet
 0001:00040504       Classes.TReader.ReadSignature
 0001:0003F410       Classes.TReader.ReadSingle
 0001:00040528       Classes.TReader.ReadStr
 0001:000405B8       Classes.TReader.ReadString
 0001:000407E0       Classes.TReader.ReadValue
 0001:000412E0       Classes.TReader.ReadVariant
 0001:0003EAE8       Classes.TReader.ReadWideChar
 0001:000406A0       Classes.TReader.ReadWideString
 0001:0004101C       Classes.TReader.ReferenceName
 0001:00041034       Classes.TReader.SetName
 0001:000407F4       Classes.TReader.SetPosition
 0001:000410D0       Classes.TReader.SkipBytes
 0001:00040EB8       Classes.TReader.SkipComponent
 0001:00040E70       Classes.TReader.SkipProperty
 0001:00040814       Classes.TReader.SkipSetBody
 0001:0004091C       Classes.TReader.SkipValue
 0001:000372F8       Classes.TRegGroup.AddClass
 0001:00037304       Classes.TRegGroup.BestClass
 0001:00037364       Classes.TRegGroup.BestGroup
 0001:000373D4       Classes.TRegGroup.Create
 0001:00037430       Classes.TRegGroup.Destroy
 0001:00037470       Classes.TRegGroup.GetClass
 0001:000374C0       Classes.TRegGroup.GetClasses
 0001:00037508       Classes.TRegGroup.IndexOfClass
 0001:00037580       Classes.TRegGroup.InGroup
 0001:000375C4       Classes.TRegGroup.RegisterClass
 0001:00037678       Classes.TRegGroup.RegisterClassAlias
 0001:000376B0       Classes.TRegGroup.Registered
 0001:000376C8       Classes.TRegGroup.UnregisterClass
 0001:00037728       Classes.TRegGroup.UnregisterModuleClasses
 0001:00037868       Classes.TRegGroups.Activate
 0001:000378B4       Classes.TRegGroups.AddClass
 0001:000378D4       Classes.TRegGroups.Create
 0001:00037948       Classes.TRegGroups.Destroy
 0001:000379A8       Classes.TRegGroups.FindGroup
 0001:000379EC       Classes.TRegGroups.GetClass
 0001:00037A30       Classes.TRegGroups.GroupedWith
 0001:00037AD4       Classes.TRegGroups.GroupWith
 0001:00037BA8       Classes.TRegGroups.Lock
 0001:00037BB4       Classes.TRegGroups.RegisterClass
 0001:00037BCC       Classes.TRegGroups.RegisterClassAlias
 0001:00037BEC       Classes.TRegGroups.Registered
 0001:00037C30       Classes.TRegGroups.StartGroup
 0001:00037C80       Classes.TRegGroups.Unlock
 0001:00037C8C       Classes.TRegGroups.UnregisterClass
 0001:00037CBC       Classes.TRegGroups.UnregisterModuleClasses
 0001:0003D7F8       Classes.TResourceStream.Create
 0001:0003D850       Classes.TResourceStream.CreateFromID
 0001:0003D9B0       Classes.TResourceStream.Destroy
 0001:0003D944       Classes.TResourceStream.Initialize
 0001:0003D9E0       Classes.TResourceStream.Write
 0001:0003CC5C       Classes.TStream.CopyFrom
 0001:0003D09C       Classes.TStream.FixupResourceHeader
 0001:0003C948       Classes.TStream.GetPosition
 0001:0003C97C       Classes.TStream.GetSize
 0001:00030EA8       Classes.TStream.Read
 0001:0003CB9C       Classes.TStream.ReadBuffer
 0001:0003CD50       Classes.TStream.ReadComponent
 0001:0003CE14       Classes.TStream.ReadComponentRes
 0001:0003D194       Classes.TStream.ReadResHeader
 0001:0003CAA8       Classes.TStream.Seek
 0001:0003CB2C       Classes.TStream.Seek
 0001:0003C968       Classes.TStream.SetPosition
 0001:0003C9E0       Classes.TStream.SetSize
 0001:0003C9C8       Classes.TStream.SetSize
 0001:0003C9CC       Classes.TStream.SetSize64
 0001:00030EB0       Classes.TStream.Write
 0001:0003CBFC       Classes.TStream.WriteBuffer
 0001:0003CDB0       Classes.TStream.WriteComponent
 0001:0003CE30       Classes.TStream.WriteComponentRes
 0001:0003CDB8       Classes.TStream.WriteDescendent
 0001:0003D160       Classes.TStream.WriteDescendentRes
 0001:0003CE38       Classes.TStream.WriteResourceHeader
 0001:00046618       Classes.TStreamAdapter.Clone
 0001:0004656C       Classes.TStreamAdapter.Commit
 0001:00046364       Classes.TStreamAdapter.CopyTo
 0001:00046128       Classes.TStreamAdapter.Create
 0001:00046174       Classes.TStreamAdapter.Destroy
 0001:00046584       Classes.TStreamAdapter.LockRegion
 0001:000461AC       Classes.TStreamAdapter.Read
 0001:00046578       Classes.TStreamAdapter.Revert
 0001:0004627C       Classes.TStreamAdapter.Seek
 0001:00046300       Classes.TStreamAdapter.SetSize
 0001:0004659C       Classes.TStreamAdapter.Stat
 0001:00046590       Classes.TStreamAdapter.UnlockRegion
 0001:00046214       Classes.TStreamAdapter.Write
 0001:0003C168       Classes.TStringList.Add
 0001:0003C178       Classes.TStringList.AddObject
 0001:0003C1DC       Classes.TStringList.Assign
 0001:0003C218       Classes.TStringList.Changed
 0001:0003C234       Classes.TStringList.Changing
 0001:0003C250       Classes.TStringList.Clear
 0001:0003C888       Classes.TStringList.CompareStrings
 0001:0003C8A4       Classes.TStringList.Create
 0001:0003C8DC       Classes.TStringList.Create
 0001:0003C850       Classes.TStringList.CustomSort
 0001:0003C338       Classes.TStringList.Delete
 0001:0003C05C       Classes.TStringList.Destroy
 0001:0003C3C4       Classes.TStringList.Exchange
 0001:0003C420       Classes.TStringList.ExchangeItems
 0001:0003C444       Classes.TStringList.Find
 0001:0003C4C8       Classes.TStringList.Get
 0001:0003C4F8       Classes.TStringList.GetCapacity
 0001:0003C4FC       Classes.TStringList.GetCount
 0001:0003C500       Classes.TStringList.GetObject
 0001:0003C524       Classes.TStringList.Grow
 0001:0003C558       Classes.TStringList.IndexOf
 0001:0003C594       Classes.TStringList.Insert
 0001:0003C5F8       Classes.TStringList.InsertItem
 0001:0003C5A4       Classes.TStringList.InsertObject
 0001:0003C674       Classes.TStringList.Put
 0001:0003C6CC       Classes.TStringList.PutObject
 0001:0003C708       Classes.TStringList.QuickSort
 0001:0003C7A0       Classes.TStringList.SetCapacity
 0001:0003C920       Classes.TStringList.SetCaseSensitive
 0001:0003C7E0       Classes.TStringList.SetSorted
 0001:0003C800       Classes.TStringList.SetUpdateState
 0001:0003C840       Classes.TStringList.Sort
 0001:0003A780       Classes.TStrings.Add
 0001:0003A7A4       Classes.TStrings.AddObject
 0001:0003A8F0       Classes.TStrings.AddStrings
 0001:0003A7D4       Classes.TStrings.AddStrings
 0001:0003A88C       Classes.TStrings.AddStrings
 0001:0003A7C8       Classes.TStrings.Append
 0001:0003A994       Classes.TStrings.Assign
 0001:0003AA70       Classes.TStrings.BeginUpdate
 0001:000300F4       Classes.TStrings.Clear
 0001:0003BF2C       Classes.TStrings.CompareStrings
 0001:0003A6C8       Classes.TStrings.Create
 0001:0003AAE0       Classes.TStrings.DefineProperties
 0001:000300FC       Classes.TStrings.Delete
 0001:0003A710       Classes.TStrings.Destroy
 0001:0003AB38       Classes.TStrings.EndUpdate
 0001:0003AB4C       Classes.TStrings.Equals
 0001:0003ABF4       Classes.TStrings.Error
 0001:0003AC78       Classes.TStrings.Exchange
 0001:0003AD64       Classes.TStrings.GetCapacity
 0001:0003AD6C       Classes.TStrings.GetCommaText
 0001:0003AE04       Classes.TStrings.GetDelimitedText
 0001:0003BD88       Classes.TStrings.GetDelimiter
 0001:0003B074       Classes.TStrings.GetEnumerator
 0001:0003BDA4       Classes.TStrings.GetLineBreak
 0001:0003BF38       Classes.TStrings.GetNameValueSeparator
 0001:0003B084       Classes.TStrings.GetObject
 0001:0003BDE0       Classes.TStrings.GetQuoteChar
 0001:0003BDFC       Classes.TStrings.GetStrictDelimiter
 0001:0003B088       Classes.TStrings.GetText
 0001:0003B0DC       Classes.TStrings.GetTextStr
 0001:0003B220       Classes.TStrings.IndexOf
 0001:0003B2AC       Classes.TStrings.IndexOfName
 0001:0003B380       Classes.TStrings.IndexOfObject
 0001:00030104       Classes.TStrings.Insert
 0001:0003B3B4       Classes.TStrings.InsertObject
 0001:0003B3E4       Classes.TStrings.LoadFromFile
 0001:0003B438       Classes.TStrings.LoadFromFile
 0001:0003B494       Classes.TStrings.LoadFromStream
 0001:0003B4A0       Classes.TStrings.LoadFromStream
 0001:0003B5A4       Classes.TStrings.Move
 0001:0003B664       Classes.TStrings.Put
 0001:0003B694       Classes.TStrings.PutObject
 0001:0003B698       Classes.TStrings.ReadData
 0001:0003B748       Classes.TStrings.SaveToFile
 0001:0003B758       Classes.TStrings.SaveToFile
 0001:0003B7B8       Classes.TStrings.SaveToStream
 0001:0003B7C8       Classes.TStrings.SaveToStream
 0001:0003B884       Classes.TStrings.SetCapacity
 0001:0003B888       Classes.TStrings.SetCommaText
 0001:0003BE14       Classes.TStrings.SetDefaultEncoding
 0001:0003BBD8       Classes.TStrings.SetDelimitedText
 0001:0003BE5C       Classes.TStrings.SetDelimiter
 0001:0003BE7C       Classes.TStrings.SetEncoding
 0001:0003BEC4       Classes.TStrings.SetLineBreak
 0001:0003BF54       Classes.TStrings.SetNameValueSeparator
 0001:0003BEF0       Classes.TStrings.SetQuoteChar
 0001:0003BF10       Classes.TStrings.SetStrictDelimiter
 0001:0003B920       Classes.TStrings.SetStringsAdapter
 0001:0003B954       Classes.TStrings.SetText
 0001:0003B9A4       Classes.TStrings.SetTextStr
 0001:0003BB50       Classes.TStrings.SetUpdateState
 0001:0003C00C       Classes.TStrings.ToObjectArray
 0001:0003BF74       Classes.TStrings.ToStringArray
 0001:0003BB54       Classes.TStrings.WriteData
 0001:0003A650       Classes.TStringsEnumerator.Create
 0001:0003A694       Classes.TStringsEnumerator.GetCurrent
 0001:0003A6AC       Classes.TStringsEnumerator.MoveNext
 0004:00004F58       Classes.TThread.$ClassInitFlag
 0001:000442A0       Classes.TThread.AfterConstruction
 0001:00044380       Classes.TThread.CallOnTerminate
 0001:000442B4       Classes.TThread.CheckTerminated
 0001:000442EC       Classes.TThread.CheckThreadError
 0001:00044368       Classes.TThread.CheckThreadError
 0001:000440B8       Classes.TThread.Create
 0001:000440F0       Classes.TThread.Create
 0002:0000026C       Classes.TThread.Create@
 0001:000441F4       Classes.TThread.CreateAnonymousThread
 0001:00044204       Classes.TThread.Destroy
 0001:00044278       Classes.TThread.Destroy@
 0001:00044394       Classes.TThread.DoTerminate
 0005:00000008       Classes.TThread.FCurrentThread
 0004:00004F54       Classes.TThread.FProcessorCount
 0001:000443A8       Classes.TThread.GetCurrentThread
 0001:000444C8       Classes.TThread.GetPriority
 0001:0004441C       Classes.TThread.InternalStart
 0001:00044F48       Classes.TThread.NameThreadForDebugging
 0001:00044B20       Classes.TThread.Queue
 0001:00044688       Classes.TThread.Queue
 0001:00044530       Classes.TThread.Queue
 0001:000445BC       Classes.TThread.Queue
 0001:00044CB4       Classes.TThread.RemoveQueuedEvents
 0001:00044728       Classes.TThread.RemoveQueuedEvents
 0001:00044D68       Classes.TThread.RemoveQueuedEvents
 0001:00044E38       Classes.TThread.Resume
 0001:00044504       Classes.TThread.SetPriority
 0001:000447FC       Classes.TThread.SetReturnValue
 0001:00044D7C       Classes.TThread.SetSuspended
 0001:00044DB0       Classes.TThread.Sleep
 0001:00044D94       Classes.TThread.SpinWait
 0001:00044DC0       Classes.TThread.Start
 0001:00044838       Classes.TThread.StaticQueue
 0001:00044CA0       Classes.TThread.StaticSynchronize
 0001:00044DC8       Classes.TThread.Suspend
 0001:000449F4       Classes.TThread.Synchronize
 0001:00044A28       Classes.TThread.Synchronize
 0001:0004484C       Classes.TThread.Synchronize
 0001:00044C04       Classes.TThread.Synchronize
 0001:00044A90       Classes.TThread.Synchronize
 0001:00044E60       Classes.TThread.Terminate
 0001:00044E84       Classes.TThread.WaitFor
 0001:00044DB8       Classes.TThread.Yield
 0001:000397EC       Classes.TThreadList.Add
 0001:00039874       Classes.TThreadList.Clear
 0001:00039718       Classes.TThreadList.Create
 0001:00039770       Classes.TThreadList.Destroy
 0001:000398BC       Classes.TThreadList.LockList
 0001:000398DC       Classes.TThreadList.Remove
 0001:000398E4       Classes.TThreadList.RemoveItem
 0001:00039938       Classes.TThreadList.UnlockList
 0001:0004152C       Classes.TWriter.AddAncestor
 0001:00041560       Classes.TWriter.DefineBinaryProperty
 0001:00041538       Classes.TWriter.DefineProperty
 0001:00041500       Classes.TWriter.Destroy
 0001:0004159C       Classes.TWriter.FindMethodName
 0001:000415E4       Classes.TWriter.FlushBuffer
 0001:00043A30       Classes.TWriter.GetLookupInfo
 0001:0004158C       Classes.TWriter.GetPosition
 0001:000415EC       Classes.TWriter.SetPosition
 0001:00041628       Classes.TWriter.SetRoot
 0001:00041640       Classes.TWriter.Write
 0001:0004168C       Classes.TWriter.WriteBinary
 0001:0004172C       Classes.TWriter.WriteBoolean
 0001:00041714       Classes.TWriter.WriteBuffer
 0001:00041740       Classes.TWriter.WriteChar
 0001:000417E0       Classes.TWriter.WriteCollection
 0001:000418D0       Classes.TWriter.WriteComponent
 0001:00041E78       Classes.TWriter.WriteCurrency
 0001:00041A24       Classes.TWriter.WriteData
 0001:00041E9C       Classes.TWriter.WriteDate
 0001:00041DE4       Classes.TWriter.WriteDescendent
 0001:00041E54       Classes.TWriter.WriteDouble
 0001:00041E0C       Classes.TWriter.WriteFloat
 0001:00041EC0       Classes.TWriter.WriteIdent
 0001:00042018       Classes.TWriter.WriteInteger
 0001:00041FA4       Classes.TWriter.WriteInteger
 0001:00042070       Classes.TWriter.WriteListBegin
 0001:00042078       Classes.TWriter.WriteListEnd
 0001:00043808       Classes.TWriter.WriteMinStr
 0001:00042080       Classes.TWriter.WritePrefix
 0001:000420C8       Classes.TWriter.WriteProperties
 0001:0004321C       Classes.TWriter.WriteProperty
 0001:00043750       Classes.TWriter.WritePropName
 0001:000437A4       Classes.TWriter.WriteRootComponent
 0001:000437AC       Classes.TWriter.WriteSignature
 0001:00041E30       Classes.TWriter.WriteSingle
 0001:000437BC       Classes.TWriter.WriteStr
 0001:000438CC       Classes.TWriter.WriteString
 0001:00043980       Classes.TWriter.WriteUTF8Str
 0001:00043A1C       Classes.TWriter.WriteValue
 0001:00043370       Classes.TWriter.WriteVariant
 0001:00041790       Classes.TWriter.WriteWideChar
 0001:00043A14       Classes.TWriter.WriteWideString
 0001:00038644       Classes.UnregisterFindGlobalComponentProc
 0001:0003812C       Classes.UnRegisterModuleClasses
 0003:00000FF8       Classes.UtilWindowClass
 0001:00043DB0       Classes.WaitForSyncEvent
 0003:00000FA0       Classes.WakeMainThread
 0001:00038978       Classes.WriteCollection
 0001:00042A50       Classes.WriteCollectionProp
 0001:00042BEC       Classes.WriteFloatProp
 0001:00042C2C       Classes.WriteInt64Prop
 0001:0004304C       Classes.WriteInterfaceProp
 0001:000429E4       Classes.WriteIntProp
 0001:00043128       Classes.WriteMethodProp
 0001:00042E38       Classes.WriteObjectProp
 0001:00042AF4       Classes.WriteOrdProp
 0001:000428F8       Classes.WritePropPath
 0001:00042950       Classes.WriteSet
 0001:00042C68       Classes.WriteStrProp
 0001:000431B8       Classes.WriteVariantProp
 0004:00005244       Clipbrd..3
 0004:00005242       Clipbrd.CF_COMPONENT
 0004:00005240       Clipbrd.CF_PICTURE
 0002:00000BA0       Clipbrd.Clipbrd
 0004:00005248       Clipbrd.FClipboard
 0001:0009CE4C       Clipbrd.Finalization
 0004:00005224       ComCtrls..96
 0001:0009C0DC       ComCtrls..TConversion
 0002:00000B24       ComCtrls.ComCtrls
 0004:00005228       ComCtrls.ConversionFormatList
 0001:0009C3E0       ComCtrls.Finalization
 0001:0009C380       ComCtrls.FreeConversionFormatList
 0004:00005230       ComCtrls.FRichEditModule
 0003:00001CF0       ComCtrls.RTFConversionFormat
 0004:0000522C       ComCtrls.ShellModule
 0001:0009C2C8       ComCtrls.TConversion.ConvertReadStream
 0001:0009C324       ComCtrls.TConversion.ConvertWriteStream
 0001:0009C290       ComCtrls.TConversion.Create
 0003:00001CF8       ComCtrls.TextConversionFormat
 0001:000592CC       CommCtrl.FlatSB_GetScrollInfo
 0001:000592D4       CommCtrl.FlatSB_GetScrollPos
 0001:000592DC       CommCtrl.FlatSB_SetScrollInfo
 0001:000592E4       CommCtrl.FlatSB_SetScrollPos
 0001:000592EC       CommCtrl.FlatSB_SetScrollProp
 0001:00059204       CommCtrl.ImageList_Add
 0001:00059264       CommCtrl.ImageList_BeginDrag
 0001:0005925C       CommCtrl.ImageList_Copy
 0001:000591E4       CommCtrl.ImageList_Create
 0001:000591EC       CommCtrl.ImageList_Destroy
 0001:00059274       CommCtrl.ImageList_DragEnter
 0001:0005927C       CommCtrl.ImageList_DragLeave
 0001:00059284       CommCtrl.ImageList_DragMove
 0001:0005928C       CommCtrl.ImageList_DragShowNolock
 0001:0005922C       CommCtrl.ImageList_Draw
 0001:0005923C       CommCtrl.ImageList_DrawEx
 0001:0005926C       CommCtrl.ImageList_EndDrag
 0001:0005921C       CommCtrl.ImageList_GetBkColor
 0001:00059294       CommCtrl.ImageList_GetDragImage
 0001:0005924C       CommCtrl.ImageList_GetIcon
 0001:000592AC       CommCtrl.ImageList_GetIconSize
 0001:000591F4       CommCtrl.ImageList_GetImageCount
 0001:000592BC       CommCtrl.ImageList_GetImageInfo
 0001:00059254       CommCtrl.ImageList_LoadImage
 0001:0005929C       CommCtrl.ImageList_Read
 0001:00059244       CommCtrl.ImageList_Remove
 0001:00059234       CommCtrl.ImageList_Replace
 0001:0005920C       CommCtrl.ImageList_ReplaceIcon
 0001:00059214       CommCtrl.ImageList_SetBkColor
 0001:000592B4       CommCtrl.ImageList_SetIconSize
 0001:000591FC       CommCtrl.ImageList_SetImageCount
 0001:00059224       CommCtrl.ImageList_SetOverlayImage
 0001:000592A4       CommCtrl.ImageList_Write
 0001:000592F4       CommCtrl.InitializeFlatSB
 0001:000592C4       CommCtrl._TrackMouseEvent
 0001:00058E54       Contnrs..TOrderedList
 0001:0005906C       Contnrs..TStack
 0001:000590FC       Contnrs.TOrderedList.AtLeast
 0001:00059128       Contnrs.TOrderedList.Count
 0001:00059130       Contnrs.TOrderedList.Create
 0001:00059174       Contnrs.TOrderedList.Destroy
 0001:00059108       Contnrs.TOrderedList.Peek
 0001:000591A4       Contnrs.TOrderedList.PeekItem
 0001:00059110       Contnrs.TOrderedList.Pop
 0001:000591B8       Contnrs.TOrderedList.PopItem
 0001:00059118       Contnrs.TOrderedList.Push
 0001:000591D8       Contnrs.TStack.PushItem
 0004:0000512C       Controls..44
 0001:0005CD10       Controls..TBaseDragControlObject
 0001:000609BC       Controls..TControl
 0001:0005D7D0       Controls..TControlActionLink
 0001:0005D584       Controls..TControlCanvas
 0001:0006441C       Controls..TCustomControl
 0001:0005EA9C       Controls..TCustomGestureCollectionItem
 0001:0005F2DC       Controls..TCustomGestureEngine
 0001:0005ECFC       Controls..TCustomGestureManager
 0001:000669C8       Controls..TCustomHint
 0001:00066770       Controls..TCustomHintShowHideThread
 0001:00066334       Controls..TCustomHintWindow
 0001:00065B5C       Controls..TCustomPanningWindow
 0001:0005F4B0       Controls..TCustomTouchManager
 0001:000657E8       Controls..TDockTree
 0001:000651FC       Controls..TDockZone
 0001:0005CEAC       Controls..TDragControlObject
 0001:0005CFE8       Controls..TDragControlObjectEx
 0001:0005D0F4       Controls..TDragDockObject
 0001:0005D46C       Controls..TDragDockObjectEx
 0001:00064AF8       Controls..TDragImageList
 0001:0005C80C       Controls..TDragObject
 0001:0006424C       Controls..TGraphicControl
 0001:00064638       Controls..THintWindow
 0001:00064F54       Controls..TImageList
 0001:0005E0D4       Controls..TMargins
 0001:00065E0C       Controls..TMouse
 0001:0005E5B8       Controls..TPadding
 0001:000676D4       Controls..TSiteList
 0001:0005DE6C       Controls..TSizeConstraints
 0001:0005FA64       Controls..TTouchManager
 0001:00062D38       Controls..TWinControl
 0001:0006277C       Controls..TWinControlActionLink
 0001:00067E88       Controls.AbsMin
 0004:00005160       Controls.ActiveDrag
 0001:0006EBE0       Controls.AlignNestedControls
 0001:0006EB8C       Controls.AlignWork
 0003:00001430       Controls.AnchorAlign
 0003:00001424       Controls.AnimateWindowProc
 0003:000015A8       Controls.AnimationStyle
 0001:0006B054       Controls.BackgroundClipped
 0001:00079720       Controls.CalcSplitterPos
 0001:00068F0C       Controls.CancelDrag
 0004:00005174       Controls.CanvasList
 0003:000014E8       Controls.CaptureControl
 0001:00066FEC       Controls.ChangeBiDiModeAlignment
 0001:00068B74       Controls.CheckUndock
 0001:0007646C       Controls.ClientToWindow
 0004:00005132       Controls.ControlAtom
 0004:00005138       Controls.ControlAtomString
 0002:00000910       Controls.Controls
 0003:0000153C       Controls.CPan
 0003:00001539       Controls.CPanOoptions
 0003:0000156C       Controls.CPanSingleFingerHorizontal
 0003:00001564       Controls.CPanSingleFingerVertical
 0003:00001574       Controls.CPanWithGutter
 0003:0000157C       Controls.CPanWithInertia
 0003:00001554       Controls.CPressAndTap
 0003:0000142C       Controls.CreationControl
 0003:0000154C       Controls.CRotate
 0003:0000152C       Controls.Ctl3DStyles
 0003:0000155C       Controls.CTwoFingerTap
 0003:00001438       Controls.Cursors
 0001:000674B4       Controls.CursorToIdent
 0003:00001544       Controls.CZoom
 0003:00001428       Controls.DefaultDockTreeClass
 0001:0006FFB8       Controls.DestroyChildWindow
 0001:0006EE58       Controls.DoAdjustSize
 0001:0006EA00       Controls.DoAlign
 0001:00074324       Controls.DoCalcConstraints
 0004:00005168       Controls.DockSiteList
 0001:00070F08       Controls.DoControlMsg
 0001:00068488       Controls.DoDragOver
 0001:00077160       Controls.DoFindControlZone
 0001:0007788C       Controls.DoFindZone
 0001:000771E4       Controls.DoForEach
 0001:00078EE8       Controls.DoGetNextLimit
 0001:0007A024       Controls.DoneControls
 0001:0006E9B8       Controls.DoPosition
 0001:00078394       Controls.DoPrune
 0001:000788DC       Controls.DoSaveZone
 0001:00078BE0       Controls.DoSetNewBounds
 0001:0006FC34       Controls.DoWriteDesignSize
 0001:0006C610       Controls.DoWriteExplicit
 0001:0006C5DC       Controls.DoWriteIsControl
 0004:0000514C       Controls.DragCapture
 0004:00005140       Controls.DragControl
 0001:00068BE8       Controls.DragDone
 0001:00068438       Controls.DragFindTarget
 0001:0006840C       Controls.DragFindWindow
 0004:00005164       Controls.DragImageList
 0001:0006884C       Controls.DragInit
 0001:000689BC       Controls.DragInitControl
 0004:00005148       Controls.DragInternalObject
 0001:00068354       Controls.DragMessage
 0004:00005144       Controls.DragObject
 0004:00005170       Controls.DragSave
 0004:00005158       Controls.DragSaveCursor
 0004:00005150       Controls.DragStartPos
 0004:0000515C       Controls.DragThreshold
 0001:00068564       Controls.DragTo
 0001:00077E14       Controls.DrawCloseButton
 0001:00077EA8       Controls.DrawGrabberLine
 0001:00077F34       Controls.DrawThemedGrabber
 0001:00071424       Controls.DrawThemeEdge
 0003:0000151C       Controls.EdgeStyles
 0001:0007BB50       Controls.Finalization
 0001:00067144       Controls.FindControl
 0001:00068F58       Controls.FindDragTarget
 0001:00068F24       Controls.FindVCLWindow
 0004:00005178       Controls.FlagControl
 0001:0006904C       Controls.FreeDeviceContext
 0001:0006910C       Controls.FreeDeviceContexts
 0003:00001534       Controls.GestureMap
 0001:00067668       Controls.GetCaptureControl
 0001:0006E820       Controls.GetClientSize
 0001:000704C4       Controls.GetControlAtPos
 0001:00078FD0       Controls.GetDockAlign
 0001:000681AC       Controls.GetDockSiteAtPos
 0001:000684C4       Controls.GetDropCtl
 0001:00076E90       Controls.GetLastChildZone
 0001:0006751C       Controls.GetLongHint
 0001:000674D4       Controls.GetShortHint
 0001:00067898       Controls.GetTopParent
 0001:0007904C       Controls.HideZone
 0001:000674C4       Controls.IdentToCursor
 0003:000015D0       Controls.IMM32DLL
 0001:0007A010       Controls.Imm32IsIME
 0001:0007A0C0       Controls.InitControls
 0001:00079BDC       Controls.InitIMM32
 0001:00067000       Controls.InitWndProc
 0003:000014FC       Controls.InnerStyles
 0001:0006E888       Controls.InsertBefore
 0001:00067F6C       Controls.IsBeforeTargetWindow
 0001:000683AC       Controls.IsDelphiHandle
 0001:000768AC       Controls.IsOrientationSet
 0001:00068168       Controls.IsSiteChildOfClient
 0001:000671A0       Controls.IsVCLControl
 0004:00005120       Controls.IsVCLControlHook
 0001:0007B1C8       Controls.LatestHintWindow
 0001:00068FA4       Controls.ListAdd
 0001:00068FCC       Controls.ListRemove
 0003:000015BB       Controls.MakeLast
 0001:0006D894       Controls.MinVar
 0003:000015D4       Controls.ModeMap
 0004:00005118       Controls.Mouse
 0001:00066FB0       Controls.MouseOriginToShiftState
 0001:0006901C       Controls.MoveWindowOrg
 0004:00005128       Controls.NewStyleControls
 0001:00076890       Controls.NextVisibleZone
 0001:00067110       Controls.ObjectFromHWnd
 0003:00001584       Controls.Options
 0003:000015B4       Controls.OrientArray
 0003:0000150C       Controls.OuterStyles
 0003:000014EC       Controls.PaintMessage
 0001:00076CB8       Controls.ParentNotLast
 0001:000675B4       Controls.PerformBufferedPrintClient
 0001:00067564       Controls.PerformEraseBackground
 0001:0006FC20       Controls.PointsEqual
 0004:0000516C       Controls.QualifyingSites
 0001:00077A28       Controls.ReadControlName
 0001:000682F8       Controls.RegisterDockSite
 0004:0000513C       Controls.RM_GetObjectInstance
 0001:000671D0       Controls.SendAppMessage
 0001:00067690       Controls.SetCaptureControl
 0001:00079F38       Controls.SetImeMode
 0001:0006D10C       Controls.SetParentColor
 0003:000014F4       Controls.ShowFlags
 0001:000790CC       Controls.ShowZone
 0003:000015C8       Controls.SizeCursors
 0001:00067C6C       Controls.TBaseDragControlObject.Assign
 0001:00067C30       Controls.TBaseDragControlObject.Create
 0001:00067C98       Controls.TBaseDragControlObject.EndDrag
 0001:00067CC4       Controls.TBaseDragControlObject.Finished
 0001:0006D5C4       Controls.TControl.ActionChange
 0001:0006D9B4       Controls.TControl.AdjustSize
 0001:0006D7E8       Controls.TControl.AssignTo
 0001:0006B3F4       Controls.TControl.BeginAutoDrag
 0001:0006B410       Controls.TControl.BeginDrag
 0001:0006AEA4       Controls.TControl.BringToFront
 0001:0006BFE0       Controls.TControl.CalcCursorPos
 0001:0006C198       Controls.TControl.CalcDockSizes
 0001:0006BEE0       Controls.TControl.CanAutoSize
 0001:0006BEE4       Controls.TControl.CanResize
 0001:0006A7F4       Controls.TControl.Changed
 0001:0006A804       Controls.TControl.ChangeScale
 0001:0006CC3C       Controls.TControl.CheckNewSize
 0001:0006CA10       Controls.TControl.Click
 0001:0006DBF0       Controls.TControl.ClientToParent
 0001:0006A5F8       Controls.TControl.ClientToScreen
 0001:0006D288       Controls.TControl.CMBiDiModeChanged
 0001:0006D100       Controls.TControl.CMColorChanged
 0001:0006D404       Controls.TControl.CMDesignHitTest
 0001:0006D0E8       Controls.TControl.CMEnabledChanged
 0001:0006D564       Controls.TControl.CMFloat
 0001:0006D0F4       Controls.TControl.CMFontChanged
 0001:0006D214       Controls.TControl.CMGesture
 0001:0006DA40       Controls.TControl.CMHintShow
 0001:0006D334       Controls.TControl.CMHitTest
 0001:0006DE10       Controls.TControl.CMMouseActivate
 0001:0006D33C       Controls.TControl.CMMouseEnter
 0001:0006D3A0       Controls.TControl.CMMouseLeave
 0001:0006D1A4       Controls.TControl.CMMouseWheel
 0001:0006D180       Controls.TControl.CMParentBiDiModeChanged
 0001:0006D144       Controls.TControl.CMParentColorChanged
 0001:0006D2E0       Controls.TControl.CMParentFontChanged
 0001:0006D2A4       Controls.TControl.CMParentShowHintChanged
 0001:0006D40C       Controls.TControl.CMParentTabletOptionsChanged
 0001:0006D310       Controls.TControl.CMSysFontChanged
 0001:0006D0C0       Controls.TControl.CMVisibleChanged
 0001:0006BFB0       Controls.TControl.ConstrainedResize
 0001:0006985C       Controls.TControl.Create
 0001:0006D440       Controls.TControl.CreateFloatingDockSite
 0001:0006D4C0       Controls.TControl.CreateTouchManager
 0001:0006CA88       Controls.TControl.DblClick
 0001:0006B8F0       Controls.TControl.DefaultDockImage
 0001:0006C528       Controls.TControl.DefaultHandler
 0001:0006C830       Controls.TControl.DefineProperties
 0001:0006C00C       Controls.TControl.DesignWndProc
 0001:000699A4       Controls.TControl.Destroy
 0001:0006D6C4       Controls.TControl.DoActionChange
 0001:0006BF14       Controls.TControl.DoCanAutoSize
 0001:0006BF80       Controls.TControl.DoCanResize
 0001:0006A2A4       Controls.TControl.Dock
 0001:0006B6DC       Controls.TControl.DockTrackNoTarget
 0001:0006C040       Controls.TControl.DoConstrainedResize
 0001:0006BED4       Controls.TControl.DoConstraintsChange
 0001:0006DBB0       Controls.TControl.DoContextPopup
 0001:0006A3D4       Controls.TControl.DoDock
 0001:0006BA3C       Controls.TControl.DoDragMsg
 0001:0006B6F4       Controls.TControl.DoEndDock
 0001:0006B5DC       Controls.TControl.DoEndDrag
 0001:0006B5BC       Controls.TControl.DoGesture
 0001:0006B5C0       Controls.TControl.DoGetGestureOptions
 0001:0006DE34       Controls.TControl.DoMarginChange
 0001:0006B750       Controls.TControl.DoMouseActivate
 0001:0006CAE0       Controls.TControl.DoMouseDown
 0001:0006CE7C       Controls.TControl.DoMouseUp
 0001:0006B784       Controls.TControl.DoMouseWheel
 0001:0006B858       Controls.TControl.DoMouseWheelDown
 0001:0006B8A4       Controls.TControl.DoMouseWheelUp
 0001:0006B720       Controls.TControl.DoStartDock
 0001:0006B59C       Controls.TControl.DoStartDrag
 0001:0006B524       Controls.TControl.DragCanceled
 0001:0006B570       Controls.TControl.DragDrop
 0001:0006B528       Controls.TControl.Dragging
 0001:0006B534       Controls.TControl.DragOver
 0001:0006BA1C       Controls.TControl.DrawDragDockImage
 0001:0006D9D4       Controls.TControl.DrawTextBiDiModeFlags
 0001:0006DA14       Controls.TControl.DrawTextBiDiModeFlagsReadingOnly
 0001:0006B4F0       Controls.TControl.EndDrag
 0001:0006BA2C       Controls.TControl.EraseDragDockImage
 0001:0006ACB4       Controls.TControl.FontChanged
 0001:00069B60       Controls.TControl.GetAction
 0001:0006D6E8       Controls.TControl.GetActionLinkClass
 0001:0006DE58       Controls.TControl.GetAlignWithMargins
 0001:0006A48C       Controls.TControl.GetBoundsRect
 0001:0006A528       Controls.TControl.GetClientHeight
 0001:0006A568       Controls.TControl.GetClientOrigin
 0001:0006A4D0       Controls.TControl.GetClientRect
 0001:0006A4E8       Controls.TControl.GetClientWidth
 0001:0006B38C       Controls.TControl.GetControlsAlignment
 0001:0006C170       Controls.TControl.GetCustomHint
 0001:0006AFAC       Controls.TControl.GetDeviceContext
 0001:0006D8D0       Controls.TControl.GetDockEdge
 0001:00069AA0       Controls.TControl.GetDragImages
 0001:00069D50       Controls.TControl.GetDragMode
 0001:00069AA4       Controls.TControl.GetEnabled
 0001:0006D980       Controls.TControl.GetFloating
 0001:0006D9AC       Controls.TControl.GetFloatingDockSiteClass
 0001:0006ABC4       Controls.TControl.GetLRDockWidth
 0001:0006AE6C       Controls.TControl.GetMouseCapture
 0001:00069AAC       Controls.TControl.GetPalette
 0001:00069AB8       Controls.TControl.GetParentComponent
 0001:0006CC38       Controls.TControl.GetPopupMenu
 0001:0006ABB0       Controls.TControl.GetTBDockHeight
 0001:0006ABFC       Controls.TControl.GetText
 0001:0006AB7C       Controls.TControl.GetTextBuf
 0001:0006AB6C       Controls.TControl.GetTextLen
 0001:0006AB88       Controls.TControl.GetUndockHeight
 0001:0006AB9C       Controls.TControl.GetUndockWidth
 0001:00069AB0       Controls.TControl.HasParent
 0001:0006B238       Controls.TControl.Hide
 0001:0006DA30       Controls.TControl.InitiateAction
 0001:0006B170       Controls.TControl.Invalidate
 0001:0006B0DC       Controls.TControl.InvalidateControl
 0001:00069C8C       Controls.TControl.IsAnchorsStored
 0001:0006AD28       Controls.TControl.IsBiDiModeStored
 0001:0006D6F0       Controls.TControl.IsCaptionStored
 0001:0006AE00       Controls.TControl.IsColorStored
 0001:0006D710       Controls.TControl.IsEnabledStored
 0001:0006AD08       Controls.TControl.IsFontStored
 0001:0006D750       Controls.TControl.IsHelpContextStored
 0001:0006D730       Controls.TControl.IsHintStored
 0001:0006D790       Controls.TControl.IsOnClickStored
 0001:0006B390       Controls.TControl.IsRightToLeft
 0001:0006AD1C       Controls.TControl.IsShowHintStored
 0001:00069CA4       Controls.TControl.IsTouchPropertyStored
 0001:0006D770       Controls.TControl.IsVisibleStored
 0001:0006D7B0       Controls.TControl.Loaded
 0001:0006BB2C       Controls.TControl.ManualDock
 0001:0006BD40       Controls.TControl.ManualFloat
 0001:0006B184       Controls.TControl.MouseActivate
 0001:0006CAA8       Controls.TControl.MouseDown
 0001:0006CD88       Controls.TControl.MouseMove
 0001:0006CE44       Controls.TControl.MouseUp
 0001:0006B1CC       Controls.TControl.MouseWheelHandler
 0001:00069E28       Controls.TControl.Notification
 0001:00069AE4       Controls.TControl.PaletteChanged
 0001:0006DD00       Controls.TControl.ParentToClient
 0001:0006C15C       Controls.TControl.Perform
 0001:0006C148       Controls.TControl.Perform
 0001:0006C114       Controls.TControl.Perform
 0001:0006B608       Controls.TControl.PositionDockRect
 0001:0006DF30       Controls.TControl.ReadExplicitHeight
 0001:0006DF48       Controls.TControl.ReadExplicitLeft
 0001:0006DF18       Controls.TControl.ReadExplicitTop
 0001:0006DEF0       Controls.TControl.ReadExplicitWidth
 0001:0006C5BC       Controls.TControl.ReadIsControl
 0001:00069D78       Controls.TControl.ReadState
 0001:0006B284       Controls.TControl.Refresh
 0001:0006B290       Controls.TControl.Repaint
 0001:0006BDE0       Controls.TControl.ReplaceDockedControl
 0001:00069D40       Controls.TControl.RequestAlign
 0001:00069D58       Controls.TControl.Resize
 0001:0006A624       Controls.TControl.ScaleConstraints
 0001:0006A6A8       Controls.TControl.ScaleMargins
 0001:0006A72C       Controls.TControl.ScreenToClient
 0001:0006A758       Controls.TControl.SendCancelMode
 0001:0006A788       Controls.TControl.SendDockNotification
 0001:0006AEB4       Controls.TControl.SendToBack
 0001:00069C10       Controls.TControl.SetAction
 0001:00069EA4       Controls.TControl.SetAlign
 0001:0006DE60       Controls.TControl.SetAlignWithMargins
 0001:00069B70       Controls.TControl.SetAnchors
 0001:0006A9CC       Controls.TControl.SetAutoSize
 0001:0006AC98       Controls.TControl.SetBiDiMode
 0001:00069F8C       Controls.TControl.SetBounds
 0001:0006A4AC       Controls.TControl.SetBoundsRect
 0001:0006A540       Controls.TControl.SetClientHeight
 0001:0006AA88       Controls.TControl.SetClientSize
 0001:0006A500       Controls.TControl.SetClientWidth
 0001:0006ADB4       Controls.TControl.SetColor
 0001:0006DBE4       Controls.TControl.SetConstraints
 0001:0006AE50       Controls.TControl.SetCursor
 0001:0006AF74       Controls.TControl.SetCustomHint
 0001:00069D04       Controls.TControl.SetDesignVisible
 0001:00069D3C       Controls.TControl.SetDragMode
 0001:0006AB54       Controls.TControl.SetEnabled
 0001:0006ACF8       Controls.TControl.SetFont
 0001:0006A270       Controls.TControl.SetHeight
 0001:0006A42C       Controls.TControl.SetHelpContext
 0001:0006A440       Controls.TControl.SetHelpKeyword
 0001:0006A464       Controls.TControl.SetHostDockSite
 0001:0006A1D4       Controls.TControl.SetLeft
 0001:0006DE40       Controls.TControl.SetMargins
 0001:0006AE7C       Controls.TControl.SetMouseCapture
 0001:0006A9E4       Controls.TControl.SetName
 0001:0006AAD0       Controls.TControl.SetParent
 0001:0006AE2C       Controls.TControl.SetParentBiDiMode
 0001:0006AE08       Controls.TControl.SetParentColor
 0001:00069ABC       Controls.TControl.SetParentComponent
 0001:0006ADA4       Controls.TControl.SetParentCustomHint
 0001:0006AD30       Controls.TControl.SetParentFont
 0001:0006AD78       Controls.TControl.SetParentShowHint
 0001:0006ABD8       Controls.TControl.SetPopupMenu
 0001:0006AD54       Controls.TControl.SetShowHint
 0001:0006AC34       Controls.TControl.SetText
 0001:0006A02C       Controls.TControl.SetTextBuf
 0001:0006A208       Controls.TControl.SetTop
 0001:0006DE4C       Controls.TControl.SetTouchManager
 0001:0006AB1C       Controls.TControl.SetVisible
 0001:0006A23C       Controls.TControl.SetWidth
 0001:0006AF50       Controls.TControl.SetZOrder
 0001:0006AEC4       Controls.TControl.SetZOrderPosition
 0001:0006B240       Controls.TControl.Show
 0001:0006B270       Controls.TControl.Update
 0001:0006A050       Controls.TControl.UpdateAnchorRules
 0001:0006C20C       Controls.TControl.UpdateBoundsRect
 0001:0006DE8C       Controls.TControl.UpdateExplicitBounds
 0001:0006B3C0       Controls.TControl.UseRightToLeftAlignment
 0001:0006B3A8       Controls.TControl.UseRightToLeftReading
 0001:0006B3D8       Controls.TControl.UseRightToLeftScrollBar
 0001:0006C23C       Controls.TControl.VisibleChanging
 0001:0006CFD4       Controls.TControl.WMCancelMode
 0001:0006DA70       Controls.TControl.WMContextMenu
 0001:0006CBE4       Controls.TControl.WMLButtonDblClk
 0001:0006CB7C       Controls.TControl.WMLButtonDown
 0001:0006CEC0       Controls.TControl.WMLButtonUp
 0001:0006CD5C       Controls.TControl.WMMButtonDblClk
 0001:0006CD30       Controls.TControl.WMMButtonDown
 0001:0006CF5C       Controls.TControl.WMMButtonUp
 0001:0006CDBC       Controls.TControl.WMMouseMove
 0001:0006CF7C       Controls.TControl.WMMouseWheel
 0001:0006CBC8       Controls.TControl.WMNCLButtonDown
 0001:0006CD04       Controls.TControl.WMRButtonDblClk
 0001:0006CCD8       Controls.TControl.WMRButtonDown
 0001:0006CF3C       Controls.TControl.WMRButtonUp
 0001:0006D010       Controls.TControl.WMWindowPosChanged
 0001:0006C240       Controls.TControl.WndProc
 0001:0006DED0       Controls.TControl.WriteExplicitHeight
 0001:0006DEE0       Controls.TControl.WriteExplicitLeft
 0001:0006DEC0       Controls.TControl.WriteExplicitTop
 0001:0006DF08       Controls.TControl.WriteExplicitWidth
 0001:0006C5D0       Controls.TControl.WriteIsControl
 0001:00069454       Controls.TControlActionLink.AssignClient
 0001:00069470       Controls.TControlActionLink.DoShowHint
 0001:0006956C       Controls.TControlActionLink.IsCaptionLinked
 0001:000695D4       Controls.TControlActionLink.IsDropdownMenuLinked
 0001:000695E8       Controls.TControlActionLink.IsEnabledLinked
 0001:00069610       Controls.TControlActionLink.IsEnableDropdownLinked
 0001:00069788       Controls.TControlActionLink.IsHelpLinked
 0001:00069624       Controls.TControlActionLink.IsHintLinked
 0001:000696A8       Controls.TControlActionLink.IsOnExecuteLinked
 0001:00069650       Controls.TControlActionLink.IsPopupMenuLinked
 0001:00069680       Controls.TControlActionLink.IsVisibleLinked
 0001:000696D0       Controls.TControlActionLink.SetCaption
 0001:000696F0       Controls.TControlActionLink.SetDropdownMenu
 0001:000696F4       Controls.TControlActionLink.SetEnabled
 0001:00069714       Controls.TControlActionLink.SetEnableDropdown
 0001:000697F8       Controls.TControlActionLink.SetHelpContext
 0001:000697D8       Controls.TControlActionLink.SetHelpKeyword
 0001:00069818       Controls.TControlActionLink.SetHelpType
 0001:00069718       Controls.TControlActionLink.SetHint
 0001:0006975C       Controls.TControlActionLink.SetOnExecute
 0001:00069838       Controls.TControlActionLink.SetPopupMenu
 0001:0006973C       Controls.TControlActionLink.SetVisible
 0001:000691E4       Controls.TControlCanvas.CreateHandle
 0001:000691B8       Controls.TControlCanvas.Destroy
 0001:000692B8       Controls.TControlCanvas.FreeHandle
 0001:000692EC       Controls.TControlCanvas.SetControl
 0001:00069304       Controls.TControlCanvas.UpdateTextFlags
 0001:00076734       Controls.TCustomControl.Create
 0001:00076790       Controls.TCustomControl.Destroy
 0001:0007688C       Controls.TCustomControl.Paint
 0001:000767E0       Controls.TCustomControl.PaintWindow
 0001:000767C0       Controls.TCustomControl.WMPaint
 0001:0005F4A0       Controls.TCustomGestureEngine.Create
 0001:0005F4A8       Controls.TCustomGestureEngine.Notification
 0001:0007B760       Controls.TCustomGestureEngine.Supported
 0001:0005F1E0       Controls.TCustomGestureManager.AddRecordedGesture
 0001:0005F1E8       Controls.TCustomGestureManager.FindCustomGesture
 0001:0005F1F0       Controls.TCustomGestureManager.FindCustomGesture
[...]
 0004:00005224       ComCtrls..96
 0004:00005228       ComCtrls.ConversionFormatList
 0004:0000522C       ComCtrls.ShellModule
 0004:00005230       ComCtrls.FRichEditModule
 0004:00005234       Dialogs..03
 0004:00005238       Dialogs.HelpMsg
 0004:0000523C       Dialogs.FindMsg
 0004:00005240       Clipbrd.CF_PICTURE
 0004:00005242       Clipbrd.CF_COMPONENT
 0004:00005244       Clipbrd..3
 0004:00005248       Clipbrd.FClipboard
 0004:0000524C       Forms.Application
 0004:00005250       Forms.Screen
 0004:00005254       Forms..51
 0004:00005258       Forms.RM_TaskbarCreated
 0004:0000525C       Forms.HintThreadID
 0004:00005260       Forms.HintDoneEvent
 0004:00005264       Forms.HintHook
 0004:00005268       Forms.HintThread
 0004:0000526C       Forms.IdleTimerHandle
 0004:00005270       Forms.IdleTimerDelegate
 0004:00005274       DCPice..5
 0004:00005278       DCPice.ice_sboxdone
 0004:0000527C       DCPtwofish..2
 0004:00005280       DCPtwofish.MDSDone
 0004:00005284       Unit1.Form1
 0005:00000000       System.RaiseListPtr
 0005:00000004       System.InOutRes
 0005:00000008       Classes.TThread.FCurrentThread
 0005:0000000C       Classes.GlobalLoaded
 0005:00000010       Classes.GlobalLists
 0005:00000014       SyncObjs.OleThreadWnd
 0005:00000018       GraphUtil.CachedHighlightLum
 0005:0000001C       GraphUtil.CachedHighlightColor
 0005:00000020       GraphUtil.CachedHighlight
 0005:00000024       GraphUtil.CachedShadowLum
 0005:00000028       GraphUtil.CachedShadowColor
 0005:0000002C       GraphUtil.CachedShadow
 0005:00000030       GraphUtil.CachedColorValue
 0005:00000034       GraphUtil.CachedLumValue
 0005:00000038       GraphUtil.CachedColorAdjustLuma
 0005:0000003C       SysInit.TlsLast


Line numbers for DCPbase64(DCPbase64.pas) segment .text

    56 0001:000B2560    57 0001:000B2570    58 0001:000B257C    59 0001:000B2586
    61 0001:000B25A3    62 0001:000B25BF    63 0001:000B25F2    64 0001:000B2626
    65 0001:000B2649    66 0001:000B2651    59 0001:000B2654    67 0001:000B265D
    69 0001:000B2673    70 0001:000B268F    71 0001:000B26B4    72 0001:000B26BF
    75 0001:000B26CF    76 0001:000B26EB    77 0001:000B271E    78 0001:000B2744
    81 0001:000B274F    82 0001:000B2763    85 0001:000B276C    86 0001:000B2778
    87 0001:000B27AA    88 0001:000B27DF    95 0001:000B27E4    96 0001:000B27F3
    97 0001:000B27FF    98 0001:000B2809    99 0001:000B280E   101 0001:000B282D
   103 0001:000B2832   104 0001:000B2867   105 0001:000B287B   106 0001:000B2891
   107 0001:000B28A7   108 0001:000B28B1   109 0001:000B28BB   111 0001:000B28C3
   112 0001:000B28C6   101 0001:000B28C9   113 0001:000B28D3   114 0001:000B28EC
   115 0001:000B28F3   117 0001:000B28FF   118 0001:000B2919   119 0001:000B2922
   121 0001:000B2927   123 0001:000B292D   124 0001:000B2947   125 0001:000B295A
   126 0001:000B2963   128 0001:000B2967   129 0001:000B296A    99 0001:000B296D
   130 0001:000B2976   133 0001:000B2980   134 0001:000B298C   135 0001:000B29BB
   136 0001:000B29FA   139 0001:000B2A05

Line numbers for DCPconst(DCPconst.pas) segment .text

    72 0001:00000000

Line numbers for DCPcrypt2(DCPcrypt2.pas) segment .text

   242 0001:000B3E68   243 0001:000B3E74   246 0001:000B3E78   247 0001:000B3E9A
   250 0001:000B3EBC   251 0001:000B3EC5   252 0001:000B3ECC   255 0001:000B3ED4
   256 0001:000B3EE0   257 0001:000B3EE8   260 0001:000B3EEC   261 0001:000B3EF5
   262 0001:000B3EFC   265 0001:000B3F04   266 0001:000B3F0D   267 0001:000B3F11
   270 0001:000B3F18   271 0001:000B3F1F   274 0001:000B3F24   275 0001:000B3F30
   278 0001:000B3F34   279 0001:000B3F3B   282 0001:000B3F40   283 0001:000B3F4F
   289 0001:000B3F54   290 0001:000B3F77   292 0001:000B3F8B   293 0001:000B3FA1
   294 0001:000B3FB2   290 0001:000B3FB5   295 0001:000B3FBA   297 0001:000B3FC6
   298 0001:000B3FE0   300 0001:000B3FF1   303 0001:000B3FF8   304 0001:000B4005
   305 0001:000B4031   308 0001:000B4038   309 0001:000B4049   310 0001:000B4052
   311 0001:000B405A   312 0001:000B4068   318 0001:000B407C   319 0001:000B4088
   322 0001:000B408C   323 0001:000B40AE   326 0001:000B40D0   327 0001:000B40D9
   328 0001:000B40E0   331 0001:000B40E8   332 0001:000B40F4   333 0001:000B40FC
   336 0001:000B4100   337 0001:000B4109   338 0001:000B4110   341 0001:000B4118
   342 0001:000B4121   343 0001:000B4125   346 0001:000B412C   347 0001:000B413B
   348 0001:000B4144   349 0001:000B414C   350 0001:000B4165   352 0001:000B417D
   353 0001:000B4184   359 0001:000B41BC   360 0001:000B41CE   361 0001:000B41D7
   362 0001:000B41DF   363 0001:000B41ED   364 0001:000B4205   365 0001:000B4213
   366 0001:000B421B   367 0001:000B4226   368 0001:000B4231   369 0001:000B4239
   370 0001:000B424D   372 0001:000B4266   373 0001:000B427B   374 0001:000B429A
   376 0001:000B42B1   378 0001:000B42CC   381 0001:000B434C   382 0001:000B4353
   383 0001:000B435A   386 0001:000B4360   387 0001:000B4367   390 0001:000B436C
   391 0001:000B437B   394 0001:000B4384   395 0001:000B4393   401 0001:000B439C
   402 0001:000B43BF   403 0001:000B43C4   405 0001:000B43D8   406 0001:000B43EE
   407 0001:000B43F4   408 0001:000B440C   409 0001:000B441D   403 0001:000B4420
   410 0001:000B4425   412 0001:000B4431   413 0001:000B444B   414 0001:000B4451
   415 0001:000B4469   417 0001:000B447A   423 0001:000B4484   424 0001:000B44A7
   425 0001:000B44AC   427 0001:000B44C0   428 0001:000B44D6   429 0001:000B44DC
   430 0001:000B44F4   431 0001:000B4505   425 0001:000B4508   432 0001:000B450D
   434 0001:000B4519   435 0001:000B4533   436 0001:000B4539   437 0001:000B4551
   439 0001:000B4562   442 0001:000B456C   443 0001:000B458F   444 0001:000B45B1
   445 0001:000B45EC   446 0001:000B4604   449 0001:000B4628   450 0001:000B4638
   451 0001:000B4643   452 0001:000B468A   455 0001:000B4690   456 0001:000B46AB
   457 0001:000B46B8   458 0001:000B46C0   461 0001:000B46E0   462 0001:000B46F1
   463 0001:000B46FA   464 0001:000B4702   465 0001:000B4710   471 0001:000B4724
   472 0001:000B4733   475 0001:000B4738   476 0001:000B4741   477 0001:000B4748
   480 0001:000B4750   481 0001:000B475C   484 0001:000B4760   485 0001:000B476C
   488 0001:000B4770   489 0001:000B4780   490 0001:000B47AB   491 0001:000B47BF
   492 0001:000B47D6   493 0001:000B47ED   494 0001:000B4804   496 0001:000B4819
   499 0001:000B4820   500 0001:000B4843   501 0001:000B4865   502 0001:000B48A3
   503 0001:000B48BB   506 0001:000B48E0   507 0001:000B48F0   508 0001:000B48FB
   509 0001:000B4945   512 0001:000B494C   513 0001:000B495C   514 0001:000B4987
   515 0001:000B499B   516 0001:000B49B2   517 0001:000B49C9   518 0001:000B49E0
   520 0001:000B49F5   523 0001:000B49FC   524 0001:000B4A0B   527 0001:000B4A10
   528 0001:000B4A1F   531 0001:000B4A24   532 0001:000B4A33   535 0001:000B4A3C
   536 0001:000B4A4B   539 0001:000B4A54   540 0001:000B4A63   543 0001:000B4A6C
   544 0001:000B4A7B   547 0001:000B4A84   548 0001:000B4A93   551 0001:000B4A9C
   552 0001:000B4AAB   555 0001:000B4AB4   556 0001:000B4AC3   559 0001:000B4ACC
   560 0001:000B4ADB   563 0001:000B4AE4   564 0001:000B4AF3   567 0001:000B4AFC
   568 0001:000B4B0B   571 0001:000B4B14   572 0001:000B4B2F   573 0001:000B4B3C
   574 0001:000B4B43   581 0001:000B4B64   582 0001:000B4B73   583 0001:000B4B84
   582 0001:000B4B99   584 0001:000B4B9E   586 0001:000B4BA9

Line numbers for DCPblockciphers(DCPblockciphers.pas) segment .text

   129 0001:000B524C   130 0001:000B5255   131 0001:000B525B   134 0001:000B5264
   135 0001:000B526E   132 0001:000B5271   137 0001:000B5284   140 0001:000B5288
   141 0001:000B5291   142 0001:000B5298   145 0001:000B52A0   146 0001:000B52B0
   147 0001:000B52C2   148 0001:000B52D0   150 0001:000B52D6   151 0001:000B52E8
   152 0001:000B52FC   156 0001:000B5306   157 0001:000B5319   159 0001:000B5321
   162 0001:000B5328   163 0001:000B5334   164 0001:000B533D   165 0001:000B5353
   166 0001:000B5366   167 0001:000B536E   170 0001:000B53B0   171 0001:000B53BC
   172 0001:000B53C5   173 0001:000B53DB   174 0001:000B53EE   177 0001:000B5430
   178 0001:000B5437   179 0001:000B5440   181 0001:000B5459   182 0001:000B546F
   185 0001:000B54B0   186 0001:000B54B7   187 0001:000B54CC   188 0001:000B54E1
   189 0001:000B54E9   195 0001:000B54EC   196 0001:000B54FC   197 0001:000B5505
   198 0001:000B551B   199 0001:000B5521   200 0001:000B5527   202 0001:000B553B
   203 0001:000B554B   204 0001:000B555E   205 0001:000B556C   206 0001:000B557F
   207 0001:000B5588   208 0001:000B5591   200 0001:000B5594   209 0001:000B5599
   211 0001:000B55A3   212 0001:000B55B7   213 0001:000B55C8   215 0001:000B55DC
   222 0001:000B5620   223 0001:000B5630   224 0001:000B5639   225 0001:000B564F
   226 0001:000B5655   227 0001:000B565B   229 0001:000B566F   230 0001:000B567F
   231 0001:000B568F   232 0001:000B569D   233 0001:000B56B0   234 0001:000B56C3
   235 0001:000B56CC   236 0001:000B56D5   227 0001:000B56D8   237 0001:000B56DD
   239 0001:000B56E7   240 0001:000B56FB   241 0001:000B570C   243 0001:000B5720
   250 0001:000B5764   251 0001:000B5774   252 0001:000B577D   253 0001:000B5793
   254 0001:000B5799   255 0001:000B579F   257 0001:000B57B0   258 0001:000B57C1
   259 0001:000B57CE   260 0001:000B57E4   261 0001:000B57EF   262 0001:000B57F2
   263 0001:000B57F5   255 0001:000B57F8   264 0001:000B57FD   272 0001:000B5840
   273 0001:000B5850   274 0001:000B5859   275 0001:000B586F   276 0001:000B5875
   277 0001:000B587B   279 0001:000B588C   280 0001:000B5894   281 0001:000B58A5
   282 0001:000B58B2   283 0001:000B58C8   284 0001:000B58D1   285 0001:000B58D4
   286 0001:000B58D7   277 0001:000B58DA   287 0001:000B58DF   293 0001:000B5924
   294 0001:000B5934   295 0001:000B593D   296 0001:000B5953   297 0001:000B5959
   298 0001:000B595F   300 0001:000B5973   301 0001:000B5987   302 0001:000B5997
   303 0001:000B59AA   304 0001:000B59BD   305 0001:000B59C6   306 0001:000B59CF
   298 0001:000B59D2   307 0001:000B59D7   309 0001:000B59E1   310 0001:000B59F5
   311 0001:000B5A06   313 0001:000B5A1A   320 0001:000B5A60   321 0001:000B5A70
   322 0001:000B5A79   323 0001:000B5A8F   324 0001:000B5A95   325 0001:000B5A9B
   327 0001:000B5AAF   328 0001:000B5ABF   329 0001:000B5AD3   330 0001:000B5AE3
   331 0001:000B5AF6   332 0001:000B5B09   333 0001:000B5B12   334 0001:000B5B1B
   325 0001:000B5B1E   335 0001:000B5B23   337 0001:000B5B2D   338 0001:000B5B41
   339 0001:000B5B52   341 0001:000B5B66   347 0001:000B5BAC   348 0001:000B5BBC
   349 0001:000B5BC5   350 0001:000B5BDB   351 0001:000B5BE1   352 0001:000B5BE7
   354 0001:000B5BFB   355 0001:000B5C0F   356 0001:000B5C1F   357 0001:000B5C32
   358 0001:000B5C3B   359 0001:000B5C44   352 0001:000B5C47   360 0001:000B5C4C
   362 0001:000B5C56   363 0001:000B5C6A   364 0001:000B5C7B   366 0001:000B5C8F
   372 0001:000B5CD4   373 0001:000B5CE4   374 0001:000B5CED   375 0001:000B5D03
   376 0001:000B5D09   377 0001:000B5D0F   379 0001:000B5D23   380 0001:000B5D37
   381 0001:000B5D47   382 0001:000B5D5A   383 0001:000B5D63   384 0001:000B5D6C
   377 0001:000B5D6F   385 0001:000B5D74   387 0001:000B5D7E   388 0001:000B5D92
   389 0001:000B5DA3   391 0001:000B5DB7   398 0001:000B5DFC   399 0001:000B5E0C
   400 0001:000B5E15   401 0001:000B5E2B   402 0001:000B5E31   403 0001:000B5E37
   405 0001:000B5E4B   406 0001:000B5E5C   407 0001:000B5E64   408 0001:000B5E74
   409 0001:000B5E84   410 0001:000B5E8D   411 0001:000B5E96   403 0001:000B5E99
   412 0001:000B5E9E   414 0001:000B5EA8   415 0001:000B5EB9   416 0001:000B5EC1
   417 0001:000B5ED2   419 0001:000B5EE3   426 0001:000B5F28   427 0001:000B5F38
   428 0001:000B5F41   429 0001:000B5F57   430 0001:000B5F5D   431 0001:000B5F63
   433 0001:000B5F77   434 0001:000B5F88   435 0001:000B5F90   436 0001:000B5FA0
   437 0001:000B5FB0   438 0001:000B5FB9   439 0001:000B5FC2   431 0001:000B5FC5
   440 0001:000B5FCA   442 0001:000B5FD4   443 0001:000B5FE5   444 0001:000B5FED
   445 0001:000B5FFE   447 0001:000B600F   774 0001:000B6054

Line numbers for DCPblowfish(DCPblowfish.pas) segment .text

   245 0001:00000000

Line numbers for DCPcast128(DCPcast128.pas) segment .text

   379 0001:00000000

Line numbers for DCPcast256(DCPcast256.pas) segment .text

   366 0001:00000000

Line numbers for DCPdes(DCPdes.pas) segment .text

    85 0001:000B6474    86 0001:000B6483    87 0001:000B649F    88 0001:000B64BF
    91 0001:000B64C8    92 0001:000B64D7    93 0001:000B64EE    94 0001:000B64F8
    95 0001:000B6507   100 0001:000B6510   101 0001:000B651F   102 0001:000B654C
   103 0001:000B657A   104 0001:000B658F   105 0001:000B65A4   106 0001:000B65B9
   107 0001:000B65CE   108 0001:000B65E3   109 0001:000B65F8   111 0001:000B662D
   112 0001:000B6634   114 0001:000B6639   116 0001:000B6645   117 0001:000B6656
   121 0001:000B6669   122 0001:000B6679   124 0001:000B6689   125 0001:000B6690
   126 0001:000B6697   130 0001:000B6703   134 0001:000B6759   135 0001:000B676D
   136 0001:000B6786   137 0001:000B679A   138 0001:000B67B4   112 0001:000B67B7
   139 0001:000B67C1   145 0001:000B67C8   146 0001:000B67D7   147 0001:000B67DF
   148 0001:000B67EA   149 0001:000B67FB   150 0001:000B6801   151 0001:000B680A
   152 0001:000B681B   153 0001:000B6821   154 0001:000B682A   155 0001:000B683B
   156 0001:000B6841   157 0001:000B684A   158 0001:000B685B   159 0001:000B6861
   160 0001:000B686A   161 0001:000B687A   162 0001:000B6880   163 0001:000B6888
   164 0001:000B6899   165 0001:000B68AA   166 0001:000B68AF   168 0001:000B68B9
   169 0001:000B68C8   170 0001:000B68D8   171 0001:000B68E9   179 0001:000B696F
   180 0001:000B697F   181 0001:000B698F   182 0001:000B69A0   190 0001:000B6A26
   191 0001:000B6A36   192 0001:000B6A46   193 0001:000B6A57   201 0001:000B6ADD
   202 0001:000B6AED   203 0001:000B6AFD   204 0001:000B6B0E   212 0001:000B6B94
   166 0001:000B6B98   214 0001:000B6BA2   215 0001:000B6BB3   216 0001:000B6BC4
   217 0001:000B6BD4   218 0001:000B6BDA   219 0001:000B6BE2   220 0001:000B6BF3
   221 0001:000B6BF9   222 0001:000B6C02   223 0001:000B6C13   224 0001:000B6C19
   225 0001:000B6C22   226 0001:000B6C33   227 0001:000B6C39   228 0001:000B6C42
   229 0001:000B6C53   230 0001:000B6C59   231 0001:000B6C62   232 0001:000B6C6A
   233 0001:000B6C75   239 0001:000B6C7C   240 0001:000B6C8B   241 0001:000B6C93
   242 0001:000B6C9E   243 0001:000B6CAF   244 0001:000B6CB5   245 0001:000B6CBE
   246 0001:000B6CCF   247 0001:000B6CD5   248 0001:000B6CDE   249 0001:000B6CEF
   250 0001:000B6CF5   251 0001:000B6CFE   252 0001:000B6D0F   253 0001:000B6D15
   254 0001:000B6D1E   255 0001:000B6D2E   256 0001:000B6D34   257 0001:000B6D3C
   258 0001:000B6D4D   259 0001:000B6D5E   260 0001:000B6D65   262 0001:000B6D6F
   263 0001:000B6D7E   264 0001:000B6D8E   265 0001:000B6D9F   273 0001:000B6E25
   274 0001:000B6E35   275 0001:000B6E45   276 0001:000B6E56   284 0001:000B6EDC
   285 0001:000B6EEC   286 0001:000B6EFC   287 0001:000B6F0D   295 0001:000B6F93
   296 0001:000B6FA3   297 0001:000B6FB3   298 0001:000B6FC4   306 0001:000B704A
   260 0001:000B704E   308 0001:000B7058   309 0001:000B7069   310 0001:000B707A
   311 0001:000B708A   312 0001:000B7090   313 0001:000B7098   314 0001:000B70A9
   315 0001:000B70AF   316 0001:000B70B8   317 0001:000B70C9   318 0001:000B70CF
   319 0001:000B70D8   320 0001:000B70E9   321 0001:000B70EF   322 0001:000B70F8
   323 0001:000B7109   324 0001:000B710F   325 0001:000B7118   326 0001:000B7120
   327 0001:000B712B   409 0001:000B7134   410 0001:000B713D   411 0001:000B7144
   414 0001:000B714C   415 0001:000B7155   416 0001:000B715C   419 0001:000B7164
   420 0001:000B7170   421 0001:000B717D   435 0001:000B719C   436 0001:000B71A6
   437 0001:000B71B7   438 0001:000B71CB   439 0001:000B71DB   440 0001:000B71F0
   441 0001:000B71FE   442 0001:000B7223   443 0001:000B722B   448 0001:000B7234
   449 0001:000B7243   450 0001:000B7252   451 0001:000B7263   452 0001:000B7274
   453 0001:000B7288   454 0001:000B7291   456 0001:000B72A7   457 0001:000B72C0
   460 0001:000B72C4   461 0001:000B72CB   462 0001:000B72DD   463 0001:000B72E5
   466 0001:000B72E8   467 0001:000B72F7   468 0001:000B7300   469 0001:000B7316
   470 0001:000B732B   471 0001:000B7342   472 0001:000B7359   475 0001:000B739C
   476 0001:000B73AB   477 0001:000B73B4   478 0001:000B73CA   479 0001:000B73E1
   480 0001:000B73F8   481 0001:000B740D   484 0001:000B7457

Line numbers for DCPgost(DCPgost.pas) segment .text

   230 0001:00000000

Line numbers for DCPhaval(DCPhaval.pas) segment .text

   499 0001:00000000

Line numbers for DCPice(DCPice.pas) segment .itext

   440 0002:00000C74   441 0002:00000C80   443 0002:00000C87

Line numbers for DCPidea(DCPidea.pas) segment .text

   295 0001:00000000

Line numbers for DCPmars(DCPmars.pas) segment .text

   707 0001:00000000

Line numbers for DCPmd4(DCPmd4.pas) segment .text

   233 0001:00000000

Line numbers for DCPmd5(DCPmd5.pas) segment .text

   250 0001:00000000

Line numbers for DCPmisty1(DCPmisty1.pas) segment .text

   259 0001:00000000

Line numbers for DCPrc2(DCPrc2.pas) segment .text

   187 0001:00000000

Line numbers for DCPrc4(DCPrc4.pas) segment .text

   209 0001:00000000

Line numbers for DCPrc5(DCPrc5.pas) segment .text

   200 0001:00000000

Line numbers for DCPrc6(DCPrc6.pas) segment .text

   225 0001:00000000

Line numbers for DCPrijndael(DCPrijndael.pas) segment .text

   360 0001:00000000

Line numbers for DCPserpent(DCPserpent.pas) segment .text

   279 0001:00000000

Line numbers for DCPtea(DCPtea.pas) segment .text

   153 0001:00000000

Line numbers for DCPtwofish(DCPtwofish.pas) segment .itext

   569 0002:00000C8C   570 0002:00000C98   572 0002:00000C9F

Line numbers for DCPripemd128(DCPripemd128.pas) segment .text

   317 0001:00000000

Line numbers for DCPripemd160(DCPripemd160.pas) segment .text

   678 0001:00000000

Line numbers for DCPsha1(DCPsha1.pas) segment .text

   274 0001:00000000

Line numbers for DCPsha256(DCPsha256.pas) segment .text

   280 0001:00000000

Line numbers for DCPsha512(DCPsha512.pas) segment .text

   392 0001:00000000

Line numbers for DCPtiger(DCPtiger.pas) segment .text

   300 0001:00000000

Line numbers for DCPreg(DCPreg.pas) segment .text

    54 0001:00000000

Line numbers for Unit1(Unit1.pas) segment .text

    56 0001:000B7A24    57 0001:000B7A57    58 0001:000B7A66    59 0001:000B7A77
    60 0001:000B7A90    61 0001:000B7A9E    62 0001:000B7AA6    63 0001:000B7AAE
    69 0001:000B7AE0    70 0001:000B7B0A    71 0001:000B7B12    72 0001:000B7B3A
    71 0001:000B7B60    73 0001:000B7B65    74 0001:000B7B70    79 0001:000B7BA4
    80 0001:000B7BC8    81 0001:000B7BCD    82 0001:000B7BE3    84 0001:000B7C08
    85 0001:000B7C11    86 0001:000B7C22    87 0001:000B7C3A    88 0001:000B7C46
    90 0001:000B7C55    92 0001:000B7C6B    82 0001:000B7C6E    93 0001:000B7C73
    98 0001:000B7CC8    99 0001:000B7CF5   100 0001:000B7CFD   102 0001:000B7D25
   104 0001:000B7D2B   106 0001:000B7D5D   100 0001:000B7D60   107 0001:000B7D65
   108 0001:000B7D70   122 0001:000B7DA8   127 0001:000B7DCD   130 0001:000B7DE9
   134 0001:000B7DF8   135 0001:000B7E3A   136 0001:000B7E4A   138 0001:000B7E57
   140 0001:000B7E5E   143 0001:000B7E8A   138 0001:000B7E8D   148 0001:000B7E93
   149 0001:000B7EA4   152 0001:000B7EC0   155 0001:000B7EE0   160 0001:000B7F1F
   161 0001:000B7F27   164 0001:000B7F2F   165 0001:000B7F61   181 0001:000B803C
   183 0001:000B805F   184 0001:000B8070   187 0001:000B8081   189 0001:000B80B1
   192 0001:000B80FB

Line numbers for Project1(Project1.dpr) segment .itext

    38 0002:00000CA4    39 0002:00000CB4    40 0002:00000CC0    41 0002:00000CD8
    42 0002:00000CF0    43 0002:00000D08    44 0002:00000D14

Bound resource files

j:\program files (x86)\embarcadero\rad studio\8.0\lib\Win32\release\Controls.res
DCPciphers.dcr
DCPhashes.dcr
Unit1.dfm
Project1.res
Project1.drf


Program entry point at 0002:00000CA4
