
 Start         Length     Name                   Class
 0001:00000000 000520FCH .text                   CODE
 0002:00000000 000021ECH .data                   DATA
 0002:000021EC 00000BF5H .bss                    BSS


Detailed map of segments

 0001:00000000 00004B2F C=CODE     S=.text    G=(none)   M=System   ACBP=A9
 0001:00004B30 00000140 C=CODE     S=.text    G=(none)   M=SysInit  ACBP=A9
 0001:00004C70 00000078 C=CODE     S=.text    G=(none)   M=Types    ACBP=A9
 0001:00004CE8 00000BFC C=CODE     S=.text    G=(none)   M=Windows  ACBP=A9
 0001:000058E4 00000038 C=CODE     S=.text    G=(none)   M=Messages ACBP=A9
 0001:0000591C 00000310 C=CODE     S=.text    G=(none)   M=SysConst ACBP=A9
 0001:00005C2C 00006378 C=CODE     S=.text    G=(none)   M=SysUtils ACBP=A9
 0001:0000BFA4 000007FB C=CODE     S=.text    G=(none)   M=VarUtils ACBP=A9
 0001:0000C7A0 00002A42 C=CODE     S=.text    G=(none)   M=Variants ACBP=A9
 0001:0000F1E4 00000120 C=CODE     S=.text    G=(none)   M=RTLConsts ACBP=A9
 0001:0000F304 000007E8 C=CODE     S=.text    G=(none)   M=TypInfo  ACBP=A9
 0001:0000FAEC 00000038 C=CODE     S=.text    G=(none)   M=ActiveX  ACBP=A9
 0001:0000FB24 0000978A C=CODE     S=.text    G=(none)   M=Classes  ACBP=A9
 0001:000192B0 00000290 C=CODE     S=.text    G=(none)   M=Consts   ACBP=A9
 0001:00019540 00007283 C=CODE     S=.text    G=(none)   M=Graphics ACBP=A9
 0001:000207C4 00000048 C=CODE     S=.text    G=(none)   M=Math     ACBP=A9
 0001:0002080C 000002B8 C=CODE     S=.text    G=(none)   M=Contnrs  ACBP=A9
 0001:00020AC4 000000F4 C=CODE     S=.text    G=(none)   M=CommCtrl ACBP=A9
 0001:00020BB8 00000787 C=CODE     S=.text    G=(none)   M=MultiMon ACBP=A9
 0001:00021340 00000038 C=CODE     S=.text    G=(none)   M=Imm      ACBP=A9
 0001:00021378 00000FF8 C=CODE     S=.text    G=(none)   M=HelpIntfs ACBP=A9
 0001:00022370 00000038 C=CODE     S=.text    G=(none)   M=WinSpool ACBP=A9
 0001:000223A8 00000044 C=CODE     S=.text    G=(none)   M=Printers ACBP=A9
 0001:000223EC 0000031F C=CODE     S=.text    G=(none)   M=FlatSB   ACBP=A9
 0001:0002270C 000001A4 C=CODE     S=.text    G=(none)   M=SyncObjs ACBP=A9
 0001:000228B0 000009BB C=CODE     S=.text    G=(none)   M=UxTheme  ACBP=A9
 0001:0002326C 00000038 C=CODE     S=.text    G=(none)   M=RichEdit ACBP=A9
 0001:000232A4 00000038 C=CODE     S=.text    G=(none)   M=ToolWin  ACBP=A9
 0001:000232DC 00000038 C=CODE     S=.text    G=(none)   M=ShellAPI ACBP=A9
 0001:00023314 00000038 C=CODE     S=.text    G=(none)   M=RegStr   ACBP=A9
 0001:0002334C 00000038 C=CODE     S=.text    G=(none)   M=WinInet  ACBP=A9
 0001:00023384 00000038 C=CODE     S=.text    G=(none)   M=UrlMon   ACBP=A9
 0001:000233BC 00000038 C=CODE     S=.text    G=(none)   M=ShlObj   ACBP=A9
 0001:000233F4 00000038 C=CODE     S=.text    G=(none)   M=CommDlg  ACBP=A9
 0001:0002342C 00000038 C=CODE     S=.text    G=(none)   M=Dlgs     ACBP=A9
 0001:00023464 0000066D C=CODE     S=.text    G=(none)   M=Dialogs  ACBP=A9
 0001:00023AD4 00000652 C=CODE     S=.text    G=(none)   M=ExtCtrls ACBP=A9
 0001:00024128 00000038 C=CODE     S=.text    G=(none)   M=ComStrs  ACBP=A9
 0001:00024160 00000094 C=CODE     S=.text    G=(none)   M=Clipbrd  ACBP=A9
 0001:000241F4 00000038 C=CODE     S=.text    G=(none)   M=StrUtils ACBP=A9
 0001:0002422C 000000F5 C=CODE     S=.text    G=(none)   M=Buttons  ACBP=A9
 0001:00024324 00000038 C=CODE     S=.text    G=(none)   M=ExtDlgs  ACBP=A9
 0001:0002435C 00000068 C=CODE     S=.text    G=(none)   M=IniFiles ACBP=A9
 0001:000243C4 00000068 C=CODE     S=.text    G=(none)   M=Registry ACBP=A9
 0001:0002442C 0000006C C=CODE     S=.text    G=(none)   M=Mapi     ACBP=A9
 0001:00024498 00000058 C=CODE     S=.text    G=(none)   M=ExtActns ACBP=A9
 0001:000244F0 00000038 C=CODE     S=.text    G=(none)   M=ListActns ACBP=A9
 0001:00024528 00000180 C=CODE     S=.text    G=(none)   M=ComCtrls ACBP=A9
 0001:000246A8 00000A0C C=CODE     S=.text    G=(none)   M=Themes   ACBP=A9
 0001:000250B4 000031E8 C=CODE     S=.text    G=(none)   M=StdCtrls ACBP=A9
 0001:0002829C 00000168 C=CODE     S=.text    G=(none)   M=StdActns ACBP=A9
 0001:00028404 00000D1F C=CODE     S=.text    G=(none)   M=WinHelpViewer ACBP=A9
 0001:00029124 00010B37 C=CODE     S=.text    G=(none)   M=Controls ACBP=A9
 0001:00039C5C 00001292 C=CODE     S=.text    G=(none)   M=ActnList ACBP=A9
 0001:0003AEF0 000016E4 C=CODE     S=.text    G=(none)   M=ImgList  ACBP=A9
 0001:0003C5D4 00006639 C=CODE     S=.text    G=(none)   M=Menus    ACBP=A9
 0001:00042C10 0000C408 C=CODE     S=.text    G=(none)   M=Forms    ACBP=A9
 0001:0004F018 00000038 C=CODE     S=.text    G=(none)   M=DCPconst ACBP=A9
 0001:0004F050 00000354 C=CODE     S=.text    G=(none)   M=DCPbase64 ACBP=A9
 0001:0004F3A4 00000890 C=CODE     S=.text    G=(none)   M=DCPcrypt2 ACBP=A9
 0001:0004FC34 00000BE4 C=CODE     S=.text    G=(none)   M=DCPblockciphers ACBP=A9
 0001:00050818 00000F54 C=CODE     S=.text    G=(none)   M=DCPdes   ACBP=A9
 0001:0005176C 00000038 C=CODE     S=.text    G=(none)   M=DCPmd5   ACBP=A9
 0001:000517A4 00000038 C=CODE     S=.text    G=(none)   M=DCPsha1  ACBP=A9
 0001:000517DC 00000698 C=CODE     S=.text    G=(none)   M=Unit1    ACBP=A9
 0001:00051E74 00000285 C=CODE     S=.text    G=(none)   M=Project1 ACBP=A9
 0002:00000000 0000009C C=DATA     S=.data    G=DGROUP   M=System   ACBP=A9
 0002:0000009C 00000020 C=DATA     S=.data    G=DGROUP   M=SysInit  ACBP=A9
 0002:000000BC 00000254 C=DATA     S=.data    G=DGROUP   M=SysUtils ACBP=A9
 0002:00000310 00000008 C=DATA     S=.data    G=DGROUP   M=VarUtils ACBP=A9
 0002:00000318 0000008E C=DATA     S=.data    G=DGROUP   M=Variants ACBP=A9
 0002:000003A8 0000000C C=DATA     S=.data    G=DGROUP   M=TypInfo  ACBP=A9
 0002:000003B4 00000064 C=DATA     S=.data    G=DGROUP   M=Classes  ACBP=A9
 0002:00000418 00000304 C=DATA     S=.data    G=DGROUP   M=Graphics ACBP=A9
 0002:0000071C 00000004 C=DATA     S=.data    G=DGROUP   M=Printers ACBP=A9
 0002:00000720 00000074 C=DATA     S=.data    G=DGROUP   M=Dialogs  ACBP=A9
 0002:00000794 00000178 C=DATA     S=.data    G=DGROUP   M=ExtCtrls ACBP=A9
 0002:0000090C 0000002C C=DATA     S=.data    G=DGROUP   M=Buttons  ACBP=A9
 0002:00000938 00000008 C=DATA     S=.data    G=DGROUP   M=IniFiles ACBP=A9
 0002:00000940 00000008 C=DATA     S=.data    G=DGROUP   M=Registry ACBP=A9
 0002:00000948 00000008 C=DATA     S=.data    G=DGROUP   M=Mapi     ACBP=A9
 0002:00000950 00000018 C=DATA     S=.data    G=DGROUP   M=ComCtrls ACBP=A9
 0002:00000968 00000068 C=DATA     S=.data    G=DGROUP   M=Themes   ACBP=A9
 0002:000009D0 0000004C C=DATA     S=.data    G=DGROUP   M=StdCtrls ACBP=A9
 0002:00000A1C 0000013C C=DATA     S=.data    G=DGROUP   M=Controls ACBP=A9
 0002:00000B58 00000020 C=DATA     S=.data    G=DGROUP   M=ImgList  ACBP=A9
 0002:00000B78 000000EC C=DATA     S=.data    G=DGROUP   M=Menus    ACBP=A9
 0002:00000C64 0000011C C=DATA     S=.data    G=DGROUP   M=Forms    ACBP=A9
 0002:00000D80 00000040 C=DATA     S=.data    G=DGROUP   M=DCPbase64 ACBP=A9
 0002:00000DC0 00001038 C=DATA     S=.data    G=DGROUP   M=DCPdes   ACBP=A9
 0002:00003000 00000660 C=BSS      S=.bss     G=DGROUP   M=System   ACBP=A9
 0002:00003660 00000010 C=BSS      S=.bss     G=DGROUP   M=SysInit  ACBP=A9
 0002:00003670 00000004 C=BSS      S=.bss     G=DGROUP   M=Types    ACBP=A9
 0002:00003674 00000004 C=BSS      S=.bss     G=DGROUP   M=Windows  ACBP=A9
 0002:00003678 00000004 C=BSS      S=.bss     G=DGROUP   M=Messages ACBP=A9
 0002:0000367C 00000004 C=BSS      S=.bss     G=DGROUP   M=SysConst ACBP=A9
 0002:00003680 00000120 C=BSS      S=.bss     G=DGROUP   M=SysUtils ACBP=A9
 0002:000037A0 0000005C C=BSS      S=.bss     G=DGROUP   M=VarUtils ACBP=A9
 0002:000037FC 00000040 C=BSS      S=.bss     G=DGROUP   M=Variants ACBP=A9
 0002:0000383C 00000004 C=BSS      S=.bss     G=DGROUP   M=RTLConsts ACBP=A9
 0002:00003840 00000004 C=BSS      S=.bss     G=DGROUP   M=TypInfo  ACBP=A9
 0002:00003844 00000004 C=BSS      S=.bss     G=DGROUP   M=ActiveX  ACBP=A9
 0002:00003848 00000040 C=BSS      S=.bss     G=DGROUP   M=Classes  ACBP=A9
 0002:00003888 00000004 C=BSS      S=.bss     G=DGROUP   M=Consts   ACBP=A9
 0002:0000388C 00000060 C=BSS      S=.bss     G=DGROUP   M=Graphics ACBP=A9
 0002:000038EC 00000004 C=BSS      S=.bss     G=DGROUP   M=Math     ACBP=A9
 0002:000038F0 00000004 C=BSS      S=.bss     G=DGROUP   M=Contnrs  ACBP=A9
 0002:000038F4 00000004 C=BSS      S=.bss     G=DGROUP   M=CommCtrl ACBP=A9
 0002:000038F8 00000031 C=BSS      S=.bss     G=DGROUP   M=MultiMon ACBP=A9
 0002:0000392C 00000004 C=BSS      S=.bss     G=DGROUP   M=Imm      ACBP=A9
 0002:00003930 00000008 C=BSS      S=.bss     G=DGROUP   M=HelpIntfs ACBP=A9
 0002:00003938 00000004 C=BSS      S=.bss     G=DGROUP   M=WinSpool ACBP=A9
 0002:0000393C 00000004 C=BSS      S=.bss     G=DGROUP   M=Printers ACBP=A9
 0002:00003940 00000034 C=BSS      S=.bss     G=DGROUP   M=FlatSB   ACBP=A9
 0002:00003974 00000004 C=BSS      S=.bss     G=DGROUP   M=SyncObjs ACBP=A9
 0002:00003978 000000CC C=BSS      S=.bss     G=DGROUP   M=UxTheme  ACBP=A9
 0002:00003A44 00000004 C=BSS      S=.bss     G=DGROUP   M=RichEdit ACBP=A9
 0002:00003A48 00000004 C=BSS      S=.bss     G=DGROUP   M=ToolWin  ACBP=A9
 0002:00003A4C 00000004 C=BSS      S=.bss     G=DGROUP   M=ShellAPI ACBP=A9
 0002:00003A50 00000004 C=BSS      S=.bss     G=DGROUP   M=RegStr   ACBP=A9
 0002:00003A54 00000004 C=BSS      S=.bss     G=DGROUP   M=WinInet  ACBP=A9
 0002:00003A58 00000004 C=BSS      S=.bss     G=DGROUP   M=UrlMon   ACBP=A9
 0002:00003A5C 00000004 C=BSS      S=.bss     G=DGROUP   M=ShlObj   ACBP=A9
 0002:00003A60 00000004 C=BSS      S=.bss     G=DGROUP   M=CommDlg  ACBP=A9
 0002:00003A64 00000004 C=BSS      S=.bss     G=DGROUP   M=Dlgs     ACBP=A9
 0002:00003A68 0000000C C=BSS      S=.bss     G=DGROUP   M=Dialogs  ACBP=A9
 0002:00003A74 00000004 C=BSS      S=.bss     G=DGROUP   M=ExtCtrls ACBP=A9
 0002:00003A78 00000004 C=BSS      S=.bss     G=DGROUP   M=ComStrs  ACBP=A9
 0002:00003A7C 0000000C C=BSS      S=.bss     G=DGROUP   M=Clipbrd  ACBP=A9
 0002:00003A88 00000004 C=BSS      S=.bss     G=DGROUP   M=StrUtils ACBP=A9
 0002:00003A8C 00000030 C=BSS      S=.bss     G=DGROUP   M=Buttons  ACBP=A9
 0002:00003ABC 00000004 C=BSS      S=.bss     G=DGROUP   M=ExtDlgs  ACBP=A9
 0002:00003AC0 00000004 C=BSS      S=.bss     G=DGROUP   M=IniFiles ACBP=A9
 0002:00003AC4 00000004 C=BSS      S=.bss     G=DGROUP   M=Registry ACBP=A9
 0002:00003AC8 00000004 C=BSS      S=.bss     G=DGROUP   M=Mapi     ACBP=A9
 0002:00003ACC 00000009 C=BSS      S=.bss     G=DGROUP   M=ExtActns ACBP=A9
 0002:00003AD8 00000004 C=BSS      S=.bss     G=DGROUP   M=ListActns ACBP=A9
 0002:00003ADC 00000010 C=BSS      S=.bss     G=DGROUP   M=ComCtrls ACBP=A9
 0002:00003AEC 00000008 C=BSS      S=.bss     G=DGROUP   M=Themes   ACBP=A9
 0002:00003AF4 00000004 C=BSS      S=.bss     G=DGROUP   M=StdCtrls ACBP=A9
 0002:00003AF8 00000004 C=BSS      S=.bss     G=DGROUP   M=StdActns ACBP=A9
 0002:00003AFC 00000014 C=BSS      S=.bss     G=DGROUP   M=WinHelpViewer ACBP=A9
 0002:00003B10 00000080 C=BSS      S=.bss     G=DGROUP   M=Controls ACBP=A9
 0002:00003B90 00000004 C=BSS      S=.bss     G=DGROUP   M=ActnList ACBP=A9
 0002:00003B94 0000000C C=BSS      S=.bss     G=DGROUP   M=ImgList  ACBP=A9
 0002:00003BA0 00000010 C=BSS      S=.bss     G=DGROUP   M=Menus    ACBP=A9
 0002:00003BB0 00000020 C=BSS      S=.bss     G=DGROUP   M=Forms    ACBP=A9
 0002:00003BD0 00000004 C=BSS      S=.bss     G=DGROUP   M=DCPconst ACBP=A9
 0002:00003BD4 00000004 C=BSS      S=.bss     G=DGROUP   M=DCPbase64 ACBP=A9
 0002:00003BD8 00000004 C=BSS      S=.bss     G=DGROUP   M=DCPcrypt2 ACBP=A9
 0002:00003BDC 00000004 C=BSS      S=.bss     G=DGROUP   M=DCPblockciphers ACBP=A9
 0002:00003BE0 00000004 C=BSS      S=.bss     G=DGROUP   M=DCPdes   ACBP=A9
 0002:00003BE4 00000004 C=BSS      S=.bss     G=DGROUP   M=DCPmd5   ACBP=A9
 0002:00003BE8 00000004 C=BSS      S=.bss     G=DGROUP   M=DCPsha1  ACBP=A9
 0002:00003BEC 00000008 C=BSS      S=.bss     G=DGROUP   M=Unit1    ACBP=A9


  Address         Publics by Name

 0002:00003918       .1
 0002:00003A5C       .1
 0002:00003670       .1
 0002:00003A60       .1
 0002:0000392C       .1
 0002:00003678       .1
 0002:00003AC8       .1
 0002:00003A4C       .1
 0002:0000367C       .1
 0002:00003668       .1
 0002:00003A50       .1
 0002:00003888       .1
 0002:00003A88       .1
 0002:00003BD4       .1
 0002:00003A54       .1
 0002:00003BD0       .1
 0002:00003960       .1
 0002:00003A34       .1
 0002:00003A78       .1
 0002:0000383C       .1
 0002:00003A58       .1
 0002:00003A44       .1
 0002:000038F4       .1
 0002:00003B04       .1
 0002:00003A64       .1
 0002:00003A68       .11
 0002:00003890       .12
 0002:00003A74       .12
 0002:00003BE4       .2
 0002:00003BE8       .2
 0002:00003930       .2
 0002:00003BF0       .2
 0002:00003AEC       .2
 0002:00003A80       .2
 0002:000038EC       .2
 0002:000038F0       .21
 0002:00003844       .3
 0002:00003674       .3
 0002:00003938       .3
 0002:0000393C       .3
 0002:00003ABC       .3
 0002:00003B94       .3
 0002:00003BDC       .3
 0002:00003790       .35
 0002:00003ADC       .36
 0002:00003A8C       .4
 0002:00003A48       .4
 0002:00003BE0       .4
 0002:00003BB8       .41
 0002:00003AF4       .42
 0002:00003854       .45
 0002:000037F8       .5
 0002:000035B8       .5
 0002:00003AC4       .5
 0002:00003974       .6
 0002:00003840       .6
 0002:00003BD8       .7
 0002:00003ACC       .72
 0002:00003B18       .72
 0002:00003AF8       .73
 0002:00003AC0       .8
 0002:00003AD8       .8
 0002:00003B90       .8
 0002:0000381C       .81
 0002:00003BA8       .9
 0001:0000191C       @AbstractError
 0001:0000243C       @AfterConstruction
 0001:00002288       @AsClass
 0001:00001A84       @AStrCmp
 0001:0000244C       @BeforeDestruction
 0001:000022D4       @CallDynaInst
 0001:000023E4       @ClassCreate
 0001:00002434       @ClassDestroy
 0001:0000198C       @Close
 0001:00001854       @Copy
 0001:00003AE4       @CopyArray
 0001:000039C8       @CopyRecord
 0001:00003BD8       @DispCallByIDError
 0001:0000D240       @DispInvokeError
 0001:000028C8       @DoneExcept
 0001:00003E08       @DynArrayAsg
 0001:00003DCC       @DynArrayClear
 0001:00003C0C       @DynArrayHigh
 0001:00003C04       @DynArrayLength
 0001:00003DC0       @DynArraySetLength
 0001:000029B0       @ExceptionHandler
 0001:00001AF4       @FillChar
 0001:000039A4       @Finalize
 0001:000038B8       @FinalizeArray
 0001:0000386C       @FinalizeRecord
 0001:00002014       @FpuInit
 0001:00001F50       @FpuMaskInit
 0001:000016DC       @FreeMem
 0001:000016BC       @GetMem
 0001:00004BA8       @GetTls
 0001:00002DF8       @Halt
 0001:00002D20       @Halt0
 0001:00002560       @HandleAnyException
 0001:00002814       @HandleFinally
 0001:0000268C       @HandleOnException
 0001:00004BF4       @InitExe
 0001:000037D8       @InitializeArray
 0001:000037A8       @InitializeRecord
 0001:00002BE4       @InitImports
 0001:00002BBC       @InitResStringImports
 0001:00002B98       @InitResStrings
 0001:000044EC       @IntfAddRef
 0001:000044BC       @IntfCast
 0001:00004478       @IntfClear
 0001:00004490       @IntfCopy
 0001:00002264       @IsClass
 0001:00001F20       @isNECWindows
 0001:000032C0       @LStrAddRef
 0001:00002E34       @LStrArrayClr
 0001:00002E64       @LStrAsg
 0001:000030D8       @LStrCat
 0001:0000311C       @LStrCat3
 0001:00003190       @LStrCatN
 0001:00002E10       @LStrClr
 0001:0000321C       @LStrCmp
 0001:00003330       @LStrCopy
 0001:00003370       @LStrDelete
 0001:00003080       @LStrFromArray
 0001:00002FF8       @LStrFromChar
 0001:00003008       @LStrFromPChar
 0001:00002F00       @LStrFromPCharLen
 0001:00003038       @LStrFromPWChar
 0001:00002F6C       @LStrFromPWCharLen
 0001:00003074       @LStrFromString
 0001:00003098       @LStrFromWStr
 0001:000033B8       @LStrInsert
 0001:00002EA8       @LStrLAsg
 0001:000030D0       @LStrLen
 0001:000034C0       @LStrOfChar
 0001:00003414       @LStrPos
 0001:0000345C       @LStrSetLength
 0001:000032D0       @LStrToPChar
 0001:000030AC       @LStrToString
 0001:00002ED4       @NewAnsiString
 0001:000034F4       @NewWideString
 0001:00001C34       @Pow10
 0001:00001A00       @PStrCmp
 0001:000019E4       @PStrNCpy
 0001:00002874       @RaiseAgain
 0001:0000284C       @RaiseExcept
 0001:000016FC       @ReallocMem
 0001:00001910       @ROUND
 0001:00002E04       @RunError
 0001:00001C18       @SetEq
 0001:00002B58       @StartExe
 0001:0000029C       @strlen
 0001:000028F8       @TryFinallyExit
 0001:00003328       @UniqueStringA
 0001:00001B14       @ValLong
 0001:0000E938       @VarAddRef
 0001:0000D52C       @VarClear
 0001:000038A0       @VarClr
 0001:0000D540       @VarClr
 0001:000039B0       @VarCopy
 0001:0000D854       @VarCopy
 0001:0000E870       @VarFromBool
 0001:0000E8C0       @VarFromCurr
 0001:0000E808       @VarFromInt
 0001:0000E844       @VarFromInt64
 0001:0000E8D4       @VarFromLStr
 0001:0000E898       @VarFromReal
 0001:0000E8AC       @VarFromTDateTime
 0001:0000E900       @VarFromWStr
 0001:0000D294       @VarNull
 0001:0000DB80       @VarToLStr
 0001:0000E2A8       @VarToWStr
 0001:00003534       @WStrArrayClr
 0001:00003558       @WStrAsg
 0001:0000351C       @WStrClr
 0001:00003694       @WStrCmp
 0001:00003718       @WStrCopy
 0001:00003668       @WStrFromLStr
 0001:0000357C       @WStrFromPCharLen
 0001:0000362C       @WStrFromPWChar
 0001:00003608       @WStrFromPWCharLen
 0001:00003688       @WStrLen
 0001:00003764       @WStrSetLength
 0001:00003678       @WStrToPWChar
 0001:00001BF4       @_CLenToPasStr
 0001:00001BE8       @_CToPasStr
 0001:00001824       @_IOTest
 0001:00003BE0       @_llmul
 0001:0002BC70       AbsMin
 0001:0000A408       AbstractErrorHandler
 0002:00003028       AbstractErrorProc
 0002:00000140       AccessMode
 0001:0000178C       AcquireExceptionObject
 0001:00011E80       ActivateClassGroup
 0001:00005184       ActivateKeyboardLayout
 0002:00003B4C       ActiveDrag
 0001:0000FB1C       ActiveX
 0001:0003AEC4       ActnList
 0001:000003C8       AddBlockAfter
 0002:000003B4       AddDataModule
 0001:00006854       AddExitProc
 0001:00014F40       AddFinished
 0001:0003E208       AddIn
 0001:0000431C       AddModuleUnloadProc
 0001:0000430C       AddModuleUnloadProc
 0001:00014F78       AddNotFinished
 0001:0001599C       AddSubComponentsToLoaded
 0001:0001CB68       AdjustColor
 0001:00045218       Adjustment
 0001:0000518C       AdjustWindowRectEx
 0002:000009D8       Alignments
 0002:00000C4C       Alignments
 0002:00000C3C       Alignments
 0001:0004C110       AlignWork
 0001:000312D0       AlignWork
 0001:00019090       AllocateHWnd
 0001:00006808       AllocMem
 0002:000035B0       AllocMemCount
 0002:000035B4       AllocMemSize
 0001:000205BC       AllocPatternBitmap
 0001:00004B50       AllocTlsBuffer
 0002:00000A28       AnchorAlign
 0002:00000A1C       AnimateWindowProc
 0002:00000B24       AnimationStyle
 0001:000069CC       AnsiCompareStr
 0001:00006A04       AnsiCompareText
 0001:00006FF4       AnsiLastChar
 0001:00005194       AnsiLower
 0001:0000AD08       AnsiPos
 0001:00042A1C       AnsiSameCaption
 0001:00006A3C       AnsiSameText
 0001:00006A54       AnsiStrLIComp
 0001:0000AD40       AnsiStrPos
 0001:0000ADE0       AnsiStrRScan
 0001:0000AE08       AnsiStrScan
 0001:000048EC       AnsiToUtf8
 0001:000083FC       AppendChars
 0001:000087C0       AppendFormat
 0001:00008460       AppendNumber
 0001:00008440       AppendString
 0002:00003BB0       Application
 0002:000003C4       ApplicationHandleException
 0002:000003CC       ApplicationShowException
 0002:00000D78       AppVisible
 0001:0000A3EC       AssertErrorHandler
 0002:00003020       AssertErrorProc
 0001:0000F5B4       AssignLongStr
 0001:0000F958       AssignVariant
 0002:00003608       avail
 0002:00000D80       B64
 0001:000070E8       BackfillGetDiskFreeSpaceEx
 0001:0002E804       BackgroundClipped
 0001:0000C234       BackupVarBoolFromStr
 0001:0000C394       BackupVarBStrFromBool
 0001:0000C2B4       BackupVarBStrFromCy
 0001:0000C324       BackupVarBStrFromDate
 0001:0000C1C8       BackupVarCyFromStr
 0001:0000C15C       BackupVarDateFromStr
 0001:0000C018       BackupVarI4FromStr
 0001:0000BFC4       BackupVariantChangeTypeEx
 0001:0000C084       BackupVarR4FromStr
 0001:0000C0F0       BackupVarR8FromStr
 0001:0004F1EC       Base64Decode
 0001:0004F320       Base64DecodeStr
 0001:0004F050       Base64Encode
 0001:0004F1A4       Base64EncodeStr
 0001:000121D8       BeginGlobalLoading
 0001:0000519C       BeginPaint
 0001:0001CB74       BetterSize
 0001:0003F07C       BiDiDraw
 0001:00004FD4       BitBlt
 0002:0000090C       BitBtnCaptions
 0002:00003A90       BitBtnGlyphs
 0002:000006D0       BitmapCanvasList
 0002:000038A8       BitmapImageLock
 0001:0000C000       BiUnimplemented
 0002:000003EC       BlockCode
 0002:000035E0       blockDescBlockList
 0002:000035E4       blockDescFreeList
 0002:000003A8       BooleanIdents
 0002:00000324       BooleanToStringRule
 0001:00006E8C       BoolToStr
 0001:0000D908       BoolToWStrViaOS
 0002:000009D0       BorderStyles
 0001:00004C94       Bounds
 0001:00011198       Bounds
 0002:00000BE4       Breaks
 0002:000038E0       BrushManager
 0001:00041830       BuildImage
 0002:00000768       ButtonCaptions
 0002:0000073C       ButtonNames
 0002:00000C60       Buttons
 0001:000242FC       Buttons
 0002:00000A14       ButtonStyles
 0001:0001C354       BytesPerScanline
 0001:0001C6AC       ByteSwapColors
 0001:0000AABC       ByteToCharIndex
 0001:0000AA94       ByteToCharLen
 0001:0000AA58       ByteType
 0001:0000A9E0       ByteTypeTest
 0002:00003B98       CachedComCtrlVer
 0001:00018FCC       CalcJmpOffset
 0001:00038F4C       CalcSplitterPos
 0001:000051A4       CallNextHookEx
 0001:0000B4D4       CallTerminateProcs
 0001:000051AC       CallWindowProc
 0001:0002CCA8       CancelDrag
 0002:00003B60       CanvasList
 0002:000038E4       CanvasList
 0002:00000728       Captions
 0002:00000AE0       CaptureControl
 0002:00000B84       cBooleanToItemAutoFlag
 0002:00003A7E       CF_COMPONENT
 0002:00003A7C       CF_PICTURE
 0002:00003814       ChangeAnyProc
 0001:0002B228       ChangeBiDiModeAlignment
 0002:000009F8       CharCases
 0001:00002F30       CharFromWChar
 0001:0000AC90       CharLength
 0001:0000021C       CharNext
 0001:000051B4       CharNext
 0001:0001ACD8       CharsetToIdent
 0001:0000ABA4       CharToByteIndex
 0001:0000AC08       CharToByteLen
 0001:000051BC       CharToOemA
 0001:0001D124       CheckBool
 0001:000024DC       CheckJmp
 0001:000051C4       CheckMenuItem
 0002:00000BD4       Checks
 0001:000159D8       CheckSubComponents
 0001:00017DA4       CheckSynchronize
 0001:00044C54       CheckTaskWindow
 0001:0002C95C       CheckUndock
 0001:0000A8D4       CheckWin32Version
 0002:00000328       CInvalidCustomVariantType
 0002:00001DF0       CipherText
 0002:00000B88       cItemAutoFlagToBoolean
 0002:00000B80       cItemAutoFlagToMenu
 0001:0001921C       Classes
 0001:00011C44       ClassNotFound
 0002:00003810       ClearAnyProc
 0001:0001A568       ClearColor
 0001:0000EC74       ClearVariantTypeList
 0001:000051CC       ClientToScreen
 0001:00036534       ClientToWindow
 0002:000006C8       ClipboardFormats
 0001:0002419C       Clipbrd
 0001:00004DCC       CloseHandle
 0002:0000397C       CloseThemeData
 0002:0000303C       CmdLine
 0002:00003038       CmdShow
 0002:00000B7C       cMenuAutoFlagToItem
 0001:0000C00C       CmpUnimplemented
 0002:00000448       Colors
 0001:0001AAD0       ColorToIdent
 0002:00000794       ColorToPretyName
 0001:0001AAC0       ColorToRGB
 0002:00003AE8       ComCtlVersion
 0001:000246A0       ComCtrls
 0002:00003BAC       CommandPool
 0001:00020BB0       CommCtrl
 0001:00023424       CommDlg
 0001:000006A8       Commit
 0002:00003624       committedRoot
 0001:0003D7EC       CompareFront
 0001:00006934       CompareMem
 0001:00006904       CompareStr
 0001:00004DD4       CompareString
 0001:00006954       CompareText
 0001:00006DB4       CompareWith
 0001:00015AB8       ComponentCreated
 0001:00024158       ComStrs
 0001:00019538       Consts
 0001:00020ABC       Contnrs
 0002:00003B1E       ControlAtom
 0002:00003B24       ControlAtomString
 0001:000499E0       ControlHasHelp
 0001:00039BCC       Controls
 0001:00009E48       ConvertAddr
 0001:00008550       ConvertEraString
 0001:000067E4       ConvertErrorFmt
 0001:000086B8       ConvertYearString
 0001:00003C14       CopyArray
 0001:0001DBFC       CopyBitmap
 0001:0001E2C4       CopyBitmapAsMask
 0001:0001E260       CopyPalette
 0002:0000096C       Copyright
 0001:000408DC       CopyToBest
 0001:0000AB14       CountChars
 0002:000038C0       CounterLock
 0002:0000032C       CRangeToType
 0001:0000A330       CreateAssertException
 0001:0000A4B8       CreateAVObject
 0001:00004FDC       CreateBitmap
 0001:00004FE4       CreateBrushIndirect
 0001:00004FEC       CreateCompatibleBitmap
 0001:00004FF4       CreateCompatibleDC
 0001:00015B38       CreateComponent
 0001:00005004       CreateDIBitmap
 0001:00004FFC       CreateDIBSection
 0001:00004DDC       CreateEvent
 0001:00004DE4       CreateFile
 0001:0000500C       CreateFontIndirect
 0001:00005014       CreateHalftonePalette
 0001:000051D4       CreateIcon
 0001:0000A25C       CreateInOutError
 0001:000051DC       CreateMenu
 0001:0000501C       CreatePalette
 0001:00005024       CreatePenIndirect
 0001:000051E4       CreatePopupMenu
 0001:0000502C       CreateSolidBrush
 0001:0001C704       CreateSystemPalette
 0001:00004DEC       CreateThread
 0001:0000575C       CreateWindow
 0001:00005704       CreateWindowEx
 0002:00000A20       CreationControl
 0002:00000720       CreationControl
 0002:00000394       CRelationshipToBoolean
 0002:00000310       CResult
 0002:00000138       cSimpleBoolStrs
 0002:00000340       CText
 0002:00000B1C       Ctl3DStyles
 0002:0000361C       curAlloc
 0002:00003688       CurrencyDecimals
 0002:00003684       CurrencyFormat
 0002:00003680       CurrencyString
 0001:000083E8       CurrentYear
 0001:00007F80       CurrToStr
 0001:0000D898       CurrToWStrViaOS
 0002:00000CFC       CursorMap
 0002:00000A30       Cursors
 0001:0002B548       CursorToIdent
 0002:00000CEC       cUseAlpha
 0002:00000CF4       cUseColorKey
 0001:00006B28       CvtInt
 0001:00006B94       CvtInt64
 0002:00000178       CWNear
 0002:00003689       DateSeparator
 0001:00008FD0       DateTimeToStr
 0001:00008F74       DateTimeToString
 0001:00008040       DateTimeToTimeStamp
 0001:0000D8D0       DateToWStrViaOS
 0001:000083C0       DayOfWeek
 0002:00000174       DCon10
 0001:0004F39C       DCPbase64
 0001:00050810       DCPblockciphers
 0001:0004F048       DCPconst
 0001:0004FC2C       DCPcrypt2
 0001:00051764       DCPdes
 0001:0005179C       DCPmd5
 0001:000517D4       DCPsha1
 0002:00000444       DDBsOnly
 0001:00019144       DeallocateHWnd
 0002:00000028       DebugHook
 0002:00003687       DecimalSeparator
 0001:000083A0       DecodeDate
 0001:00008254       DecodeDateFully
 0001:000080F4       DecodeTime
 0001:0000073C       Decommit
 0001:00000D58       DecommitFree
 0002:000035F8       decommittedRoot
 0001:00047668       Default
 0001:0004CD38       Default
 0002:00000020       Default8087CW
 0002:00000A24       DefaultDockTreeClass
 0002:000035BC       DefaultUserCodePage
 0002:00000698       DefBrushData
 0002:00000418       DefFontData
 0001:000051EC       DefFrameProc
 0002:00000204       DefLongDayNames
 0002:000001B8       DefLongMonthNames
 0001:000051F4       DefMDIChildProc
 0002:00000678       DefPenData
 0002:000001E8       DefShortDayNames
 0002:00000188       DefShortMonthNames
 0001:000051FC       DefWindowProc
 0001:00003E60       DelayLoadResourceModule
 0001:000003F8       DeleteBlock
 0001:00004DF4       DeleteCriticalSection
 0001:00000368       DeleteCriticalSection
 0001:00005034       DeleteDC
 0001:00000BA0       DeleteFree
 0001:00005204       DeleteMenu
 0001:0000503C       DeleteObject
 0001:0001D7B8       DeselectBitmap
 0001:0000520C       DestroyCursor
 0001:00005214       DestroyIcon
 0001:0002422C       DestroyLocals
 0001:0000521C       DestroyMenu
 0001:00005224       DestroyWindow
 0002:00000DD0       des_skb
 0002:000015D0       des_sptrans
 0001:00028DD8       DialogEnumerationTester
 0001:00023A94       Dialogs
 0002:000006D4       DIBPalSizes
 0002:0000008C       dig
 0001:00044AA8       DisableTaskWindows
 0001:0000522C       DispatchMessage
 0001:0004ACC0       DispatchShortCut
 0002:00003000       DispCallByIDProc
 0001:000067C8       DivMod
 0001:0002345C       Dlgs
 0001:0004BFC4       DoAlign
 0001:00031160       DoAlign
 0001:00035214       DoCalcConstraints
 0002:00003B54       DockSiteList
 0001:000414FC       DoClick
 0001:000328A4       DoControlMsg
 0001:00044A58       DoDisableWindow
 0001:0002C288       DoDragOver
 0001:00006828       DoExitProc
 0001:00037220       DoFindControlZone
 0001:00044B94       DoFindWindow
 0001:000377AC       DoFindZone
 0001:000372A4       DoForEach
 0001:00038BB0       DoGetNextLimit
 0001:00044A20       DoneApplication
 0001:00039910       DoneControls
 0001:0000A7E4       DoneExceptions
 0001:0004903C       DoNestedActivation
 0001:00017D64       DoneThreadSynchronization
 0001:00030D20       DoPosition
 0001:0004BE14       DoPosition
 0001:000381D8       DoPrune
 0001:000386B0       DoSaveZone
 0001:000388B4       DoSetNewBounds
 0002:000003B0       DotSep
 0001:0001D37C       DoWrite
 0001:0003BE4C       DoWrite
 0001:0001300C       DoWrite
 0001:00031E8C       DoWriteDesignSize
 0001:0002F8F8       DoWriteIsControl
 0002:00003B38       DragCapture
 0002:00003B2C       DragControl
 0001:0002C9D0       DragDone
 0001:0002C238       DragFindTarget
 0001:0002C20C       DragFindWindow
 0002:00003B50       DragImageList
 0001:0002C628       DragInit
 0001:0002C798       DragInitControl
 0002:00003B34       DragInternalObject
 0001:0002C154       DragMessage
 0002:00003B30       DragObject
 0002:00003B5C       DragSave
 0002:00003B44       DragSaveCursor
 0002:00003B3C       DragStartPos
 0002:00003B48       DragThreshold
 0001:0002C358       DragTo
 0001:0004CD74       DrawAppIcon
 0001:00037D44       DrawCloseButton
 0001:00005234       DrawEdge
 0001:0000523C       DrawFrameControl
 0001:00037D9C       DrawGrabberLine
 0001:00005244       DrawIcon
 0001:0000524C       DrawIconEx
 0002:00000B58       DrawingStyles
 0001:00005254       DrawMenuBar
 0001:0004283C       DrawMenuItem
 0001:0000525C       DrawText
 0002:00003980       DrawThemeBackground
 0002:000039A4       DrawThemeEdge
 0002:000039A8       DrawThemeIcon
 0002:00003A2C       DrawThemeParentBackground
 0002:00003984       DrawThemeText
 0001:0001C1D4       DupBits
 0001:00003C2C       DynArrayClear
 0001:00003C34       DynArraySetLength
 0002:00000C44       EdgeStyle
 0002:00000B0C       EdgeStyles
 0001:0000A230       EHeapException.FreeInstance
 0002:000037FC       EmptyParam
 0002:000000BC       EmptyStr
 0002:000000C0       EmptyWideStr
 0001:00005264       EnableMenuItem
 0002:00000BDC       Enables
 0001:0000526C       EnableScrollBar
 0001:00044B5C       EnableTaskWindows
 0002:00003A14       EnableThemeDialogTexture
 0002:00003A30       EnableTheming
 0001:00005274       EnableWindow
 0001:00012260       EndGlobalLoading
 0001:0000527C       EndPaint
 0001:00004DFC       EnterCriticalSection
 0001:00000358       EnterCriticalSection
 0001:00004E04       EnumCalendarInfoA
 0002:00003914       EnumDisplayMonitors
 0001:00009ABC       EnumEraNames
 0001:00009AF8       EnumEraYearOffsets
 0001:00047C2C       EnumMonitorsProc
 0001:00005284       EnumThreadWindows
 0001:000152E8       EnumValue
 0001:0000528C       EnumWindows
 0001:00005294       EqualRect
 0002:00003750       EraNames
 0001:00009248       EraToYear
 0002:0000376C       EraYearOffsets
 0002:00000064       errCaption
 0001:000117E8       Error
 0001:00014ACC       Error
 0001:00001818       Error
 0001:0003D53C       Error
 0002:00000004       ErrorAddr
 0001:000017CC       ErrorAt
 0001:0000A2DC       ErrorHandler
 0002:00000220       ErrorMap
 0002:00003008       ErrorProc
 0002:000033E4       ErrOutput
 0001:0000176C       ExceptAddr
 0002:0000300C       ExceptClsProc
 0001:0000A750       ExceptHandler
 0001:0000A0A4       Exception.Create
 0001:0000A0E0       Exception.CreateFmt
 0001:0000A160       Exception.CreateRes
 0001:0000A19C       Exception.CreateResFmt
 0002:0000301C       ExceptionClass
 0001:00009E54       ExceptionErrorMessage
 0002:00000258       ExceptMap
 0001:0000174C       ExceptObject
 0002:00003010       ExceptObjProc
 0002:00003004       ExceptProc
 0001:00005044       ExcludeClipRect
 0002:00000000       ExitCode
 0001:00002C64       ExitDll
 0002:00003044       ExitProc
 0001:00000224       ExitProcess
 0002:00003024       ExitProcessProc
 0002:00000134       ExitProcList
 0001:000070AC       ExpandFileName
 0001:000244E8       ExtActns
 0001:000240F8       ExtCtrls
 0001:00024354       ExtDlgs
 0001:00007074       ExtractFileName
 0002:0000378C       FalseBoolStrs
 0002:00003A84       FClipboard
 0002:00000168       FCon1E18
 0001:00006FEC       FileClose
 0001:00006F54       FileCreate
 0001:00006F30       FileCreate
 0002:000006CC       FileFormats
 0002:00000008       FileMode
 0001:00006ED8       FileOpen
 0001:00006F5C       FileRead
 0002:000003DC       FilerSignature
 0001:00006FB4       FileSeek
 0001:00006F88       FileWrite
 0001:00000C88       FillAfterGap
 0001:00000C34       FillBeforeGap
 0001:00000D20       FillerSizeAfterGap
 0001:00000CB0       FillerSizeBeforeGap
 0001:0000529C       FillRect
 0001:00024128       Finalization
 0001:00039B64       Finalization
 0001:000240B0       Finalization
 0001:00004CB0       Finalization
 0001:000058AC       Finalization
 0001:000205F4       Finalization
 0001:00023A38       Finalization
 0001:000058E4       Finalization
 0001:00005BF4       Finalization
 0001:000207D4       Finalization
 0001:00024374       Finalization
 0001:000243DC       Finalization
 0001:00004C38       Finalization
 0001:00029050       Finalization
 0001:00051734       Finalization
 0001:00020A8C       Finalization
 0001:0002342C       Finalization
 0001:00020B80       Finalization
 0001:000233F4       Finalization
 0001:000233BC       Finalization
 0001:00021300       Finalization
 0001:0004EF78       Finalization
 0001:00024440       Finalization
 0001:0004F018       Finalization
 0001:00024498       Finalization
 0001:000231FC       Finalization
 0001:00022878       Finalization
 0001:0000F0C0       Finalization
 0001:0000F2CC       Finalization
 0001:00023384       Finalization
 0001:000244F0       Finalization
 0001:00024628       Finalization
 0001:00021340       Finalization
 0001:00025068       Finalization
 0001:00004A08       Finalization
 0001:0002334C       Finalization
 0001:0000FA94       Finalization
 0001:00022328       Finalization
 0001:00023314       Finalization
 0001:00028264       Finalization
 0001:0002326C       Finalization
 0001:00022370       Finalization
 0001:0000FAEC       Finalization
 0001:0004F36C       Finalization
 0001:000283CC       Finalization
 0001:000232DC       Finalization
 0001:000223A8       Finalization
 0001:0004FBFC       Finalization
 0001:000232A4       Finalization
 0001:000226CC       Finalization
 0001:000507E0       Finalization
 0001:0003AE94       Finalization
 0001:0005176C       Finalization
 0001:00042B18       Finalization
 0001:00024324       Finalization
 0001:00024160       Finalization
 0001:0001916C       Finalization
 0001:0000BDA4       Finalization
 0001:000241F4       Finalization
 0001:000242C4       Finalization
 0001:0000C760       Finalization
 0001:000517A4       Finalization
 0001:00019508       Finalization
 0001:00051E3C       Finalization
 0001:0003C59C       Finalization
 0001:00051E74       Finalization
 0001:00003C24       FinalizeArray
 0001:00002A98       FinalizeUnits
 0001:000412BC       Find
 0001:00003ED0       FindBS
 0001:00011D04       FindClass
 0001:00003E58       FindClassHInstance
 0001:00000234       FindClose
 0001:00000C04       FindCommitted
 0001:0002B328       FindControl
 0001:000379D8       FindControlAtPos
 0001:0000EFD0       FindCustomVariantType
 0001:0000EF18       FindCustomVariantType
 0001:0002CCF4       FindDragTarget
 0001:00015CE8       FindExistingComponent
 0001:0000023C       FindFirstFile
 0001:000120F0       FindGlobalComponent
 0001:00044CA0       FindGlobalComponent
 0002:00003860       FindGlobalComponentProcs
 0001:00003E30       FindHInstance
 0001:00011F98       FindIdentToInt
 0002:00003A70       FindMsg
 0001:00014E78       FindNestedComponent
 0001:0003D504       FindPopupControl
 0001:0000C428       FindProc
 0001:00004E0C       FindResource
 0001:00003EA8       FindResourceHInstance
 0001:0004E7CC       FindScanline
 0001:00044BF8       FindTopMostWindow
 0001:00016BCC       FindUniqueName
 0001:0002CCC0       FindVCLWindow
 0001:000052A4       FindWindow
 0001:00028E30       FindWinHelp
 0001:0001DBB0       FixupBitFields
 0002:00000C54       Flags
 0002:0000379C       FLanguages
 0001:000226FC       FlatSB
 0002:00003940       FlatSB_EnableScrollBar
 0002:0000394C       FlatSB_GetScrollInfo
 0002:00003950       FlatSB_GetScrollPos
 0002:00003948       FlatSB_GetScrollRange
 0002:00003958       FlatSB_SetScrollInfo
 0002:00003954       FlatSB_SetScrollPos
 0001:000223EC       FlatSB_SetScrollProp
 0002:0000395C       FlatSB_SetScrollRange
 0002:00003944       FlatSB_ShowScrollBar
 0001:00007C10       FloatToDecimal
 0001:00007F50       FloatToStr
 0001:0000793C       FloatToText
 0001:00001980       Flush
 0002:0000017C       FMSecsPerDay
 0001:00007838       FmtStr
 0002:00000C70       FocusCount
 0002:00000C6C       FocusMessages
 0002:000005E8       FontCharsets
 0002:000038D8       FontManager
 0001:00044C74       ForegroundTask
 0002:00003BEC       Form1
 0002:00000184       Format
 0001:00007824       Format
 0001:0000742C       FormatBuf
 0001:00007420       FormatClearStr
 0001:000073A4       FormatError
 0002:00000160       FormatErrorStrs
 0001:00004E14       FormatMessage
 0001:000073FC       FormatVarToStr
 0001:0004EFD4       Forms
 0001:00001C2C       FPower10
 0002:0000071C       FPrinter
 0001:000052AC       FrameRect
 0001:0000B984       FreeAndNil
 0001:00000970       FreeCommitted
 0001:00000E90       FreeCurAlloc
 0001:0002CDB4       FreeDeviceContext
 0001:0002CE70       FreeDeviceContexts
 0001:00018F38       FreeIntConstList
 0001:00004E1C       FreeLibrary
 0001:00000244       FreeLibrary
 0001:0001D70C       FreeMemoryContexts
 0001:0001906C       FreeObjectInstance
 0001:00004E2C       FreeResource
 0001:000005F0       FreeSpace
 0001:0000B4F0       FreeTerminateProcs
 0001:000228B0       FreeThemeLibrary
 0002:00003AE4       FRichEditModule
 0001:0001C1C4       GDICheck
 0001:0001C11C       GDIError
 0001:00001908       Get8087CW
 0001:00004E34       GetACP
 0001:000052B4       GetActiveWindow
 0001:0004C4A0       GetAnimation
 0001:0000504C       GetBitmapBits
 0001:00000370       GetBlockDesc
 0001:00005054       GetBrushOrgEx
 0001:000052BC       GetCapture
 0001:0002B5F0       GetCaptureControl
 0001:00011CB0       GetClass
 0001:000052C4       GetClassInfo
 0001:000052CC       GetClassName
 0001:000052D4       GetClientRect
 0001:0000505C       GetClipBox
 0001:0000030C       GetCmdShow
 0001:0003B064       GetColor
 0001:000245C8       GetComCtlVersion
 0001:0000024C       GetCommandLine
 0001:000007BC       GetCommitted
 0001:0000084C       GetCommittedAt
 0001:00032458       GetControlAtPos
 0001:000084AC       GetCount
 0001:00004E3C       GetCPInfo
 0001:00005064       GetCurrentPositionEx
 0001:00004E44       GetCurrentProcessId
 0002:00003A24       GetCurrentThemeName
 0001:000002FC       GetCurrentThreadId
 0001:00004E4C       GetCurrentThreadId
 0001:00005670       GetCurrentTime
 0001:000052DC       GetCursor
 0001:0004E7DC       GetCursorHeightMargin
 0001:000052E4       GetCursorPos
 0001:000084D8       GetDate
 0001:00004E54       GetDateFormat
 0001:00009160       GetDateOrder
 0001:000052EC       GetDC
 0001:000052F4       GetDCEx
 0001:0000506C       GetDCOrgEx
 0001:00020204       GetDefFontCharSet
 0001:000052FC       GetDesktopWindow
 0001:00005084       GetDeviceCaps
 0001:0001D10C       GetDIB
 0001:00005074       GetDIBColorTable
 0001:0000507C       GetDIBits
 0001:0001D054       GetDIBSizes
 0001:0001C334       GetDInColors
 0001:00004E5C       GetDiskFreeSpaceA
 0002:00000130       GetDiskFreeSpaceEx
 0001:00038C90       GetDockAlign
 0001:0002BF98       GetDockSiteAtPos
 0001:0002C2C4       GetDropCtl
 0001:000022A4       GetDynaMethod
 0001:0000F33C       GetEnumNameValue
 0001:0000F388       GetEnumValue
 0001:00009B70       GetEraNamesAndYearOffsets
 0001:000091F4       GetEraYearOffset
 0001:0000A4A0       GetExceptionClass
 0001:0000A684       GetExceptionObject
 0001:00011C38       GetFieldClassTable
 0001:0000A8F4       GetFileVersion
 0001:00004FBC       GetFileVersionInfo
 0001:00004FC4       GetFileVersionInfoSize
 0001:00005304       GetFocus
 0001:0001ACF8       GetFontData
 0001:0000530C       GetForegroundWindow
 0001:0000B0A8       GetFormatSettings
 0001:00004E64       GetFullPathName
 0001:0001A264       GetHashCode
 0001:00049A18       GetHelpInfo
 0001:000217C0       GetHelpSystem
 0001:0004C284       GetHint
 0001:0004C2BC       GetHintControl
 0001:000429B8       GetHotkey
 0001:00005314       GetIconInfo
 0001:0000532C       GetKeyboardLayout
 0001:00005334       GetKeyboardLayoutList
 0001:0000533C       GetKeyboardState
 0001:00001F18       GetKeyboardType
 0001:0000531C       GetKeyNameText
 0001:00005324       GetKeyState
 0001:00005344       GetLastActivePopup
 0001:00036F58       GetLastChildZone
 0001:00004E6C       GetLastError
 0001:00009934       GetLocaleChar
 0001:00000254       GetLocaleInfo
 0001:00004E7C       GetLocaleInfo
 0001:000098E8       GetLocaleStr
 0001:00004E74       GetLocalTime
 0001:0002B5AC       GetLongHint
 0001:0000534C       GetMenu
 0001:000499A0       GetMenuHelpContext
 0001:00005354       GetMenuItemCount
 0001:0000535C       GetMenuItemID
 0001:00005364       GetMenuItemInfo
 0001:0003FB08       GetMenuSize
 0001:0000536C       GetMenuState
 0001:00005374       GetMenuString
 0001:0000025C       GetModuleFileName
 0001:00004E84       GetModuleFileName
 0001:00000264       GetModuleHandle
 0001:00004E8C       GetModuleHandle
 0001:00004B30       GetModuleHandle
 0002:00003908       GetMonitorInfo
 0002:0000390C       GetMonitorInfoA
 0002:00003910       GetMonitorInfoW
 0001:00009998       GetMonthDayNames
 0001:0000537C       GetNextWindow
 0001:0000508C       GetObject
 0001:0000F45C       GetOrdProp
 0001:00005094       GetPaletteEntries
 0001:00005384       GetParent
 0001:00044E6C       GetParentForm
 0001:0000509C       GetPixel
 0001:00004E94       GetProcAddress
 0001:0000026C       GetProcAddress
 0001:0000538C       GetProp
 0001:0000F3EC       GetPropInfo
 0001:0004532C       GetRealScrollPosition
 0001:0003B044       GetRGBColor
 0001:00005394       GetScrollInfo
 0001:0000539C       GetScrollPos
 0001:000053A4       GetScrollRange
 0001:0002B568       GetShortHint
 0001:00000514       GetSpace
 0001:00000578       GetSpaceAt
 0001:0003D594       GetSpecialName
 0001:00000274       GetStartupInfo
 0001:000001F4       GetStdHandle
 0001:00004E9C       GetStdHandle
 0001:000050A4       GetStockObject
 0001:00004EA4       GetStringTypeEx
 0001:000053AC       GetSubMenu
 0001:000053B4       GetSysColor
 0001:000053BC       GetSysColorBrush
 0001:00004EAC       GetSystemInfo
 0001:000053C4       GetSystemMenu
 0002:000038F8       GetSystemMetrics
 0001:000053CC       GetSystemMetrics
 0001:000050AC       GetSystemPaletteEntries
 0001:000050B4       GetTextExtentPoint32
 0001:000050BC       GetTextMetrics
 0002:00003A1C       GetThemeAppProperties
 0002:00003988       GetThemeBackgroundContentRect
 0002:0000398C       GetThemeBackgroundExtent
 0002:0000399C       GetThemeBackgroundRegion
 0002:000039C0       GetThemeBool
 0002:000039B4       GetThemeColor
 0002:00003A28       GetThemeDocumentationProperty
 0002:000039C8       GetThemeEnumValue
 0002:000039E8       GetThemeFilename
 0002:000039D0       GetThemeFont
 0002:000039C4       GetThemeInt
 0002:000039DC       GetThemeIntList
 0002:000039D8       GetThemeMargins
 0002:000039B8       GetThemeMetric
 0002:00003990       GetThemePartSize
 0002:000039CC       GetThemePosition
 0002:000039E0       GetThemePropertyOrigin
 0002:000039D4       GetThemeRect
 0002:000039BC       GetThemeString
 0002:000039F4       GetThemeSysBool
 0002:000039EC       GetThemeSysColor
 0002:000039F0       GetThemeSysColorBrush
 0002:000039FC       GetThemeSysFont
 0002:00003A04       GetThemeSysInt
 0002:000039F8       GetThemeSysSize
 0002:00003A00       GetThemeSysString
 0002:00003994       GetThemeTextExtent
 0002:00003998       GetThemeTextMetrics
 0001:00004EB4       GetThreadLocale
 0001:0000027C       GetThreadLocale
 0001:00004EBC       GetTickCount
 0001:00008510       GetTime
 0001:00004B5C       GetTlsSize
 0001:0004CA50       GetTopMostWindows
 0001:0002B6F8       GetTopParent
 0001:000053D4       GetTopWindow
 0001:0000F330       GetTypeData
 0001:00004EC4       GetVersion
 0001:00000304       GetVersion
 0001:00004ECC       GetVersionEx
 0001:000053DC       GetWindow
 0001:000053E4       GetWindowDC
 0001:000053EC       GetWindowLong
 0001:000050C4       GetWindowOrgEx
 0001:000053F4       GetWindowPlacement
 0001:000053FC       GetWindowRect
 0001:00005404       GetWindowText
 0002:00003A10       GetWindowTheme
 0001:0000540C       GetWindowThreadProcessId
 0001:00005414       GetWindowThreadProcessId
 0001:00004ED4       GlobalAddAtom
 0001:00004EDC       GlobalAlloc
 0001:0000567C       GlobalAllocPtr
 0001:00004EE4       GlobalDeleteAtom
 0001:00004EEC       GlobalFindAtom
 0002:00003864       GlobalFixupList
 0001:00014FC0       GlobalFixupReferences
 0001:00004EF4       GlobalFree
 0001:000056A8       GlobalFreePtr
 0001:00004F04       GlobalHandle
 0001:00004EFC       GlobalLock
 0002:00003848       GlobalNameSpace
 0001:00004F0C       GlobalReAlloc
 0001:0000568C       GlobalReAllocPtr
 0001:00004F14       GlobalUnlock
 0001:000206C8       Graphics
 0001:00011E2C       GroupDescendentsWith
 0001:00049C20       HandleEdge
 0001:00016424       HandleException
 0002:00000024       HeapAllocFlags
 0002:000035C4       heapErrorCode
 0002:000035C8       heapLock
 0001:00022368       HelpIntfs
 0002:00003934       HelpManager
 0002:00003A6C       HelpMsg
 0002:00003B08       HelpViewer
 0002:00003B0C       HelpViewerIntf
 0002:0000012C       HexDisplayPrefix
 0001:00051B70       HexToAsc
 0001:00051A84       HexToInt
 0002:00000A04       HideSelections
 0001:00038D0C       HideZone
 0002:00003664       HInstance
 0002:00003BC4       HintDoneEvent
 0001:0004C38C       HintGetMsgHook
 0002:00003BC8       HintHook
 0001:0004C330       HintMouseThread
 0002:00003BCC       HintThread
 0002:00003BC0       HintThreadID
 0001:0004C2DC       HintTimerProc
 0002:00000C64       HintWindowClass
 0002:000039A0       HitTestThemeBackground
 0001:0004C3D0       HookHintHooks
 0001:00050A50       hperm_op
 0001:000057B4       HwndMSWheel
 0002:00000BF8       IBreaks
 0002:00000C04       IChecks
 0002:00000C0C       IDefaults
 0001:0001ACE8       IdentToCharset
 0001:0001AAE0       IdentToColor
 0001:0002B558       IdentToCursor
 0001:00012014       IdentToInt
 0002:00000C14       IEnables
 0001:000408AC       IfHotkeyAvailable
 0002:00003B9C       ImageListWriteExProc
 0001:00020ADC       ImageList_Add
 0001:00020AFC       ImageList_AddIcon
 0001:00020B20       ImageList_BeginDrag
 0001:00020AC4       ImageList_Create
 0001:00020ACC       ImageList_Destroy
 0001:00020B30       ImageList_DragEnter
 0001:00020B38       ImageList_DragLeave
 0001:00020B40       ImageList_DragMove
 0001:00020B50       ImageList_DragShowNolock
 0001:00020B08       ImageList_Draw
 0001:00020B10       ImageList_DrawEx
 0001:00020B28       ImageList_EndDrag
 0001:00020AF4       ImageList_GetBkColor
 0001:00020B58       ImageList_GetDragImage
 0001:00020B70       ImageList_GetIconSize
 0001:00020AD4       ImageList_GetImageCount
 0001:00020B60       ImageList_Read
 0001:00020B18       ImageList_Remove
 0001:00020AE4       ImageList_ReplaceIcon
 0001:00020AEC       ImageList_SetBkColor
 0001:00020B48       ImageList_SetDragCursorImage
 0001:00020B78       ImageList_SetIconSize
 0001:00020B68       ImageList_Write
 0002:00000B68       Images
 0001:0003C5CC       ImgList
 0001:00021370       Imm
 0002:00000B4C       IMM32DLL
 0001:000398FC       Imm32IsIME
 0002:00000180       IMSecsPerDay
 0001:0000D2A8       InBounds
 0001:0000D548       InBounds
 0001:0000D2D8       Increment
 0001:0000D578       Increment
 0001:0000541C       InflateRect
 0001:000243BC       IniFiles
 0001:000009FC       InitAllocator
 0001:00020BB8       InitAnApi
 0002:00003920       InitApis
 0001:000122BC       InitComponent
 0002:00003634       InitContext
 0001:00039998       InitControls
 0001:00020248       InitDefFontData
 0001:0000B510       InitDriveSpacePtr
 0001:0000A760       InitExceptions
 0001:00022448       InitFlatSB
 0001:000238E4       InitGlobals
 0001:0001CF0C       InitializeBitmapInfoHeader
 0001:00000350       InitializeCriticalSection
 0001:00004F1C       InitializeCriticalSection
 0002:000035C0       initialized
 0001:00022420       InitializeFlatSB
 0001:00004BE8       InitializeModule
 0001:0000C454       InitializeVarUtils
 0001:0003959C       InitIMM32
 0001:00012364       InitInheritedComponent
 0001:0000AEBC       InitLeadBytes
 0001:00021294       InitMultiMonStubs
 0001:0000A864       InitPlatformId
 0002:00003040       InitProc
 0001:0004EEEC       InitProcs
 0001:000201CC       InitScreenLogPixels
 0001:0000AF34       InitSysLocale
 0001:00022A70       InitThemeLibrary
 0001:00017D30       InitThreadSynchronization
 0001:00004B64       InitThreadTLS
 0001:00002AF8       InitUnits
 0001:0002B23C       InitWndProc
 0002:00000AEC       InnerStyles
 0002:0000304C       Input
 0001:0004BDB4       InsertBefore
 0001:00030C94       InsertBefore
 0001:00000E08       InsertFree
 0001:00040960       InsertHotkeyFarEastFormat
 0001:00005424       InsertMenu
 0001:0000542C       InsertMenuItem
 0002:00003880       InstBlockList
 0002:00003884       InstFreeList
 0002:00003858       IntConstList
 0001:000002F4       InterlockedDecrement
 0001:0000B578       InterlockedDecrement
 0001:00004E24       InterlockedExchange
 0001:0000B584       InterlockedExchange
 0001:0000B58C       InterlockedExchangeAdd
 0001:0000B56C       InterlockedIncrement
 0001:000002EC       InterlockedIncrement
 0001:0001A1F0       InternalDeletePalette
 0001:00001938       InternalFlush
 0001:00000C64       InternalFreeMem
 0001:0001D05C       InternalGetDIB
 0001:0001CFF0       InternalGetDIBSizes
 0001:00012154       InternalReadComponentRes
 0002:00003AF0       InternalServices
 0001:000032DC       InternalUniqueString
 0001:000050CC       IntersectClipRect
 0001:00005434       IntersectRect
 0001:00006C88       IntToHex
 0001:00012054       IntToIdent
 0001:00006B74       IntToStr
 0001:00006C60       IntToStr
 0001:0000543C       InvalidateRect
 0001:0001C0B0       InvalidBitmap
 0001:0001C098       InvalidGraphic
 0001:0001C0BC       InvalidIcon
 0001:0001C080       InvalidOperation
 0001:000111C0       InvalidPoint
 0002:00003798       InvalidPointer
 0001:0000215C       InvokeImplGetter
 0001:00001898       IOResult
 0002:00000C34       IOwnerDraw
 0002:00000C1C       IRadios
 0002:00000C2C       IRTL
 0001:00044DFC       IsAccel
 0001:00041B10       IsAccelChar
 0002:00003A0C       IsAppThemed
 0001:0002BD50       IsBeforeTargetWindow
 0001:00005444       IsChild
 0002:00003048       IsConsole
 0001:0002C1AC       IsDelphiHandle
 0001:0000544C       IsDialogMessage
 0002:00000C24       ISeparators
 0001:00005454       IsIconic
 0001:00041B6C       IsInitialChar
 0001:00008150       IsLeapYear
 0002:00003034       IsLibrary
 0002:00003049       IsMultiThread
 0001:000369BC       IsOrientationSet
 0001:0000545C       IsRectEmpty
 0001:0002BF54       IsSiteChildOfClient
 0002:00003A08       IsThemeActive
 0002:000039B0       IsThemeBackgroundPartiallyTransparent
 0002:00003A18       IsThemeDialogTextureEnabled
 0002:000039AC       IsThemePartDefined
 0001:00012130       IsUniqueGlobalComponentName
 0002:0000384C       IsUniqueGlobalComponentNameProc
 0001:00006AC4       IsValidIdent
 0001:0000AF1C       IsWesternGroup
 0001:00005464       IsWindow
 0001:0000546C       IsWindowEnabled
 0001:00005474       IsWindowVisible
 0001:0000547C       IsZoomed
 0001:0003D960       Iterate
 0001:0003D9C0       IterateMenus
 0002:0000002C       JITEnable
 0002:00001DD0       Key
 0001:00044DB0       KeyboardStateToShiftState
 0001:00044D74       KeyDataToShiftState
 0001:00044D20       KeysToShiftState
 0001:00005484       KillTimer
 0001:00007024       LastDelimiter
 0001:0000AE48       LCIDToCodePage
 0001:00004994       LCIDToCodePage
 0002:0000010C       LeadBytes
 0001:00004F24       LeaveCriticalSection
 0001:00000360       LeaveCriticalSection
 0002:00000034       LibModuleList
 0001:000050D4       LineTo
 0001:00024520       ListActns
 0001:0002CD3C       ListAdd
 0001:0002CD64       ListRemove
 0002:0000374E       ListSeparator
 0001:0000548C       LoadBitmap
 0001:00005494       LoadCursor
 0001:0000549C       LoadIcon
 0001:000054A4       LoadKeyboardLayout
 0001:00004F2C       LoadLibrary
 0001:00000284       LoadLibraryEx
 0001:00004F34       LoadResource
 0001:0000409C       LoadResourceModule
 0001:0000493C       LoadResString
 0001:000054AC       LoadString
 0001:0000028C       LoadString
 0001:00000330       LocalAlloc
 0001:00004B38       LocalAlloc
 0001:00000338       LocalFree
 0001:0000995C       LocalGetLocaleStr
 0002:00003A40       Lock
 0001:00004F3C       LockResource
 0002:00003690       LongDateFormat
 0002:00003724       LongDayNames
 0002:000036D8       LongMonthNames
 0002:000036A4       LongTimeFormat
 0001:000068C8       LowerCase
 0001:00004FB4       lstrcpy
 0001:00000294       lstrcpyn
 0002:00003820       LVarTypes
 0002:00003824       LVarTypeSync
 0002:0000302C       MainInstance
 0002:00003030       MainThreadID
 0001:000003C0       MakeEmpty
 0001:00002C08       MakeErrorMessage
 0002:00000B38       MakeLast
 0001:00005664       MakeLong
 0001:00018FD4       MakeObjectInstance
 0001:000056BC       MakeROP4
 0001:000056F4       MakeWParam
 0001:0000A420       MapException
 0001:00024490       Mapi
 0002:00000948       MAPIDLL
 0002:0000094C       MAPIModule
 0001:00002910       MapToRunError
 0001:000054B4       MapVirtualKey
 0001:000054BC       MapWindowPoints
 0002:00000B70       Mask
 0001:000050DC       MaskBlt
 0001:00020804       Math
 0001:000207CC       Max
 0001:000476B4       MaximizedChildren
 0002:0000003C       MemoryManager
 0002:00000B8C       MenuKeyCaps
 0001:00042B88       Menus
 0001:00000410       MergeBlockAfter
 0001:00000EDC       MergeCommit
 0001:0000022C       MessageBox
 0001:000054C4       MessageBox
 0001:00005914       Messages
 0001:000129C8       Min
 0001:000207C4       Min
 0001:000305DC       MinVar
 0002:00003928       MMAvailable
 0002:00000B50       ModeMap
 0001:000493AC       ModifySystemMenu
 0002:000000A4       Module
 0002:00003661       ModuleIsCpp
 0002:00003660       ModuleIsLib
 0001:00018FA4       ModuleUnload
 0002:00000038       ModuleUnloadList
 0002:00003904       MonitorFromPoint
 0002:00003900       MonitorFromRect
 0002:000038FC       MonitorFromWindow
 0002:000000DC       MonthDays
 0002:00003B10       Mouse
 0001:000018B8       Move
 0001:000050E4       MoveToEx
 0001:0002CD84       MoveWindowOrg
 0001:00004F44       MulDiv
 0001:000002A4       MultiByteToWideChar
 0001:0004E990       MultiLineWidth
 0001:00021330       MultiMon
 0002:00003685       NegCurrFormat
 0001:00000F68       NewCommit
 0001:00000F94       NewCommitAt
 0002:00003B14       NewStyleControls
 0001:0000ACCC       NextCharIndex
 0001:000369A0       NextVisibleZone
 0002:000003E0       NilMethod
 0002:00000030       NoErrMsg
 0001:0003E774       NormalDraw
 0001:000024C8       NotifyAnyExcept
 0001:0000249C       NotifyExcept
 0001:000024FC       NotifyExceptFinally
 0001:00012230       NotifyGlobalLoading
 0001:0000439C       NotifyModuleUnload
 0001:00002478       NotifyNonDelphiException
 0001:000024B4       NotifyOnExcept
 0001:0000245C       NotifyReRaise
 0001:00002524       NotifyTerminate
 0001:00002540       NotifyUnhandled
 0001:000414EC       NthParentOf
 0001:0000F0B8       Null
 0002:0000031C       NullAsStringValue
 0002:00000318       NullStrictConvert
 0001:0002B2F4       ObjectFromHWnd
 0002:00000A0C       OEMConverts
 0001:000054CC       OemToAnsi
 0001:000054D4       OffsetRect
 0002:00003978       OpenThemeData
 0002:00000B30       OrientArray
 0002:00000AFC       OuterStyles
 0002:00003794       OutOfMemory
 0001:0001C0C8       OutOfResources
 0002:00003218       Output
 0002:00000320       PackVarCreation
 0002:000006DC       Pal16
 0001:0001A5D4       PaletteChanged
 0001:0001C8B4       PaletteFromDIBColorTable
 0001:0001C958       PaletteToDIBColorTable
 0002:000006D8       PalSize
 0001:00036D84       ParentNotLast
 0002:000009E8       Passwords
 0001:000050EC       PatBlt
 0002:000038E8       PatternManager
 0001:000054DC       PeekMessage
 0002:000038DC       PenManager
 0002:000006A8       PenModes
 0002:00000688       PenStyles
 0001:00050A84       perm_op
 0002:00001DE8       PlainText
 0001:00004C8C       Point
 0001:00011148       Point
 0001:00011580       PointerInModule
 0001:00031E78       PointsEqual
 0001:000056DC       PointToSmallPoint
 0002:00003BA0       PopupList
 0001:000054E4       PostMessage
 0001:000054EC       PostQuitMessage
 0001:000223E4       Printers
 0001:0004AAC0       ProcessExecute
 0001:0004502C       ProcessHorz
 0001:0004ABC0       ProcessUpdate
 0001:00045098       ProcessVert
 0001:000520B4       Project1
 0001:000152BC       PropertyNotFound
 0001:00016524       PropPathError
 0002:00000C94       Props
 0001:000152B0       PropValueError
 0001:000054F4       PtInRect
 0002:000000A0       PtrToNil
 0001:000078F8       PutExponent
 0002:00003B58       QualifyingSites
 0001:0000A3DC       RaiseAssertException
 0001:000142D0       RaiseException
 0001:000001FC       RaiseException
 0002:00003014       RaiseExceptionProc
 0001:0000B428       RaiseLastOSError
 0001:00037AF4       ReadControlName
 0001:00017764       ReadCustomVariant
 0001:00015298       ReadError
 0001:00004F4C       ReadFile
 0001:0001CC04       ReadIcon
 0002:000009F0       ReadOnlys
 0001:000050F4       RealizePalette
 0001:00015AD8       Recover
 0001:00011170       Rect
 0001:00004C70       Rect
 0001:000050FC       RectVisible
 0001:000054FC       RedrawWindow
 0002:00003818       RefAnyProc
 0002:00003A3C       ReferenceCount
 0001:00004DB4       RegCloseKey
 0001:000002AC       RegCloseKey
 0002:0000385C       RegGroups
 0001:00005504       RegisterClass
 0001:00011D24       RegisterClass
 0001:0000550C       RegisterClipboardFormat
 0001:0002C0F4       RegisterDockSite
 0001:00012098       RegisterFindGlobalComponentProc
 0001:00011F6C       RegisterIntegerConsts
 0001:000043F8       RegisterModule
 0001:0002173C       RegisterViewer
 0001:00005514       RegisterWindowMessage
 0001:00024424       Registry
 0001:000002B4       RegOpenKeyEx
 0001:00004DBC       RegOpenKeyEx
 0001:00004DC4       RegQueryValueEx
 0001:000002BC       RegQueryValueEx
 0001:00023344       RegStr
 0001:0000551C       ReleaseCapture
 0001:00005524       ReleaseDC
 0002:00000048       reMap
 0002:00003618       remBytes
 0001:00000480       RemoveBlock
 0002:000003BC       RemoveDataModule
 0001:00015168       RemoveFixupReferences
 0001:00015214       RemoveFixups
 0001:0001550C       RemoveGlobalFixup
 0001:0000552C       RemoveMenu
 0001:0000433C       RemoveModuleUnloadProc
 0001:00004314       RemoveModuleUnloadProc
 0001:00005534       RemoveProp
 0001:00004F54       ResetEvent
 0001:00017D7C       ResetSyncEvent
 0001:0000141C       ResizeInPlace
 0001:00005104       RestoreDC
 0001:000449CC       RestoreFocusState
 0001:0001316C       ReturnAddr
 0001:0003D534       ReturnAddr
 0001:000124F4       ReturnAddr
 0001:0001C634       RGBQuadToTriple
 0001:0001C5FC       RGBTripleToQuad
 0001:0002329C       RichEdit
 0002:00003B28       RM_GetObjectInstance
 0002:00003BBC       RM_TaskbarCreated
 0002:00003614       rover
 0002:00000950       RTFConversionFormat
 0001:0000F2FC       RTLConsts
 0001:00000204       RtlUnwind
 0002:00003018       RTLUnwindProc
 0002:0000006C       runErrMsg
 0001:000017C0       RunErrorAt
 0001:0000C408       SafeArrayCreate
 0001:0000C410       SafeArrayGetLBound
 0001:0000C418       SafeArrayGetUBound
 0001:0000C420       SafeArrayPtrOfIndex
 0001:0000BA50       SafeLoadLibrary
 0001:000069A8       SameText
 0001:0000510C       SaveDC
 0001:000449C4       SaveFocusState
 0001:00008FE4       ScanBlanks
 0001:00009128       ScanChar
 0001:000092A4       ScanDate
 0001:00009008       ScanNumber
 0001:0000909C       ScanString
 0001:000095E8       ScanTime
 0001:000091AC       ScanToNumber
 0002:00003BB4       Screen
 0002:00003894       ScreenLogPixels
 0001:0000553C       ScreenToClient
 0001:000451E4       ScrollBarVisible
 0001:00005544       ScrollWindow
 0001:00000FC8       SearchSmallBlocks
 0001:00005114       SelectObject
 0001:0000511C       SelectPalette
 0001:0002B384       SendAppMessage
 0001:00044C34       SendFocusMessage
 0001:0000554C       SendMessage
 0002:00000BF0       Separators
 0001:000018F8       Set8087CW
 0001:00005554       SetActiveWindow
 0001:0004C4D0       SetAnimation
 0001:00005124       SetBkColor
 0001:0000512C       SetBkMode
 0001:00005134       SetBrushOrgEx
 0001:0000555C       SetCapture
 0001:0002B618       SetCaptureControl
 0001:00005564       SetClassLong
 0001:0000EC44       SetClearVarToEmptyParam
 0001:00015C48       SetCompName
 0001:0000556C       SetCursor
 0001:0000513C       SetDIBColorTable
 0001:00004F5C       SetEndOfFile
 0001:00004F64       SetErrorMode
 0001:00004F6C       SetEvent
 0001:00002A50       SetExceptionHandler
 0001:00004F74       SetFilePointer
 0001:0000F760       SetFloatProp
 0001:00005574       SetFocus
 0001:0000557C       SetForegroundWindow
 0001:00039820       SetImeMode
 0001:00001844       SetInOutRes
 0001:0000F9E4       SetInt64Prop
 0001:0000FA20       SetInterfaceProp
 0001:00016804       SetInterfaceReference
 0001:00016720       SetIntIdent
 0002:00000C68       SetLayeredWindowAttributes
 0001:0000F5C8       SetLongStrProp
 0001:00005584       SetMenu
 0001:0000558C       SetMenuItemInfo
 0001:0000F9AC       SetMethodProp
 0001:00016768       SetObjectIdent
 0001:0000F4D0       SetOrdProp
 0001:00005594       SetParent
 0001:00005144       SetPixel
 0001:0000559C       SetProp
 0001:000055A4       SetRect
 0001:0000514C       SetROP2
 0001:000055AC       SetScrollInfo
 0001:000055B4       SetScrollPos
 0001:000055BC       SetScrollRange
 0001:0000F52C       SetShortStrProp
 0001:0000F580       SetShortStrPropAsLongStr
 0001:00005154       SetStretchBltMode
 0001:0000F660       SetStrProp
 0001:00015A50       SetSubComponentState
 0001:0000515C       SetTextColor
 0002:00003A20       SetThemeAppProperties
 0001:00004F7C       SetThreadLocale
 0001:000055C4       SetTimer
 0001:0000EC2C       SetVarAsError
 0001:0000F96C       SetVariantProp
 0001:000167A8       SetVariantReference
 0001:00005164       SetViewportOrgEx
 0001:0004E4A0       SetVisible
 0001:0000F68C       SetWideStrProp
 0001:0000F608       SetWideStrPropAsLongStr
 0001:000055CC       SetWindowLong
 0001:0000516C       SetWindowOrgEx
 0001:000055D4       SetWindowPlacement
 0001:000055DC       SetWindowPos
 0001:000055EC       SetWindowsHookEx
 0001:000055E4       SetWindowText
 0002:000039E4       SetWindowTheme
 0002:0000014C       ShareMode
 0001:0002330C       ShellAPI
 0002:00003AE0       ShellModule
 0002:00000DC0       shifts2
 0001:000233EC       ShlObj
 0001:0003D55C       ShortCut
 0002:00003BA4       ShortCutItems
 0001:0003D5E8       ShortCutToText
 0002:0000368C       ShortDateFormat
 0002:00003708       ShortDayNames
 0002:000036A8       ShortMonthNames
 0002:000036A0       ShortTimeFormat
 0002:00000CC8       ShowCommands
 0002:00000CE0       ShowCommands
 0002:00000CD4       ShowCommands
 0001:000055F4       ShowCursor
 0001:00009FDC       ShowException
 0002:00000AE4       ShowFlags
 0002:00000D7C       ShowFlags
 0001:000449D4       ShowMDIClientEdge
 0001:000055FC       ShowOwnedPopups
 0001:00005604       ShowScrollBar
 0001:0000560C       ShowWindow
 0001:0004C4F8       ShowWinNoAnimate
 0001:00038D8C       ShowZone
 0002:00000B44       SizeCursors
 0001:00004F84       SizeofResource
 0001:00017298       SkipBinary
 0001:000172C8       SkipCollection
 0001:00017270       SkipList
 0001:00004F8C       Sleep
 0001:0000B420       Sleep
 0001:00011160       SmallPoint
 0001:000056C8       SmallPointToPoint
 0002:00003620       smallTab
 0002:000035E8       spaceRoot
 0001:00011DE0       StartClassGroup
 0001:000283FC       StdActns
 0001:00028294       StdCtrls
 0001:00018FAC       StdWndProc
 0002:0000389C       StockBrush
 0002:000038A0       StockFont
 0002:000038A4       StockIcon
 0002:00003898       StockPen
 0001:00007348       StrAlloc
 0001:0000735C       StrBufSize
 0001:0000AA7C       StrByteType
 0001:0000AC68       StrCharLength
 0001:00007238       StrComp
 0001:00007198       StrCopy
 0001:00007394       StrDispose
 0001:0003BD18       StreamsEqual
 0001:00007174       StrEnd
 0001:00005174       StretchBlt
 0001:000077A4       StrFmt
 0001:0000725C       StrIComp
 0001:0001416C       StringListCompareStrings
 0001:00042924       StripHotkey
 0001:000071C0       StrLCopy
 0001:0000715C       StrLen
 0001:000077E4       StrLFmt
 0001:0000729C       StrLIComp
 0001:00007188       StrMove
 0001:00007368       StrNew
 0001:0000AC88       StrNextChar
 0001:000071F4       StrPCopy
 0001:00007218       StrPLCopy
 0001:000072F4       StrPos
 0001:000072E0       StrScan
 0001:000519E8       StrToHex
 0001:00006CB0       StrToInt
 0001:00006CEC       StrToIntDef
 0001:00024224       StrUtils
 0002:00000CBC       Styles
 0001:0000B9B8       Supports
 0001:0000B994       Supports
 0002:00003850       SyncEvent
 0002:000003E8       SyncList
 0001:000228A8       SyncObjs
 0001:000002D4       SysAllocStringLen
 0001:00005C24       SysConst
 0002:00000C84       SysConsts
 0002:00000C8C       SysConsts
 0001:0000989C       SysErrorMessage
 0001:00001278       SysFreeMem
 0001:000002E4       SysFreeString
 0001:000010E8       SysGetMem
 0001:00004C68       SysInit
 0002:00003740       SysLocale
 0001:000015F8       SysReallocMem
 0001:000002DC       SysReAllocStringLen
 0001:00004A5C       System
 0002:0000388C       SystemPalette16
 0001:0001C81C       SystemPaletteOverride
 0001:00005614       SystemParametersInfo
 0001:0000BF24       SysUtils
 0001:0003A6B4       TActionLink.IsCaptionLinked
 0001:0003A6C8       TActionLink.IsCheckedLinked
 0001:0003A6DC       TActionLink.IsEnabledLinked
 0001:0003A6F0       TActionLink.IsGroupIndexLinked
 0001:0003A704       TActionLink.IsHelpContextLinked
 0001:0003A718       TActionLink.IsHelpLinked
 0001:0003A72C       TActionLink.IsHintLinked
 0001:0003A740       TActionLink.IsImageIndexLinked
 0001:0003A754       TActionLink.IsShortCutLinked
 0001:0003A768       TActionLink.IsVisibleLinked
 0001:0003A77C       TActionLink.SetAutoCheck
 0001:0003A780       TActionLink.SetCaption
 0001:0003A784       TActionLink.SetChecked
 0001:0003A788       TActionLink.SetEnabled
 0001:0003A78C       TActionLink.SetGroupIndex
 0001:0003A790       TActionLink.SetHelpContext
 0001:0003A794       TActionLink.SetHelpKeyword
 0001:0003A798       TActionLink.SetHelpType
 0001:0003A79C       TActionLink.SetHint
 0001:0003A7A0       TActionLink.SetImageIndex
 0001:0003A7A4       TActionLink.SetShortCut
 0001:0003A7A8       TActionLink.SetVisible
 0001:0004EA3C       TApplication.ActivateHint
 0001:0004D690       TApplication.BringToFront
 0001:0004E7A4       TApplication.CancelHint
 0001:0004CC74       TApplication.CheckIniChange
 0001:0004C9F0       TApplication.ControlDestroyed
 0001:0004C538       TApplication.Create
 0001:0004DA90       TApplication.CreateForm
 0001:0004C840       TApplication.CreateHandle
 0001:0004C724       TApplication.Destroy
 0001:0004EE0C       TApplication.DispatchAction
 0001:0004E170       TApplication.DoActionIdle
 0001:0004E1D4       TApplication.DoMouseIdle
 0001:0004CAC0       TApplication.DoNormalizeTopMosts
 0001:0004EE9C       TApplication.ExecuteAction
 0001:0004EDD0       TApplication.GetCurrentHelpFile
 0001:0004D4C4       TApplication.GetIconHandle
 0001:0004D6CC       TApplication.GetTitle
 0001:0004DC10       TApplication.HandleException
 0001:0004D97C       TApplication.HandleMessage
 0001:0004E118       TApplication.HelpCommand
 0001:0004E0B0       TApplication.HelpContext
 0001:0004E048       TApplication.HelpKeyword
 0001:0004E760       TApplication.HideHint
 0001:0004E618       TApplication.HintMouseMessage
 0001:0004E728       TApplication.HintTimerExpired
 0001:0004D9A0       TApplication.HookMainWindow
 0001:0004EF48       TApplication.HookSynchronizeWakeup
 0001:0004E3A8       TApplication.IconChanged
 0001:0004E24C       TApplication.Idle
 0001:0004DA78       TApplication.Initialize
 0001:0004DEE0       TApplication.InvokeHelp
 0001:0004D718       TApplication.IsDlgMsg
 0001:0004D844       TApplication.IsHintMsg
 0001:0004D78C       TApplication.IsKeyMsg
 0001:0004D73C       TApplication.IsMDIMsg
 0001:0004D878       TApplication.IsShortCut
 0001:0004DCA0       TApplication.MessageBox
 0001:0004D4E0       TApplication.Minimize
 0001:0004CB9C       TApplication.ModalFinished
 0001:0004CB70       TApplication.ModalStarted
 0001:0004CBD0       TApplication.NormalizeAllTopMosts
 0001:0004CBC8       TApplication.NormalizeTopMosts
 0001:0004E36C       TApplication.NotifyForms
 0001:0004D8E4       TApplication.ProcessMessage
 0001:0004D590       TApplication.Restore
 0001:0004CBD8       TApplication.RestoreTopMosts
 0001:0004DB10       TApplication.Run
 0001:0004E40C       TApplication.SetHint
 0001:0004E120       TApplication.SetShowHint
 0001:0004CCCC       TApplication.SettingChange
 0001:0004DE08       TApplication.ShowException
 0001:0004E5AC       TApplication.StartHintTimer
 0001:0004E5F0       TApplication.StopHintTimer
 0001:0004DBFC       TApplication.Terminate
 0001:0004D9FC       TApplication.UnhookMainWindow
 0001:0004EF58       TApplication.UnhookSynchronizeWakeup
 0001:0004EEC4       TApplication.UpdateAction
 0001:0004E4FC       TApplication.UpdateVisible
 0001:0004CC5C       TApplication.UseRightToLeftAlignment
 0001:0004CC44       TApplication.UseRightToLeftReading
 0001:0004E584       TApplication.ValidateHelpSystem
 0001:0004EF38       TApplication.WakeMainThread
 0001:0004CDC0       TApplication.WndProc
 0002:00000C74       TaskActiveWindow
 0002:00000C7C       TaskFirstTopMost
 0002:00000C78       TaskFirstWindow
 0002:00000C80       TaskWindowList
 0001:0002BA68       TBaseDragControlObject.Assign
 0001:0002BA44       TBaseDragControlObject.Create
 0001:0002BA94       TBaseDragControlObject.EndDrag
 0001:0002BAC0       TBaseDragControlObject.Finished
 0001:000189B0       TBasicAction.Change
 0001:0001884C       TBasicAction.Create
 0001:00018890       TBasicAction.Destroy
 0001:0001891C       TBasicAction.Execute
 0001:000188EC       TBasicAction.ExecuteTarget
 0001:000188E8       TBasicAction.HandlesTarget
 0001:000188F0       TBasicAction.Notification
 0001:000189C4       TBasicAction.RegisterChanges
 0001:00018A10       TBasicAction.SetActionComponent
 0001:00018954       TBasicAction.SetOnExecute
 0001:000189D0       TBasicAction.UnRegisterChanges
 0001:00018938       TBasicAction.Update
 0001:00018918       TBasicAction.UpdateTarget
 0001:0001879C       TBasicActionLink.AssignClient
 0001:000187D4       TBasicActionLink.Change
 0001:00018758       TBasicActionLink.Create
 0001:000187A0       TBasicActionLink.Destroy
 0001:000187EC       TBasicActionLink.Execute
 0001:00018834       TBasicActionLink.IsOnExecuteLinked
 0001:00018808       TBasicActionLink.SetAction
 0001:00018838       TBasicActionLink.SetOnExecute
 0001:00018840       TBasicActionLink.Update
 0001:0001E574       TBitmap.Assign
 0001:0001E748       TBitmap.Changed
 0001:0001E724       TBitmap.Changing
 0001:0001E664       TBitmap.CopyImage
 0001:0001E4D0       TBitmap.Create
 0001:0001E538       TBitmap.Destroy
 0001:0001EBD4       TBitmap.DIBNeeded
 0001:0001E754       TBitmap.Dormant
 0001:0001E7C8       TBitmap.Draw
 0001:0001EC48       TBitmap.FreeContext
 0001:0001EA18       TBitmap.FreeImage
 0001:0001EA98       TBitmap.GetCanvas
 0001:0001EA7C       TBitmap.GetEmpty
 0001:0001EAE0       TBitmap.GetHandle
 0001:0001EB04       TBitmap.GetHandleType
 0001:0001EB30       TBitmap.GetHeight
 0001:0001EB40       TBitmap.GetMaskHandle
 0001:0001EB54       TBitmap.GetMonochrome
 0001:0001EB70       TBitmap.GetPalette
 0001:0001EB84       TBitmap.GetTransparentColor
 0001:0001EBCC       TBitmap.GetWidth
 0001:0001EC58       TBitmap.HandleNeeded
 0001:0001EE10       TBitmap.LoadFromClipboardFormat
 0001:0001EE94       TBitmap.LoadFromStream
 0001:0001ECF8       TBitmap.MaskHandleNeeded
 0001:0001EEB8       TBitmap.NewImage
 0001:0001ED58       TBitmap.PaletteNeeded
 0001:0001EFB8       TBitmap.ReadData
 0001:0001EFE0       TBitmap.ReadDIB
 0001:0001F548       TBitmap.ReadStream
 0001:0001FC78       TBitmap.SaveToClipboardFormat
 0001:0001FC70       TBitmap.SaveToStream
 0001:0001F5B8       TBitmap.SetHandle
 0001:0001F67C       TBitmap.SetHandleType
 0001:0001F7B4       TBitmap.SetHeight
 0001:0001F808       TBitmap.SetMonochrome
 0001:0001F888       TBitmap.SetPalette
 0001:0001F95C       TBitmap.SetWidth
 0001:0001F9B0       TBitmap.WriteData
 0001:0001F9B8       TBitmap.WriteStream
 0001:0001D834       TBitmapCanvas.Create
 0001:0001D93C       TBitmapCanvas.CreateHandle
 0001:0001D870       TBitmapCanvas.Destroy
 0001:0001D89C       TBitmapCanvas.FreeContext
 0001:0001DA4C       TBitmapImage.Destroy
 0001:0001DAA8       TBitmapImage.FreeHandle
 0001:00012980       TBits.Destroy
 0001:000129B0       TBits.Error
 0001:00012AA4       TBits.OpenBit
 0001:00012A78       TBits.SetBit
 0001:000129D4       TBits.SetSize
 0001:0001B60C       TBrush.Assign
 0001:0001B5A4       TBrush.Create
 0001:0001B5E4       TBrush.Destroy
 0001:0001B744       TBrush.GetColor
 0001:0001B6B4       TBrush.GetData
 0001:0001B780       TBrush.GetHandle
 0001:0001B860       TBrush.GetStyle
 0001:0001B720       TBrush.SetBitmap
 0001:0001B74C       TBrush.SetColor
 0001:0001B6D0       TBrush.SetData
 0001:0001B868       TBrush.SetStyle
 0001:00027F8C       TButton.Click
 0001:00028114       TButton.CMDialogChar
 0001:000280A4       TButton.CMDialogKey
 0001:00028198       TButton.CMFocusChanged
 0001:00028090       TButton.CNCommand
 0001:00028218       TButton.CNCtlColorBtn
 0001:00027F28       TButton.Create
 0001:0002803C       TButton.CreateParams
 0001:00028078       TButton.CreateWnd
 0001:00027FB4       TButton.SetButtonStyle
 0001:00028008       TButton.SetDefault
 0001:00027FB0       TButton.UseRightToLeftAlignment
 0001:000281EC       TButton.WMEraseBkgnd
 0001:00027C94       TButtonActionLink.AssignClient
 0001:00027CB8       TButtonActionLink.IsCheckedLinked
 0001:00027CF0       TButtonActionLink.SetChecked
 0001:00027DA8       TButtonControl.ActionChange
 0001:00027E78       TButtonControl.CNCtlColorStatic
 0001:00027D54       TButtonControl.Create
 0001:00027EF0       TButtonControl.CreateParams
 0001:00027DF0       TButtonControl.GetActionLinkClass
 0001:00027DF8       TButtonControl.GetChecked
 0001:00027DFC       TButtonControl.SetChecked
 0001:00027F14       TButtonControl.SetWordWrap
 0001:00027EC4       TButtonControl.WMEraseBkGnd
 0001:00027E00       TButtonControl.WndProc
 0001:0001C060       TCanvas.BrushChanged
 0001:0001BF34       TCanvas.Changed
 0001:0001BF20       TCanvas.Changing
 0001:0001B9BC       TCanvas.CopyRect
 0001:0001B89C       TCanvas.Create
 0001:0001BFA4       TCanvas.CreateBrush
 0001:0001BF48       TCanvas.CreateFont
 0001:0001BE54       TCanvas.CreateHandle
 0001:0001BF74       TCanvas.CreatePen
 0001:0001BDF8       TCanvas.DeselectHandles
 0001:0001B960       TCanvas.Destroy
 0001:0001BA44       TCanvas.Draw
 0001:0001BAF0       TCanvas.FillRect
 0001:0001C020       TCanvas.FontChanged
 0001:0001BDD8       TCanvas.GetHandle
 0001:0001BD20       TCanvas.GetPenPos
 0001:0001BD64       TCanvas.GetPixel
 0001:0001BB2C       TCanvas.LineTo
 0001:0001BB64       TCanvas.Lock
 0001:0001BB8C       TCanvas.MoveTo
 0001:0001C040       TCanvas.PenChanged
 0001:0001BEAC       TCanvas.RequiredState
 0001:0001BD14       TCanvas.SetBrush
 0001:0001BCF8       TCanvas.SetFont
 0001:0001BE58       TCanvas.SetHandle
 0001:0001BD08       TCanvas.SetPen
 0001:0001BD44       TCanvas.SetPenPos
 0001:0001BD90       TCanvas.SetPixel
 0001:0001BBB8       TCanvas.StretchDraw
 0001:0001BBF4       TCanvas.TextExtent
 0001:0001BC54       TCanvas.TextHeight
 0001:0001BC38       TCanvas.TextWidth
 0001:0001BC74       TCanvas.TryLock
 0001:0001BCD0       TCanvas.Unlock
 0001:0003C584       TChangeLink.Change
 0001:0003C550       TChangeLink.Destroy
 0001:00011A54       TClassFinder.Create
 0001:00011B80       TClassFinder.Destroy
 0001:00011BB0       TClassFinder.GetClass
 0001:00012DA4       TCollection.Add
 0001:00012DC4       TCollection.Clear
 0001:000235D0       TCommonDialog.Create
 0001:00023674       TCommonDialog.DefaultHandler
 0001:00023618       TCommonDialog.Destroy
 0001:00023818       TCommonDialog.DoClose
 0001:0002382C       TCommonDialog.DoShow
 0001:000236AC       TCommonDialog.MainWndProc
 0001:0002364C       TCommonDialog.MessageHook
 0001:00023744       TCommonDialog.TaskModalDialog
 0001:00023700       TCommonDialog.WMDestroy
 0001:00023718       TCommonDialog.WMInitDialog
 0001:00023730       TCommonDialog.WMNCDestroy
 0001:000236F8       TCommonDialog.WndProc
 0001:00018008       TComponent.BeforeDestruction
 0001:00018528       TComponent.ChangeName
 0001:00017F44       TComponent.Create
 0001:000182BC       TComponent.DefineProperties
 0001:00017F90       TComponent.Destroy
 0001:0001818C       TComponent.DestroyComponents
 0001:000181E4       TComponent.Destroying
 0001:00018664       TComponent.ExecuteAction
 0001:0001844C       TComponent.FindComponent
 0001:00018014       TComponent.FreeNotification
 0001:00018350       TComponent.GetChildOwner
 0001:00018354       TComponent.GetChildParent
 0001:00018348       TComponent.GetChildren
 0001:0001853C       TComponent.GetComponent
 0001:00018568       TComponent.GetComponentCount
 0001:00018358       TComponent.GetNamePath
 0001:0001836C       TComponent.GetOwner
 0001:00018374       TComponent.GetParentComponent
 0001:00018344       TComponent.HasParent
 0001:000180A8       TComponent.Insert
 0001:000180FC       TComponent.InsertComponent
 0001:00018754       TComponent.IntfGetComponent
 0001:00018394       TComponent.Loaded
 0001:00018260       TComponent.Notification
 0001:000183A0       TComponent.PaletteCreated
 0001:000186D4       TComponent.QueryInterface
 0001:00018068       TComponent.ReadLeft
 0001:000183A4       TComponent.ReadState
 0001:0001807C       TComponent.ReadTop
 0001:000180D4       TComponent.Remove
 0001:00018154       TComponent.RemoveComponent
 0001:00018244       TComponent.RemoveFreeNotification
[...]
  7069 0001:0004DF52  7071 0001:0004DF56  7072 0001:0004DF61  7073 0001:0004DF7D
  7076 0001:0004DF82  7077 0001:0004DF95  7079 0001:0004DFAD  7080 0001:0004DFB6
  7081 0001:0004DFC1  7084 0001:0004DFDF  7086 0001:0004DFE5  7087 0001:0004DFE8
  7088 0001:0004DFF6  7090 0001:0004E01C  7091 0001:0004E025  7092 0001:0004E040
  7095 0001:0004E048  7096 0001:0004E062  7097 0001:0004E064  7098 0001:0004E06F
  7099 0001:0004E088  7100 0001:0004E0A9  7103 0001:0004E0B0  7104 0001:0004E0CA
  7105 0001:0004E0CC  7106 0001:0004E0D7  7107 0001:0004E0F0  7108 0001:0004E111
  7112 0001:0004E118  7113 0001:0004E11D  7129 0001:0004E120  7130 0001:0004E124
  7132 0001:0004E12C  7133 0001:0004E134  7135 0001:0004E138  7136 0001:0004E14C
  7139 0001:0004E158  7140 0001:0004E163  7143 0001:0004E16B  7158 0001:0004E170
  7159 0001:0004E173  7160 0001:0004E187  7161 0001:0004E195  7163 0001:0004E1C2
  7159 0001:0004E1CD  7164 0001:0004E1D0  7170 0001:0004E1D4  7171 0001:0004E1DC
  7172 0001:0004E1E2  7173 0001:0004E1ED  7174 0001:0004E1F4  7176 0001:0004E1F9
  7178 0001:0004E20C  7179 0001:0004E21D  7180 0001:0004E220  7182 0001:0004E233
  7184 0001:0004E246  7190 0001:0004E24C  7191 0001:0004E26E  7192 0001:0004E278
  7193 0001:0004E28D  7194 0001:0004E295  7195 0001:0004E2B7  7196 0001:0004E2BB
  7197 0001:0004E2C9  7198 0001:0004E2EB  7200 0001:0004E308  7203 0001:0004E318
  7208 0001:0004E332  7209 0001:0004E336  7210 0001:0004E363  7215 0001:0004E36C
  7216 0001:0004E371  7217 0001:0004E3A1  7220 0001:0004E3A8  7221 0001:0004E3AB
  7223 0001:0004E3B5  7224 0001:0004E3CD  7227 0001:0004E3E2  7228 0001:0004E3FC
  7229 0001:0004E407  7232 0001:0004E40C  7233 0001:0004E416  7235 0001:0004E422
  7236 0001:0004E42C  7237 0001:0004E436  7240 0001:0004E446  7242 0001:0004E457
  7243 0001:0004E461  7244 0001:0004E46F  7246 0001:0004E488  7250 0001:0004E498
  7262 0001:0004E4A0  7264 0001:0004E4A6  7266 0001:0004E4CB  7267 0001:0004E4F1
  7269 0001:0004E4F7  7274 0001:0004E4FC  7275 0001:0004E506  7277 0001:0004E50F
  7279 0001:0004E523  7280 0001:0004E531  7283 0001:0004E563  7284 0001:0004E56C
  7286 0001:0004E56E  7277 0001:0004E56F  7287 0001:0004E572  7289 0001:0004E57B
  7292 0001:0004E584  7293 0001:0004E588  7294 0001:0004E58A  7295 0001:0004E590
  7297 0001:0004E59D  7298 0001:0004E5A7  7303 0001:0004E5AC  7304 0001:0004E5B5
  7305 0001:0004E5BC  7306 0001:0004E5D2  7307 0001:0004E5D8  7308 0001:0004E5E9
  7311 0001:0004E5F0  7312 0001:0004E5F3  7314 0001:0004E5FF  7315 0001:0004E60A
  7317 0001:0004E613  7325 0001:0004E618  7326 0001:0004E625  7327 0001:0004E652
  7328 0001:0004E65F  7331 0001:0004E66B  7334 0001:0004E6A0  7335 0001:0004E6A7
  7336 0001:0004E6AE  7337 0001:0004E6B9  7338 0001:0004E6BF  7340 0001:0004E6D4
  7342 0001:0004E6E1  7343 0001:0004E6E8  7344 0001:0004E6EB  7345 0001:0004E6F5
  7349 0001:0004E702  7350 0001:0004E709  7351 0001:0004E710  7352 0001:0004E713
  7356 0001:0004E71F  7361 0001:0004E728  7362 0001:0004E72E  7363 0001:0004E735
  7365 0001:0004E741  7368 0001:0004E74A  7369 0001:0004E750  7372 0001:0004E759
  7375 0001:0004E760  7376 0001:0004E764  7378 0001:0004E78E  7379 0001:0004E7A1
  7382 0001:0004E7A4  7383 0001:0004E7A7  7385 0001:0004E7AD  7386 0001:0004E7B4
  7387 0001:0004E7B9  7388 0001:0004E7BD  7389 0001:0004E7C2  7391 0001:0004E7C9
  7414 0001:0004E7CC  7415 0001:0004E7CD  7416 0001:0004E7CF  7417 0001:0004E7D1
  7418 0001:0004E7D3  7419 0001:0004E7D4  7420 0001:0004E7D6  7421 0001:0004E7D8
  7422 0001:0004E7DA  7424 0001:0004E7DC  7426 0001:0004E7E5  7427 0001:0004E7F3
  7428 0001:0004E80A  7429 0001:0004E818  7430 0001:0004E826  7431 0001:0004E834
  7432 0001:0004E842  7433 0001:0004E848  7439 0001:0004E866  7440 0001:0004E885
  7441 0001:0004E88B  7444 0001:0004E890  7447 0001:0004E8A1  7448 0001:0004E8B3
  7450 0001:0004E8C3  7452 0001:0004E8CD  7455 0001:0004E8E0  7458 0001:0004E903
  7459 0001:0004E910  7461 0001:0004E928  7464 0001:0004E930  7465 0001:0004E937
  7466 0001:0004E941  7468 0001:0004E95F  7469 0001:0004E970  7471 0001:0004E989
  7478 0001:0004E990  7479 0001:0004E9AB  7480 0001:0004E9B0  7481 0001:0004E9B2
  7484 0001:0004E9B8  7486 0001:0004E9BC  7485 0001:0004E9C5  7487 0001:0004E9D3
  7488 0001:0004E9E1  7489 0001:0004E9FB  7490 0001:0004EA00  7491 0001:0004EA03
  7492 0001:0004EA09  7482 0001:0004EA0F  7494 0001:0004EA34  7496 0001:0004EA3C
  7497 0001:0004EA7F  7498 0001:0004EA85  7501 0001:0004EAC7  7502 0001:0004EACF
  7503 0001:0004EADB  7504 0001:0004EAE3  7505 0001:0004EAF0  7506 0001:0004EAF8
  7507 0001:0004EB0F  7508 0001:0004EB1C  7509 0001:0004EB21  7510 0001:0004EB26
  7511 0001:0004EB32  7512 0001:0004EB3E  7514 0001:0004EB5D  7515 0001:0004EB6D
  7517 0001:0004EB84  7518 0001:0004EBA9  7519 0001:0004EBD8  7520 0001:0004EBDD
  7521 0001:0004EBE5  7522 0001:0004EBED  7523 0001:0004EBF2  7524 0001:0004EC0D
  7525 0001:0004EC1F  7526 0001:0004EC37  7527 0001:0004EC50  7529 0001:0004EC66
  7531 0001:0004EC70  7533 0001:0004EC85  7535 0001:0004ECA3  7536 0001:0004ECB4
  7539 0001:0004ECC9  7540 0001:0004ECD6  7541 0001:0004ECD9  7547 0001:0004ECDC
  7548 0001:0004ED03  7551 0001:0004ED2A  7552 0001:0004ED3A  7553 0001:0004ED54
  7554 0001:0004ED59  7555 0001:0004ED60  7556 0001:0004ED6D  7557 0001:0004ED79
  7560 0001:0004ED7B  7561 0001:0004ED82  7562 0001:0004ED8F  7563 0001:0004EDC9
  7568 0001:0004EDD0  7569 0001:0004EDD7  7570 0001:0004EDDF  7571 0001:0004EDEC
  7573 0001:0004EDFB  7574 0001:0004EE05  7594 0001:0004EE0C  7595 0001:0004EE1A
  7596 0001:0004EE22  7600 0001:0004EE5D  7602 0001:0004EE81  7603 0001:0004EE94
  7606 0001:0004EE9C  7607 0001:0004EE9E  7608 0001:0004EEA2  7609 0001:0004EEBF
  7612 0001:0004EEC4  7613 0001:0004EEC6  7614 0001:0004EECA  7615 0001:0004EEE7
  7622 0001:0004EEEC  7623 0001:0004EEED  7624 0001:0004EEF9  7625 0001:0004EEFD
  7626 0001:0004EF0D  7630 0001:0004EF38  7631 0001:0004EF47  7635 0001:0004EF48
  7636 0001:0004EF57  7640 0001:0004EF58  7641 0001:0004EF64  7649 0001:0004EF78
  7650 0001:0004EF9F  7651 0001:0004EFB3  7653 0001:0004EFD2  7643 0001:0004EFD4
  7644 0001:0004EFE7  7645 0001:0004EFEC  7646 0001:0004EFFB  7648 0001:0004F005

Line numbers for DCPconst(DCPconst.pas) segment .text

    72 0001:0004F048    72 0001:0004F04F

Line numbers for DCPbase64(DCPbase64.pas) segment .text

    56 0001:0004F050    57 0001:0004F058    58 0001:0004F05C    59 0001:0004F060
    61 0001:0004F06F    62 0001:0004F081    63 0001:0004F0A7    64 0001:0004F0CE
    65 0001:0004F0E5    59 0001:0004F0EB    67 0001:0004F0EE    69 0001:0004F104
    70 0001:0004F116    71 0001:0004F12D    72 0001:0004F132    75 0001:0004F139
    76 0001:0004F14B    77 0001:0004F16D    78 0001:0004F185    81 0001:0004F18A
    82 0001:0004F19B    85 0001:0004F1A4    86 0001:0004F1AA    87 0001:0004F1C8
    88 0001:0004F1E6    95 0001:0004F1EC    96 0001:0004F1F5    97 0001:0004F1FB
    98 0001:0004F1FF    99 0001:0004F201   101 0001:0004F21A   103 0001:0004F223
   104 0001:0004F253   105 0001:0004F25D   106 0001:0004F26A   107 0001:0004F277
   108 0001:0004F27C   109 0001:0004F281   111 0001:0004F284   112 0001:0004F285
   101 0001:0004F286   113 0001:0004F289   114 0001:0004F2A2   115 0001:0004F2A5
   117 0001:0004F2B5   118 0001:0004F2CF   119 0001:0004F2D2   121 0001:0004F2D5
   123 0001:0004F2DA   124 0001:0004F2F4   125 0001:0004F307   126 0001:0004F30A
   128 0001:0004F30D    99 0001:0004F30E   130 0001:0004F318   133 0001:0004F320
   134 0001:0004F326   135 0001:0004F341   136 0001:0004F368   139 0001:0004F39C
   139 0001:0004F3A3

Line numbers for DCPcrypt2(DCPcrypt2.pas) segment .text

   319 0001:0004F768   322 0001:0004F76C   323 0001:0004F792   327 0001:0004F794
   328 0001:0004F797   331 0001:0004F798   332 0001:0004F79B   333 0001:0004F7A2
   337 0001:0004F7A4   338 0001:0004F7A7   342 0001:0004F7A8   343 0001:0004F7AA
   346 0001:0004F7AC   347 0001:0004F7B5   348 0001:0004F7BB   349 0001:0004F7C2
   350 0001:0004F7D7   352 0001:0004F7EF   353 0001:0004F7F3   382 0001:0004F818
   383 0001:0004F81C   387 0001:0004F820   390 0001:0004F824   391 0001:0004F827
   394 0001:0004F82C   395 0001:0004F82F   442 0001:0004F834   443 0001:0004F850
   444 0001:0004F860   445 0001:0004F881   446 0001:0004F8B2   449 0001:0004F8B8
   450 0001:0004F8C1   451 0001:0004F8CA   452 0001:0004F8EB   455 0001:0004F8F0
   456 0001:0004F902   457 0001:0004F90B   458 0001:0004F929   461 0001:0004F92C
   462 0001:0004F937   463 0001:0004F93D   464 0001:0004F944   465 0001:0004F95B
   472 0001:0004F960   476 0001:0004F964   477 0001:0004F967   481 0001:0004F968
   485 0001:0004F96C   488 0001:0004F970   489 0001:0004F97A   490 0001:0004F99F
   491 0001:0004F9AE   492 0001:0004F9BD   493 0001:0004F9CF   494 0001:0004F9E1
   496 0001:0004F9F1   499 0001:0004F9F8   500 0001:0004FA14   501 0001:0004FA24
   502 0001:0004FA45   503 0001:0004FA76   506 0001:0004FA7C   507 0001:0004FA85
   508 0001:0004FA8E   509 0001:0004FAB2   512 0001:0004FAB8   513 0001:0004FAC2
   514 0001:0004FAE7   515 0001:0004FAF6   516 0001:0004FB08   517 0001:0004FB1A
   518 0001:0004FB2C   520 0001:0004FB3C   524 0001:0004FB44   528 0001:0004FB48
   531 0001:0004FB4C   532 0001:0004FB4F   535 0001:0004FB54   536 0001:0004FB57
   539 0001:0004FB5C   540 0001:0004FB5F   543 0001:0004FB64   544 0001:0004FB67
   547 0001:0004FB6C   548 0001:0004FB6F   551 0001:0004FB74   552 0001:0004FB77
   555 0001:0004FB7C   556 0001:0004FB7F   559 0001:0004FB84   560 0001:0004FB87
   563 0001:0004FB8C   564 0001:0004FB8F   567 0001:0004FB94   568 0001:0004FB97
   571 0001:0004FB9C   572 0001:0004FBAE   573 0001:0004FBB7   574 0001:0004FBD2
   581 0001:0004FBD8   582 0001:0004FBDB   583 0001:0004FBE6   582 0001:0004FBF5
   584 0001:0004FBF8   586 0001:0004FC2C   586 0001:0004FC33

Line numbers for DCPblockciphers(DCPblockciphers.pas) segment .text

   130 0001:0004FD64   131 0001:0004FD67   134 0001:0004FD6E   135 0001:0004FD72
   132 0001:0004FD73   137 0001:0004FD7E   141 0001:0004FD80   142 0001:0004FD85
   145 0001:0004FD88   146 0001:0004FD99   147 0001:0004FDA6   148 0001:0004FDB2
   150 0001:0004FDB6   151 0001:0004FDC5   152 0001:0004FDD2   156 0001:0004FDDB
   157 0001:0004FDEA   159 0001:0004FDF1   162 0001:0004FDFC   163 0001:0004FDFF
   164 0001:0004FE05   165 0001:0004FE1B   166 0001:0004FE2A   167 0001:0004FE31
   171 0001:0004FE54   172 0001:0004FE5A   173 0001:0004FE70   174 0001:0004FE7D
   178 0001:0004FEA0   179 0001:0004FEA6   181 0001:0004FEBD   182 0001:0004FECD
   185 0001:0004FEF0   186 0001:0004FEF3   187 0001:0004FF05   188 0001:0004FF17
   189 0001:0004FF1E   195 0001:0004FF20   196 0001:0004FF2C   197 0001:0004FF35
   198 0001:0004FF4B   199 0001:0004FF4E   200 0001:0004FF50   202 0001:0004FF5D
   203 0001:0004FF6E   204 0001:0004FF80   205 0001:0004FF8C   206 0001:0004FF9E
   207 0001:0004FFA7   200 0001:0004FFAA   209 0001:0004FFAF   211 0001:0004FFB9
   212 0001:0004FFCD   213 0001:0004FFDB   215 0001:0004FFEA   222 0001:00050014
   223 0001:00050023   224 0001:0005002C   225 0001:00050042   226 0001:00050044
   227 0001:00050047   229 0001:00050054   230 0001:00050064   231 0001:00050073
   232 0001:0005007F   233 0001:00050091   234 0001:000500A4   235 0001:000500A7
   227 0001:000500AA   237 0001:000500AF   239 0001:000500B9   240 0001:000500CD
   241 0001:000500DE   243 0001:000500F1   250 0001:0005011C   251 0001:0005012A
   252 0001:00050130   253 0001:00050146   254 0001:00050149   255 0001:0005014C
   257 0001:00050156   258 0001:00050163   259 0001:0005016D   260 0001:0005017D
   261 0001:00050182   262 0001:00050185   255 0001:00050186   264 0001:0005018B
   272 0001:000501B4   273 0001:000501C2   274 0001:000501C8   275 0001:000501DE
   276 0001:000501E0   277 0001:000501E6   279 0001:000501F0   280 0001:000501F5
   281 0001:00050202   282 0001:0005020C   283 0001:0005021C   284 0001:00050222
   285 0001:00050223   277 0001:00050226   287 0001:0005022B   293 0001:00050254
   294 0001:00050262   295 0001:00050268   296 0001:0005027E   297 0001:00050281
   298 0001:00050284   300 0001:00050291   301 0001:0005029E   302 0001:000502AF
   303 0001:000502BE   304 0001:000502CD   305 0001:000502D6   298 0001:000502D9
   307 0001:000502DE   309 0001:000502E8   310 0001:000502F5   311 0001:00050307
   313 0001:00050317   320 0001:00050340   321 0001:0005034E   322 0001:00050354
   323 0001:0005036A   324 0001:0005036D   325 0001:00050370   327 0001:0005037D
   328 0001:0005038D   329 0001:0005039A   330 0001:000503AB   331 0001:000503BA
   332 0001:000503CA   333 0001:000503D3   325 0001:000503D6   335 0001:000503DB
   337 0001:000503E5   338 0001:000503F2   339 0001:00050404   341 0001:00050414
   347 0001:00050440   348 0001:0005044E   349 0001:00050454   350 0001:0005046A
   351 0001:0005046D   352 0001:00050470   354 0001:0005047D   355 0001:0005048A
   356 0001:0005049B   357 0001:000504AA   358 0001:000504B3   352 0001:000504B6
   360 0001:000504BB   362 0001:000504C5   363 0001:000504D2   364 0001:000504E4
   366 0001:000504F4   372 0001:00050520   373 0001:0005052E   374 0001:00050534
   375 0001:0005054A   376 0001:0005054D   377 0001:00050550   379 0001:0005055D
   380 0001:0005056A   381 0001:0005057B   382 0001:0005058A   383 0001:00050593
   377 0001:00050596   385 0001:0005059B   387 0001:000505A5   388 0001:000505B2
   389 0001:000505C4   391 0001:000505D4   398 0001:00050600   399 0001:0005060F
   400 0001:00050618   401 0001:0005062E   402 0001:00050630   403 0001:00050633
   405 0001:00050640   406 0001:00050651   407 0001:00050659   408 0001:00050669
   409 0001:00050678   410 0001:0005067B   403 0001:0005067E   412 0001:00050683
   414 0001:0005068D   415 0001:0005069E   416 0001:000506A6   417 0001:000506B7
   419 0001:000506C7   426 0001:000506F0   427 0001:000506FF   428 0001:00050708
   429 0001:0005071E   430 0001:00050720   431 0001:00050723   433 0001:00050730
   434 0001:00050741   435 0001:00050749   436 0001:00050759   437 0001:00050768
   438 0001:0005076B   431 0001:0005076E   440 0001:00050773   442 0001:0005077D
   443 0001:0005078E   444 0001:00050796   445 0001:000507A7   447 0001:000507B7
   774 0001:00050810   774 0001:00050817

Line numbers for DCPdes(DCPdes.pas) segment .text

    85 0001:00050A50    86 0001:00050A57    87 0001:00050A69    88 0001:00050A7C
    91 0001:00050A84    92 0001:00050A8F    93 0001:00050A9C    94 0001:00050AA0
    95 0001:00050AA8   100 0001:00050AB0   101 0001:00050ABE   102 0001:00050AE4
   103 0001:00050B0A   104 0001:00050B22   105 0001:00050B39   106 0001:00050B50
   107 0001:00050B68   108 0001:00050B80   109 0001:00050B98   111 0001:00050BD2
   112 0001:00050BDA   114 0001:00050BE1   116 0001:00050BE6   117 0001:00050BFA
   121 0001:00050C10   122 0001:00050C23   124 0001:00050C36   125 0001:00050C3E
   126 0001:00050C46   130 0001:00050CB7   134 0001:00050D14   135 0001:00050D27
   136 0001:00050D3B   137 0001:00050D4E   138 0001:00050D63   112 0001:00050D65
   139 0001:00050D6E   145 0001:00050D78   146 0001:00050D89   147 0001:00050D90
   148 0001:00050D95   149 0001:00050DA2   150 0001:00050DA5   151 0001:00050DAA
   152 0001:00050DB7   153 0001:00050DB9   154 0001:00050DBF   155 0001:00050DCC
   156 0001:00050DCF   157 0001:00050DD4   158 0001:00050DE1   159 0001:00050DE3
   160 0001:00050DE9   161 0001:00050DF5   162 0001:00050DF8   163 0001:00050DFC
   164 0001:00050E0D   165 0001:00050E19   166 0001:00050E1E   168 0001:00050E28
   169 0001:00050E34   170 0001:00050E41   171 0001:00050E4D   179 0001:00050EBD
   180 0001:00050EC9   181 0001:00050ED5   182 0001:00050EE1   190 0001:00050F57
   191 0001:00050F64   192 0001:00050F71   193 0001:00050F7D   201 0001:00050FED
   202 0001:00050FF9   203 0001:00051005   204 0001:00051011   212 0001:00051087
   166 0001:0005108B   214 0001:00051095   215 0001:000510A6   216 0001:000510B2
   217 0001:000510BE   218 0001:000510C0   219 0001:000510C5   220 0001:000510D2
   221 0001:000510D5   222 0001:000510DA   223 0001:000510E7   224 0001:000510E9
   225 0001:000510EF   226 0001:000510FC   227 0001:000510FF   228 0001:00051104
   229 0001:00051111   230 0001:00051113   231 0001:00051119   232 0001:0005111E
   233 0001:00051129   239 0001:00051134   240 0001:00051145   241 0001:0005114C
   242 0001:00051151   243 0001:0005115E   244 0001:00051161   245 0001:00051166
   246 0001:00051173   247 0001:00051175   248 0001:0005117B   249 0001:00051188
   250 0001:0005118B   251 0001:00051190   252 0001:0005119D   253 0001:0005119F
   254 0001:000511A5   255 0001:000511B1   256 0001:000511B4   257 0001:000511B8
   258 0001:000511C9   259 0001:000511D5   260 0001:000511DC   262 0001:000511E6
   263 0001:000511F2   264 0001:000511FF   265 0001:0005120B   273 0001:0005127B
   274 0001:00051287   275 0001:00051293   276 0001:0005129F   284 0001:00051315
   285 0001:00051322   286 0001:0005132F   287 0001:0005133B   295 0001:000513AB
   296 0001:000513B7   297 0001:000513C3   298 0001:000513CF   306 0001:00051445
   260 0001:00051449   308 0001:00051453   309 0001:00051464   310 0001:00051470
   311 0001:0005147C   312 0001:0005147E   313 0001:00051483   314 0001:00051490
   315 0001:00051493   316 0001:00051498   317 0001:000514A5   318 0001:000514A7
   319 0001:000514AD   320 0001:000514BA   321 0001:000514BD   322 0001:000514C2
   323 0001:000514CF   324 0001:000514D1   325 0001:000514D7   326 0001:000514DC
   327 0001:000514E7   410 0001:000514F0   411 0001:000514F5   415 0001:000514F8
   416 0001:000514FD   419 0001:00051500   420 0001:00051503   421 0001:0005150F
   435 0001:00051524   436 0001:0005152A   437 0001:0005153A   438 0001:0005154D
   439 0001:0005155B   440 0001:0005156E   441 0001:00051579   442 0001:0005159A
   443 0001:000515A3   448 0001:000515AC   449 0001:000515B8   450 0001:000515C6
   451 0001:000515D4   452 0001:000515E0   453 0001:000515F1   454 0001:000515F9
   456 0001:0005160C   457 0001:0005161F   460 0001:00051628   461 0001:0005162B
   462 0001:0005163A   463 0001:00051641   466 0001:00051644   467 0001:0005164A
   468 0001:00051650   469 0001:00051666   470 0001:00051673   471 0001:00051685
   472 0001:00051697   475 0001:000516BC   476 0001:000516C2   477 0001:000516C8
   478 0001:000516DE   479 0001:000516EE   480 0001:00051700   481 0001:0005170F
   484 0001:00051764   484 0001:0005176B

Line numbers for DCPmd5(DCPmd5.pas) segment .text

   250 0001:0005179C   250 0001:000517A3

Line numbers for DCPsha1(DCPsha1.pas) segment .text

   274 0001:000517D4   274 0001:000517DB

Line numbers for Unit1(Unit1.pas) segment .text

    38 0001:000519E8    39 0001:00051A0F    40 0001:00051A17    41 0001:00051A2A
    40 0001:00051A4B    42 0001:00051A4E    43 0001:00051A7A    48 0001:00051A84
    49 0001:00051AAA    50 0001:00051AAC    51 0001:00051AC2    53 0001:00051AD2
    54 0001:00051AD9    55 0001:00051AE4    56 0001:00051AF8    57 0001:00051B04
    59 0001:00051B13    61 0001:00051B29    51 0001:00051B2A    62 0001:00051B52
    67 0001:00051B70    68 0001:00051B97    69 0001:00051B9F    71 0001:00051BB2
    73 0001:00051BB7    75 0001:00051BE8    69 0001:00051BE9    76 0001:00051BEC
    77 0001:00051C18    91 0001:00051C20    96 0001:00051C42    99 0001:00051C5B
   103 0001:00051C6A   104 0001:00051CA9   105 0001:00051CB9   107 0001:00051CC6
   109 0001:00051CCB   112 0001:00051CEE   107 0001:00051CEF   117 0001:00051CF4
   118 0001:00051D04   121 0001:00051D1D   124 0001:00051D3C   129 0001:00051D60
   130 0001:00051D67   133 0001:00051D6E   134 0001:00051DF9   136 0001:00051E6C
   136 0001:00051E73

Line numbers for Project1(D:\Tulio\projeto\Project1.dpr) segment .text

     9 0001:000520B4    10 0001:000520C4    11 0001:000520D0    12 0001:000520E8
    13 0001:000520F4

Bound resource files

c:\program files (x86)\borland\delphi7\\Lib\Buttons.res
c:\program files (x86)\borland\delphi7\\Lib\ExtDlgs.res
c:\program files (x86)\borland\delphi7\\Lib\Controls.res
Unit1.dfm
Project1.res
Project1.drf


Program entry point at 0001:000520B4
